Java HotSpot(TM) 64-Bit Server VM (25.211-b12) for bsd-amd64 JRE (1.8.0_211-b12), built on Apr  1 2019 20:53:18 by "java_re" with gcc 4.2.1 (Based on Apple Inc. build 5658) (LLVM build 2336.11.00)
Memory: 4k page, physical 16777216k(288596k free)

/proc/meminfo:

CommandLine flags: -XX:+HeapDumpOnOutOfMemoryError -XX:HeapDumpPath=/Users/westboy/IdeaProjects/personal/java-learning/shishan-jvm-gc-log/ -XX:InitialHeapSize=1048576 -XX:MaxHeapSize=1048576 -XX:MaxNewSize=0 -XX:MaxTenuringThreshold=6 -XX:OldPLABSize=16 -XX:+PrintGC -XX:+PrintGCDetails -XX:+PrintGCTimeStamps -XX:+UseCompressedClassPointers -XX:+UseCompressedOops -XX:+UseConcMarkSweepGC -XX:+UseParNewGC 
0.125: [GC (Allocation Failure) 0.125: [ParNew (promotion failed): 1024K->1152K(1152K), 0.0032720 secs]0.128: [CMS: 250K->358K(768K), 0.0024238 secs] 1024K->358K(1920K), [Metaspace: 2585K->2585K(1056768K)], 0.0058351 secs] [Times: user=0.01 sys=0.01, real=0.01 secs] 
0.170: [GC (Allocation Failure) 0.170: [ParNew: 1024K->128K(1152K), 0.0014563 secs] 1382K->495K(1920K), 0.0015311 secs] [Times: user=0.00 sys=0.00, real=0.00 secs] 
0.192: [GC (Allocation Failure) 0.192: [ParNew (promotion failed): 1152K->1152K(1152K), 0.0027436 secs]0.195: [CMS: 487K->576K(768K), 0.0029794 secs] 1519K->576K(1920K), [Metaspace: 3116K->3116K(1056768K)], 0.0058310 secs] [Times: user=0.02 sys=0.00, real=0.01 secs] 
0.198: [GC (CMS Initial Mark) [1 CMS-initial-mark: 576K(768K)] 576K(1920K), 0.0002154 secs] [Times: user=0.00 sys=0.00, real=0.00 secs] 
0.198: [CMS-concurrent-mark-start]
0.200: [CMS-concurrent-mark: 0.002/0.002 secs] [Times: user=0.01 sys=0.00, real=0.00 secs] 
0.200: [CMS-concurrent-preclean-start]
0.200: [CMS-concurrent-preclean: 0.000/0.000 secs] [Times: user=0.00 sys=0.00, real=0.00 secs] 
0.200: [GC (CMS Final Remark) [YG occupancy: 192 K (1152 K)]0.201: [Rescan (parallel) , 0.0009665 secs]0.201: [weak refs processing, 0.0000250 secs]0.202: [class unloading, 0.0003625 secs]0.202: [scrub symbol table, 0.0003343 secs]0.202: [scrub string table, 0.0001968 secs][1 CMS-remark: 576K(768K)] 768K(1920K), 0.0020022 secs] [Times: user=0.00 sys=0.00, real=0.00 secs] 
0.203: [CMS-concurrent-sweep-start]
0.203: [CMS-concurrent-sweep: 0.000/0.000 secs] [Times: user=0.00 sys=0.00, real=0.00 secs] 
0.203: [CMS-concurrent-reset-start]
0.203: [CMS-concurrent-reset: 0.000/0.000 secs] [Times: user=0.00 sys=0.00, real=0.00 secs] 
0.214: [GC (Allocation Failure) 0.214: [ParNew: 1024K->1024K(1152K), 0.0000264 secs]0.214: [CMS: 576K->693K(768K), 0.0039973 secs] 1600K->693K(1920K), [Metaspace: 3116K->3116K(1056768K)], 0.0041334 secs] [Times: user=0.00 sys=0.00, real=0.01 secs] 
0.218: [GC (CMS Initial Mark) [1 CMS-initial-mark: 693K(768K)] 713K(1920K), 0.0002919 secs] [Times: user=0.00 sys=0.00, real=0.00 secs] 
0.218: [CMS-concurrent-mark-start]
0.220: [CMS-concurrent-mark: 0.002/0.002 secs] [Times: user=0.01 sys=0.01, real=0.00 secs] 
0.220: [CMS-concurrent-preclean-start]
0.220: [CMS-concurrent-preclean: 0.000/0.000 secs] [Times: user=0.00 sys=0.00, real=0.00 secs] 
0.220: [GC (CMS Final Remark) [YG occupancy: 136 K (1152 K)]0.220: [Rescan (parallel) , 0.0008421 secs]0.221: [weak refs processing, 0.0000166 secs]0.221: [class unloading, 0.0003830 secs]0.222: [scrub symbol table, 0.0004505 secs]0.222: [scrub string table, 0.0002127 secs][1 CMS-remark: 693K(768K)] 830K(1920K), 0.0020068 secs] [Times: user=0.01 sys=0.00, real=0.00 secs] 
0.222: [CMS-concurrent-sweep-start]
0.223: [CMS-concurrent-sweep: 0.000/0.000 secs] [Times: user=0.00 sys=0.00, real=0.00 secs] 
0.223: [CMS-concurrent-reset-start]
0.223: [CMS-concurrent-reset: 0.000/0.000 secs] [Times: user=0.00 sys=0.00, real=0.00 secs] 
0.236: [GC (Allocation Failure) 0.236: [ParNew: 1024K->1024K(1152K), 0.0000175 secs]0.236: [CMS: 693K->767K(768K), 0.0038408 secs] 1717K->782K(1920K), [Metaspace: 3116K->3116K(1056768K)], 0.0039407 secs] [Times: user=0.00 sys=0.00, real=0.01 secs] 
0.240: [GC (CMS Initial Mark) [1 CMS-initial-mark: 767K(768K)] 802K(1920K), 0.0001891 secs] [Times: user=0.00 sys=0.00, real=0.00 secs] 
0.240: [CMS-concurrent-mark-start]
0.242: [CMS-concurrent-mark: 0.002/0.002 secs] [Times: user=0.01 sys=0.00, real=0.00 secs] 
0.242: [CMS-concurrent-preclean-start]
0.243: [CMS-concurrent-preclean: 0.001/0.001 secs] [Times: user=0.00 sys=0.00, real=0.00 secs] 
0.243: [GC (CMS Final Remark) [YG occupancy: 335 K (1152 K)]0.243: [Rescan (parallel) , 0.0009114 secs]0.244: [weak refs processing, 0.0000101 secs]0.244: [class unloading, 0.0002660 secs]0.244: [scrub symbol table, 0.0003049 secs]0.244: [scrub string table, 0.0001654 secs][1 CMS-remark: 767K(768K)] 1103K(1920K), 0.0017320 secs] [Times: user=0.01 sys=0.00, real=0.00 secs] 
0.245: [CMS-concurrent-sweep-start]
0.245: [CMS-concurrent-sweep: 0.000/0.000 secs] [Times: user=0.00 sys=0.00, real=0.00 secs] 
0.245: [CMS-concurrent-reset-start]
0.245: [CMS-concurrent-reset: 0.000/0.000 secs] [Times: user=0.00 sys=0.00, real=0.00 secs] 
0.258: [GC (Allocation Failure) 0.258: [ParNew: 1152K->1152K(1152K), 0.0000272 secs]0.258: [CMS: 767K->726K(768K), 0.0054888 secs] 1919K->868K(1920K), [Metaspace: 3116K->3116K(1056768K)], 0.0056117 secs] [Times: user=0.01 sys=0.00, real=0.00 secs] 
0.263: [GC (CMS Initial Mark) [1 CMS-initial-mark: 726K(768K)] 888K(1920K), 0.0005756 secs] [Times: user=0.00 sys=0.00, real=0.00 secs] 
0.264: [CMS-concurrent-mark-start]
0.266: [CMS-concurrent-mark: 0.002/0.002 secs] [Times: user=0.01 sys=0.00, real=0.00 secs] 
0.266: [CMS-concurrent-preclean-start]
0.267: [CMS-concurrent-preclean: 0.001/0.001 secs] [Times: user=0.00 sys=0.00, real=0.01 secs] 
0.268: [GC (CMS Final Remark) [YG occupancy: 363 K (1152 K)]0.268: [Rescan (parallel) , 0.0011616 secs]0.269: [weak refs processing, 0.0000129 secs]0.269: [class unloading, 0.0002765 secs]0.269: [scrub symbol table, 0.0004840 secs]0.270: [scrub string table, 0.0001894 secs][1 CMS-remark: 726K(768K)] 1089K(1920K), 0.0022540 secs] [Times: user=0.01 sys=0.00, real=0.00 secs] 
0.270: [CMS-concurrent-sweep-start]
0.270: [CMS-concurrent-sweep: 0.001/0.001 secs] [Times: user=0.00 sys=0.00, real=0.00 secs] 
0.270: [CMS-concurrent-reset-start]
0.270: [CMS-concurrent-reset: 0.000/0.000 secs] [Times: user=0.00 sys=0.00, real=0.00 secs] 
0.281: [GC (Allocation Failure) 0.281: [ParNew: 1152K->1152K(1152K), 0.0000199 secs]0.281: [CMS: 726K->767K(768K), 0.0041703 secs] 1878K->978K(1920K), [Metaspace: 3116K->3116K(1056768K)], 0.0042774 secs] [Times: user=0.01 sys=0.00, real=0.00 secs] 
0.285: [GC (CMS Initial Mark) [1 CMS-initial-mark: 767K(768K)] 998K(1920K), 0.0005581 secs] [Times: user=0.00 sys=0.00, real=0.00 secs] 
0.286: [CMS-concurrent-mark-start]
0.287: [CMS-concurrent-mark: 0.002/0.002 secs] [Times: user=0.00 sys=0.00, real=0.01 secs] 
0.288: [CMS-concurrent-preclean-start]
0.288: [CMS-concurrent-preclean: 0.001/0.001 secs] [Times: user=0.00 sys=0.00, real=0.00 secs] 
0.289: [GC (CMS Final Remark) [YG occupancy: 412 K (1152 K)]0.289: [Rescan (parallel) , 0.0010524 secs]0.290: [weak refs processing, 0.0000118 secs]0.290: [class unloading, 0.0002881 secs]0.290: [scrub symbol table, 0.0003414 secs]0.290: [scrub string table, 0.0001832 secs][1 CMS-remark: 767K(768K)] 1180K(1920K), 0.0019738 secs] [Times: user=0.01 sys=0.00, real=0.00 secs] 
0.291: [CMS-concurrent-sweep-start]
0.291: [CMS-concurrent-sweep: 0.001/0.001 secs] [Times: user=0.00 sys=0.00, real=0.00 secs] 
0.291: [CMS-concurrent-reset-start]
0.291: [CMS-concurrent-reset: 0.000/0.000 secs] [Times: user=0.00 sys=0.00, real=0.00 secs] 
0.301: [GC (Allocation Failure) 0.301: [ParNew: 1152K->1152K(1152K), 0.0000195 secs]0.301: [CMS: 767K->767K(768K), 0.0036423 secs] 1919K->1037K(1920K), [Metaspace: 3116K->3116K(1056768K)], 0.0037402 secs] [Times: user=0.00 sys=0.00, real=0.00 secs] 
0.304: [GC (CMS Initial Mark) [1 CMS-initial-mark: 767K(768K)] 1057K(1920K), 0.0005562 secs] [Times: user=0.00 sys=0.00, real=0.00 secs] 
0.305: [CMS-concurrent-mark-start]
0.307: [CMS-concurrent-mark: 0.002/0.002 secs] [Times: user=0.01 sys=0.00, real=0.01 secs] 
0.307: [CMS-concurrent-preclean-start]
0.308: [CMS-concurrent-preclean: 0.001/0.001 secs] [Times: user=0.00 sys=0.00, real=0.00 secs] 
0.308: [GC (CMS Final Remark) [YG occupancy: 486 K (1152 K)]0.308: [Rescan (parallel) , 0.0012081 secs]0.309: [weak refs processing, 0.0000159 secs]0.309: [class unloading, 0.0003175 secs]0.309: [scrub symbol table, 0.0004077 secs]0.310: [scrub string table, 0.0002025 secs][1 CMS-remark: 767K(768K)] 1254K(1920K), 0.0023115 secs] [Times: user=0.01 sys=0.00, real=0.00 secs] 
0.310: [CMS-concurrent-sweep-start]
0.311: [CMS-concurrent-sweep: 0.000/0.000 secs] [Times: user=0.00 sys=0.00, real=0.00 secs] 
0.311: [CMS-concurrent-reset-start]
0.311: [CMS-concurrent-reset: 0.000/0.000 secs] [Times: user=0.00 sys=0.00, real=0.00 secs] 
0.319: [GC (Allocation Failure) 0.319: [ParNew: 1152K->1152K(1152K), 0.0000188 secs]0.319: [CMS: 767K->767K(768K), 0.0034843 secs] 1919K->1092K(1920K), [Metaspace: 3116K->3116K(1056768K)], 0.0035829 secs] [Times: user=0.01 sys=0.00, real=0.00 secs] 
0.323: [GC (CMS Initial Mark) [1 CMS-initial-mark: 767K(768K)] 1111K(1920K), 0.0006714 secs] [Times: user=0.00 sys=0.00, real=0.00 secs] 
0.323: [CMS-concurrent-mark-start]
0.325: [CMS-concurrent-mark: 0.002/0.002 secs] [Times: user=0.00 sys=0.00, real=0.00 secs] 
0.325: [CMS-concurrent-preclean-start]
0.326: [CMS-concurrent-preclean: 0.001/0.001 secs] [Times: user=0.01 sys=0.00, real=0.00 secs] 
0.326: [GC (CMS Final Remark) [YG occupancy: 514 K (1152 K)]0.326: [Rescan (parallel) , 0.0009422 secs]0.327: [weak refs processing, 0.0000117 secs]0.327: [class unloading, 0.0002547 secs]0.327: [scrub symbol table, 0.0004560 secs]0.328: [scrub string table, 0.0002340 secs][1 CMS-remark: 767K(768K)] 1282K(1920K), 0.0020015 secs] [Times: user=0.00 sys=0.00, real=0.01 secs] 
0.328: [CMS-concurrent-sweep-start]
0.329: [CMS-concurrent-sweep: 0.001/0.001 secs] [Times: user=0.00 sys=0.00, real=0.00 secs] 
0.329: [CMS-concurrent-reset-start]
0.329: [CMS-concurrent-reset: 0.000/0.000 secs] [Times: user=0.00 sys=0.00, real=0.00 secs] 
0.335: [GC (Allocation Failure) 0.335: [ParNew: 1044K->1044K(1152K), 0.0000194 secs]0.335: [CMS: 767K->767K(768K), 0.0036281 secs] 1812K->1137K(1920K), [Metaspace: 3116K->3116K(1056768K)], 0.0037244 secs] [Times: user=0.00 sys=0.00, real=0.01 secs] 
0.339: [GC (CMS Initial Mark) [1 CMS-initial-mark: 767K(768K)] 1322K(1920K), 0.0007637 secs] [Times: user=0.00 sys=0.00, real=0.00 secs] 
0.340: [CMS-concurrent-mark-start]
0.342: [CMS-concurrent-mark: 0.002/0.002 secs] [Times: user=0.01 sys=0.00, real=0.00 secs] 
0.342: [CMS-concurrent-preclean-start]
0.342: [CMS-concurrent-preclean: 0.001/0.001 secs] [Times: user=0.00 sys=0.00, real=0.00 secs] 
0.342: [GC (CMS Final Remark) [YG occupancy: 763 K (1152 K)]0.343: [Rescan (parallel) , 0.0010032 secs]0.344: [weak refs processing, 0.0000202 secs]0.344: [class unloading, 0.0002990 secs]0.344: [scrub symbol table, 0.0003225 secs]0.344: [scrub string table, 0.0001968 secs][1 CMS-remark: 767K(768K)] 1531K(1920K), 0.0019560 secs] [Times: user=0.01 sys=0.00, real=0.00 secs] 
0.345: [CMS-concurrent-sweep-start]
0.345: [CMS-concurrent-sweep: 0.000/0.000 secs] [Times: user=0.00 sys=0.00, real=0.00 secs] 
0.345: [CMS-concurrent-reset-start]
0.345: [CMS-concurrent-reset: 0.000/0.000 secs] [Times: user=0.00 sys=0.00, real=0.00 secs] 
0.350: [GC (Allocation Failure) 0.350: [ParNew: 1152K->1152K(1152K), 0.0000309 secs]0.350: [CMS: 767K->767K(768K), 0.0040617 secs] 1919K->1236K(1920K), [Metaspace: 3116K->3116K(1056768K)], 0.0041839 secs] [Times: user=0.00 sys=0.00, real=0.00 secs] 
0.354: [GC (CMS Initial Mark) [1 CMS-initial-mark: 767K(768K)] 1253K(1920K), 0.0007821 secs] [Times: user=0.01 sys=0.00, real=0.00 secs] 
0.355: [CMS-concurrent-mark-start]
0.357: [CMS-concurrent-mark: 0.002/0.002 secs] [Times: user=0.00 sys=0.00, real=0.01 secs] 
0.357: [CMS-concurrent-preclean-start]
0.358: [CMS-concurrent-preclean: 0.001/0.001 secs] [Times: user=0.00 sys=0.00, real=0.00 secs] 
0.358: [GC (CMS Final Remark) [YG occupancy: 686 K (1152 K)]0.358: [Rescan (parallel) , 0.0011556 secs]0.359: [weak refs processing, 0.0000200 secs]0.359: [class unloading, 0.0003833 secs]0.360: [scrub symbol table, 0.0005269 secs]0.360: [scrub string table, 0.0002140 secs][1 CMS-remark: 767K(768K)] 1454K(1920K), 0.0024399 secs] [Times: user=0.01 sys=0.00, real=0.00 secs] 
0.360: [CMS-concurrent-sweep-start]
0.361: [CMS-concurrent-sweep: 0.000/0.000 secs] [Times: user=0.00 sys=0.00, real=0.00 secs] 
0.361: [CMS-concurrent-reset-start]
0.361: [CMS-concurrent-reset: 0.000/0.000 secs] [Times: user=0.00 sys=0.00, real=0.00 secs] 
0.368: [GC (Allocation Failure) 0.368: [ParNew: 1152K->1152K(1152K), 0.0000194 secs]0.368: [CMS: 767K->767K(768K), 0.0037973 secs] 1919K->1279K(1920K), [Metaspace: 3116K->3116K(1056768K)], 0.0038987 secs] [Times: user=0.00 sys=0.00, real=0.00 secs] 
0.372: [GC (CMS Initial Mark) [1 CMS-initial-mark: 767K(768K)] 1294K(1920K), 0.0010141 secs] [Times: user=0.00 sys=0.00, real=0.00 secs] 
0.373: [CMS-concurrent-mark-start]
0.375: [CMS-concurrent-mark: 0.002/0.002 secs] [Times: user=0.01 sys=0.00, real=0.00 secs] 
0.375: [CMS-concurrent-preclean-start]
0.375: [CMS-concurrent-preclean: 0.001/0.001 secs] [Times: user=0.00 sys=0.00, real=0.00 secs] 
0.376: [GC (CMS Final Remark) [YG occupancy: 746 K (1152 K)]0.376: [Rescan (parallel) , 0.0007817 secs]0.376: [weak refs processing, 0.0000153 secs]0.376: [class unloading, 0.0002865 secs]0.377: [scrub symbol table, 0.0004094 secs]0.377: [scrub string table, 0.0001857 secs][1 CMS-remark: 767K(768K)] 1514K(1920K), 0.0017672 secs] [Times: user=0.00 sys=0.01, real=0.01 secs] 
0.377: [CMS-concurrent-sweep-start]
0.378: [CMS-concurrent-sweep: 0.000/0.000 secs] [Times: user=0.00 sys=0.00, real=0.00 secs] 
0.378: [CMS-concurrent-reset-start]
0.378: [CMS-concurrent-reset: 0.000/0.000 secs] [Times: user=0.00 sys=0.00, real=0.00 secs] 
0.383: [GC (Allocation Failure) 0.383: [ParNew: 1152K->1152K(1152K), 0.0000236 secs]0.383: [CMS: 767K->767K(768K), 0.0041886 secs] 1919K->1319K(1920K), [Metaspace: 3116K->3116K(1056768K)], 0.0043014 secs] [Times: user=0.00 sys=0.00, real=0.01 secs] 
0.387: [GC (CMS Initial Mark) [1 CMS-initial-mark: 767K(768K)] 1333K(1920K), 0.0009903 secs] [Times: user=0.00 sys=0.00, real=0.00 secs] 
0.388: [CMS-concurrent-mark-start]
0.390: [CMS-concurrent-mark: 0.002/0.002 secs] [Times: user=0.01 sys=0.00, real=0.00 secs] 
0.390: [CMS-concurrent-preclean-start]
0.391: [CMS-concurrent-preclean: 0.001/0.001 secs] [Times: user=0.00 sys=0.00, real=0.00 secs] 
0.391: [GC (CMS Final Remark) [YG occupancy: 742 K (1152 K)]0.391: [Rescan (parallel) , 0.0009043 secs]0.392: [weak refs processing, 0.0000156 secs]0.392: [class unloading, 0.0003594 secs]0.392: [scrub symbol table, 0.0003806 secs]0.393: [scrub string table, 0.0001709 secs][1 CMS-remark: 767K(768K)] 1510K(1920K), 0.0019146 secs] [Times: user=0.01 sys=0.00, real=0.00 secs] 
0.393: [CMS-concurrent-sweep-start]
0.394: [CMS-concurrent-sweep: 0.000/0.000 secs] [Times: user=0.00 sys=0.00, real=0.00 secs] 
0.394: [CMS-concurrent-reset-start]
0.394: [CMS-concurrent-reset: 0.000/0.000 secs] [Times: user=0.00 sys=0.00, real=0.00 secs] 
0.399: [GC (Allocation Failure) 0.399: [ParNew: 1152K->1152K(1152K), 0.0000221 secs]0.399: [CMS: 767K->767K(768K), 0.0037296 secs] 1919K->1356K(1920K), [Metaspace: 3116K->3116K(1056768K)], 0.0038343 secs] [Times: user=0.01 sys=0.00, real=0.00 secs] 
0.403: [GC (CMS Initial Mark) [1 CMS-initial-mark: 767K(768K)] 1370K(1920K), 0.0008104 secs] [Times: user=0.00 sys=0.00, real=0.00 secs] 
0.404: [CMS-concurrent-mark-start]
0.406: [CMS-concurrent-mark: 0.002/0.002 secs] [Times: user=0.00 sys=0.00, real=0.00 secs] 
0.406: [CMS-concurrent-preclean-start]
0.406: [CMS-concurrent-preclean: 0.001/0.001 secs] [Times: user=0.00 sys=0.00, real=0.00 secs] 
0.406: [GC (CMS Final Remark) [YG occupancy: 767 K (1152 K)]0.406: [Rescan (parallel) , 0.0008315 secs]0.407: [weak refs processing, 0.0000103 secs]0.407: [class unloading, 0.0002443 secs]0.407: [scrub symbol table, 0.0002857 secs]0.408: [scrub string table, 0.0001665 secs][1 CMS-remark: 767K(768K)] 1535K(1920K), 0.0016059 secs] [Times: user=0.01 sys=0.00, real=0.00 secs] 
0.408: [CMS-concurrent-sweep-start]
0.408: [CMS-concurrent-sweep: 0.000/0.000 secs] [Times: user=0.00 sys=0.00, real=0.00 secs] 
0.408: [CMS-concurrent-reset-start]
0.408: [CMS-concurrent-reset: 0.000/0.000 secs] [Times: user=0.00 sys=0.00, real=0.00 secs] 
0.413: [GC (Allocation Failure) 0.413: [ParNew: 1152K->1152K(1152K), 0.0000181 secs]0.413: [CMS: 767K->767K(768K), 0.0041849 secs] 1919K->1391K(1920K), [Metaspace: 3116K->3116K(1056768K)], 0.0042754 secs] [Times: user=0.00 sys=0.00, real=0.01 secs] 
0.418: [GC (CMS Initial Mark) [1 CMS-initial-mark: 767K(768K)] 1404K(1920K), 0.0007868 secs] [Times: user=0.00 sys=0.00, real=0.00 secs] 
0.418: [CMS-concurrent-mark-start]
0.420: [CMS-concurrent-mark: 0.002/0.002 secs] [Times: user=0.01 sys=0.00, real=0.00 secs] 
0.420: [CMS-concurrent-preclean-start]
0.421: [CMS-concurrent-preclean: 0.001/0.001 secs] [Times: user=0.00 sys=0.01, real=0.00 secs] 
0.421: [GC (CMS Final Remark) [YG occupancy: 804 K (1152 K)]0.421: [Rescan (parallel) , 0.0011753 secs]0.422: [weak refs processing, 0.0000133 secs]0.422: [class unloading, 0.0003263 secs]0.422: [scrub symbol table, 0.0004119 secs]0.423: [scrub string table, 0.0001644 secs][1 CMS-remark: 767K(768K)] 1572K(1920K), 0.0021720 secs] [Times: user=0.00 sys=0.00, real=0.00 secs] 
0.423: [CMS-concurrent-sweep-start]
0.423: [CMS-concurrent-sweep: 0.000/0.000 secs] [Times: user=0.00 sys=0.00, real=0.00 secs] 
0.423: [CMS-concurrent-reset-start]
0.423: [CMS-concurrent-reset: 0.000/0.000 secs] [Times: user=0.00 sys=0.00, real=0.00 secs] 
0.427: [GC (Allocation Failure) 0.427: [ParNew: 1152K->1152K(1152K), 0.0000179 secs]0.427: [CMS: 767K->767K(768K), 0.0038677 secs] 1919K->1424K(1920K), [Metaspace: 3116K->3116K(1056768K)], 0.0039585 secs] [Times: user=0.00 sys=0.00, real=0.00 secs] 
0.431: [GC (CMS Initial Mark) [1 CMS-initial-mark: 767K(768K)] 1436K(1920K), 0.0008457 secs] [Times: user=0.00 sys=0.00, real=0.00 secs] 
0.432: [CMS-concurrent-mark-start]
0.434: [CMS-concurrent-mark: 0.002/0.002 secs] [Times: user=0.01 sys=0.00, real=0.00 secs] 
0.434: [CMS-concurrent-preclean-start]
0.435: [CMS-concurrent-preclean: 0.001/0.001 secs] [Times: user=0.00 sys=0.00, real=0.00 secs] 
0.435: [GC (CMS Final Remark) [YG occupancy: 850 K (1152 K)]0.435: [Rescan (parallel) , 0.0009862 secs]0.436: [weak refs processing, 0.0000131 secs]0.436: [class unloading, 0.0003217 secs]0.436: [scrub symbol table, 0.0003526 secs]0.436: [scrub string table, 0.0001635 secs][1 CMS-remark: 767K(768K)] 1618K(1920K), 0.0019099 secs] [Times: user=0.00 sys=0.00, real=0.01 secs] 
0.437: [CMS-concurrent-sweep-start]
0.437: [CMS-concurrent-sweep: 0.000/0.000 secs] [Times: user=0.01 sys=0.00, real=0.00 secs] 
0.437: [CMS-concurrent-reset-start]
0.437: [CMS-concurrent-reset: 0.000/0.000 secs] [Times: user=0.00 sys=0.00, real=0.00 secs] 
0.438: [GC (Allocation Failure) 0.438: [ParNew: 1007K->1007K(1152K), 0.0000153 secs]0.438: [CMS: 767K->767K(768K), 0.0036662 secs] 1775K->1446K(1920K), [Metaspace: 3116K->3116K(1056768K)], 0.0037436 secs] [Times: user=0.00 sys=0.00, real=0.00 secs] 
0.442: [GC (CMS Initial Mark) [1 CMS-initial-mark: 767K(768K)] 1724K(1920K), 0.0010315 secs] [Times: user=0.00 sys=0.00, real=0.00 secs] 
0.443: [CMS-concurrent-mark-start]
0.445: [CMS-concurrent-mark: 0.002/0.002 secs] [Times: user=0.01 sys=0.00, real=0.00 secs] 
0.445: [CMS-concurrent-preclean-start]
0.446: [CMS-concurrent-preclean: 0.001/0.001 secs] [Times: user=0.00 sys=0.00, real=0.00 secs] 
0.446: [GC (CMS Final Remark) [YG occupancy: 1110 K (1152 K)]0.446: [Rescan (parallel) , 0.0018926 secs]0.448: [weak refs processing, 0.0000137 secs]0.448: [class unloading, 0.0002363 secs]0.448: [scrub symbol table, 0.0002819 secs]0.448: [scrub string table, 0.0001633 secs][1 CMS-remark: 767K(768K)] 1878K(1920K), 0.0026786 secs] [Times: user=0.01 sys=0.00, real=0.01 secs] 
0.448: [CMS-concurrent-sweep-start]
0.449: [CMS-concurrent-sweep: 0.000/0.000 secs] [Times: user=0.00 sys=0.00, real=0.00 secs] 
0.449: [CMS-concurrent-reset-start]
0.449: [CMS-concurrent-reset: 0.000/0.000 secs] [Times: user=0.00 sys=0.00, real=0.00 secs] 
0.449: [GC (Allocation Failure) 0.449: [ParNew: 1152K->1152K(1152K), 0.0000167 secs]0.449: [CMS: 767K->767K(768K), 0.0037076 secs] 1919K->1551K(1920K), [Metaspace: 3116K->3116K(1056768K)], 0.0038020 secs] [Times: user=0.01 sys=0.00, real=0.00 secs] 
0.453: [GC (CMS Initial Mark) [1 CMS-initial-mark: 767K(768K)] 1561K(1920K), 0.0008250 secs] [Times: user=0.00 sys=0.00, real=0.00 secs] 
0.454: [CMS-concurrent-mark-start]
0.455: [CMS-concurrent-mark: 0.001/0.001 secs] [Times: user=0.00 sys=0.00, real=0.00 secs] 
0.456: [CMS-concurrent-preclean-start]
0.456: [CMS-concurrent-preclean: 0.001/0.001 secs] [Times: user=0.00 sys=0.00, real=0.01 secs] 
0.456: [GC (CMS Final Remark) [YG occupancy: 984 K (1152 K)]0.456: [Rescan (parallel) , 0.0011235 secs]0.458: [weak refs processing, 0.0000111 secs]0.458: [class unloading, 0.0002405 secs]0.458: [scrub symbol table, 0.0002788 secs]0.458: [scrub string table, 0.0001586 secs][1 CMS-remark: 767K(768K)] 1752K(1920K), 0.0018797 secs] [Times: user=0.01 sys=0.00, real=0.00 secs] 
0.458: [CMS-concurrent-sweep-start]
0.459: [CMS-concurrent-sweep: 0.000/0.000 secs] [Times: user=0.00 sys=0.00, real=0.00 secs] 
0.459: [CMS-concurrent-reset-start]
0.459: [CMS-concurrent-reset: 0.000/0.000 secs] [Times: user=0.00 sys=0.00, real=0.00 secs] 
0.461: [GC (Allocation Failure) 0.461: [ParNew: 1152K->1152K(1152K), 0.0000391 secs]0.461: [CMS: 767K->767K(768K), 0.0040015 secs] 1919K->1574K(1920K), [Metaspace: 3116K->3116K(1056768K)], 0.0041232 secs] [Times: user=0.01 sys=0.00, real=0.00 secs] 
0.466: [GC (CMS Initial Mark) [1 CMS-initial-mark: 767K(768K)] 1583K(1920K), 0.0009440 secs] [Times: user=0.00 sys=0.00, real=0.01 secs] 
0.467: [CMS-concurrent-mark-start]
0.468: [CMS-concurrent-mark: 0.002/0.002 secs] [Times: user=0.00 sys=0.00, real=0.00 secs] 
0.468: [CMS-concurrent-preclean-start]
0.469: [CMS-concurrent-preclean: 0.001/0.001 secs] [Times: user=0.00 sys=0.00, real=0.00 secs] 
0.469: [GC (CMS Final Remark) [YG occupancy: 1006 K (1152 K)]0.469: [Rescan (parallel) , 0.0011152 secs]0.470: [weak refs processing, 0.0000139 secs]0.470: [class unloading, 0.0002243 secs]0.470: [scrub symbol table, 0.0002645 secs]0.471: [scrub string table, 0.0001582 secs][1 CMS-remark: 767K(768K)] 1774K(1920K), 0.0018414 secs] [Times: user=0.01 sys=0.01, real=0.00 secs] 
0.471: [CMS-concurrent-sweep-start]
0.471: [CMS-concurrent-sweep: 0.000/0.000 secs] [Times: user=0.00 sys=0.00, real=0.00 secs] 
0.471: [CMS-concurrent-reset-start]
0.471: [CMS-concurrent-reset: 0.000/0.000 secs] [Times: user=0.00 sys=0.00, real=0.00 secs] 
0.474: [GC (Allocation Failure) 0.474: [ParNew: 1152K->1152K(1152K), 0.0000143 secs]0.474: [CMS: 767K->767K(768K), 0.0034681 secs] 1919K->1595K(1920K), [Metaspace: 3116K->3116K(1056768K)], 0.0035310 secs] [Times: user=0.00 sys=0.00, real=0.01 secs] 
0.477: [GC (CMS Initial Mark) [1 CMS-initial-mark: 767K(768K)] 1604K(1920K), 0.0011056 secs] [Times: user=0.00 sys=0.00, real=0.00 secs] 
0.479: [CMS-concurrent-mark-start]
0.480: [CMS-concurrent-mark: 0.001/0.001 secs] [Times: user=0.00 sys=0.00, real=0.00 secs] 
0.480: [CMS-concurrent-preclean-start]
0.481: [CMS-concurrent-preclean: 0.001/0.001 secs] [Times: user=0.01 sys=0.00, real=0.00 secs] 
0.481: [GC (CMS Final Remark) [YG occupancy: 994 K (1152 K)]0.481: [Rescan (parallel) , 0.0013456 secs]0.482: [weak refs processing, 0.0000125 secs]0.482: [class unloading, 0.0003007 secs]0.482: [scrub symbol table, 0.0003219 secs]0.483: [scrub string table, 0.0001760 secs][1 CMS-remark: 767K(768K)] 1762K(1920K), 0.0022447 secs] [Times: user=0.01 sys=0.00, real=0.00 secs] 
0.483: [CMS-concurrent-sweep-start]
0.483: [CMS-concurrent-sweep: 0.000/0.000 secs] [Times: user=0.00 sys=0.00, real=0.00 secs] 
0.483: [CMS-concurrent-reset-start]
0.483: [CMS-concurrent-reset: 0.000/0.000 secs] [Times: user=0.00 sys=0.00, real=0.00 secs] 
0.485: [GC (Allocation Failure) 0.485: [ParNew: 1152K->1152K(1152K), 0.0000171 secs]0.485: [CMS: 767K->767K(768K), 0.0037127 secs] 1919K->1615K(1920K), [Metaspace: 3116K->3116K(1056768K)], 0.0037831 secs] [Times: user=0.00 sys=0.00, real=0.01 secs] 
0.489: [GC (CMS Initial Mark) [1 CMS-initial-mark: 767K(768K)] 1623K(1920K), 0.0012484 secs] [Times: user=0.00 sys=0.00, real=0.00 secs] 
0.491: [CMS-concurrent-mark-start]
0.492: [CMS-concurrent-mark: 0.001/0.001 secs] [Times: user=0.01 sys=0.00, real=0.00 secs] 
0.492: [CMS-concurrent-preclean-start]
0.493: [CMS-concurrent-preclean: 0.001/0.001 secs] [Times: user=0.00 sys=0.00, real=0.00 secs] 
0.493: [GC (CMS Final Remark) [YG occupancy: 1030 K (1152 K)]0.493: [Rescan (parallel) , 0.0014565 secs]0.494: [weak refs processing, 0.0000098 secs]0.494: [class unloading, 0.0002361 secs]0.495: [scrub symbol table, 0.0004384 secs]0.495: [scrub string table, 0.0001968 secs][1 CMS-remark: 767K(768K)] 1798K(1920K), 0.0024355 secs] [Times: user=0.01 sys=0.00, real=0.00 secs] 
0.495: [CMS-concurrent-sweep-start]
0.496: [CMS-concurrent-sweep: 0.000/0.000 secs] [Times: user=0.00 sys=0.00, real=0.00 secs] 
0.496: [CMS-concurrent-reset-start]
0.496: [CMS-concurrent-reset: 0.000/0.000 secs] [Times: user=0.00 sys=0.00, real=0.00 secs] 
0.497: [GC (Allocation Failure) 0.498: [ParNew: 1152K->1152K(1152K), 0.0000152 secs]0.498: [CMS: 767K->767K(768K), 0.0033692 secs] 1919K->1634K(1920K), [Metaspace: 3116K->3116K(1056768K)], 0.0034311 secs] [Times: user=0.00 sys=0.00, real=0.00 secs] 
0.501: [GC (CMS Initial Mark) [1 CMS-initial-mark: 767K(768K)] 1642K(1920K), 0.0008500 secs] [Times: user=0.01 sys=0.00, real=0.00 secs] 
0.502: [CMS-concurrent-mark-start]
0.503: [CMS-concurrent-mark: 0.001/0.001 secs] [Times: user=0.00 sys=0.00, real=0.00 secs] 
0.503: [CMS-concurrent-preclean-start]
0.504: [CMS-concurrent-preclean: 0.001/0.001 secs] [Times: user=0.00 sys=0.00, real=0.00 secs] 
0.504: [GC (CMS Final Remark) [YG occupancy: 1025 K (1152 K)]0.504: [Rescan (parallel) , 0.0009918 secs]0.505: [weak refs processing, 0.0000094 secs]0.505: [class unloading, 0.0002119 secs]0.505: [scrub symbol table, 0.0002925 secs]0.505: [scrub string table, 0.0002169 secs][1 CMS-remark: 767K(768K)] 1793K(1920K), 0.0018000 secs] [Times: user=0.01 sys=0.00, real=0.00 secs] 
0.506: [CMS-concurrent-sweep-start]
0.506: [CMS-concurrent-sweep: 0.000/0.000 secs] [Times: user=0.00 sys=0.00, real=0.00 secs] 
0.506: [CMS-concurrent-reset-start]
0.506: [CMS-concurrent-reset: 0.000/0.000 secs] [Times: user=0.00 sys=0.00, real=0.00 secs] 
0.508: [GC (Allocation Failure) 0.508: [ParNew: 1152K->1152K(1152K), 0.0000134 secs]0.508: [CMS: 767K->767K(768K), 0.0033978 secs] 1919K->1652K(1920K), [Metaspace: 3116K->3116K(1056768K)], 0.0034627 secs] [Times: user=0.00 sys=0.00, real=0.00 secs] 
0.512: [GC (CMS Initial Mark) [1 CMS-initial-mark: 767K(768K)] 1659K(1920K), 0.0010848 secs] [Times: user=0.00 sys=0.00, real=0.00 secs] 
0.513: [CMS-concurrent-mark-start]
0.514: [CMS-concurrent-mark: 0.001/0.001 secs] [Times: user=0.01 sys=0.00, real=0.00 secs] 
0.514: [CMS-concurrent-preclean-start]
0.515: [CMS-concurrent-preclean: 0.001/0.001 secs] [Times: user=0.00 sys=0.00, real=0.00 secs] 
0.515: [GC (CMS Final Remark) [YG occupancy: 1063 K (1152 K)]0.515: [Rescan (parallel) , 0.0011350 secs]0.516: [weak refs processing, 0.0000113 secs]0.516: [class unloading, 0.0002366 secs]0.516: [scrub symbol table, 0.0002961 secs]0.516: [scrub string table, 0.0001355 secs][1 CMS-remark: 767K(768K)] 1831K(1920K), 0.0018822 secs] [Times: user=0.01 sys=0.00, real=0.01 secs] 
0.517: [CMS-concurrent-sweep-start]
0.517: [CMS-concurrent-sweep: 0.000/0.000 secs] [Times: user=0.00 sys=0.00, real=0.00 secs] 
0.517: [CMS-concurrent-reset-start]
0.517: [CMS-concurrent-reset: 0.000/0.000 secs] [Times: user=0.00 sys=0.00, real=0.00 secs] 
0.519: [GC (Allocation Failure) 0.519: [ParNew: 1152K->1152K(1152K), 0.0000134 secs]0.519: [CMS: 767K->767K(768K), 0.0043837 secs] 1919K->1669K(1920K), [Metaspace: 3116K->3116K(1056768K)], 0.0044510 secs] [Times: user=0.00 sys=0.00, real=0.00 secs] 
0.523: [GC (CMS Initial Mark) [1 CMS-initial-mark: 767K(768K)] 1675K(1920K), 0.0009724 secs] [Times: user=0.01 sys=0.01, real=0.00 secs] 
0.524: [CMS-concurrent-mark-start]
0.526: [CMS-concurrent-mark: 0.001/0.001 secs] [Times: user=0.00 sys=0.00, real=0.00 secs] 
0.526: [CMS-concurrent-preclean-start]
0.526: [CMS-concurrent-preclean: 0.000/0.000 secs] [Times: user=0.00 sys=0.00, real=0.00 secs] 
0.526: [GC (CMS Final Remark) [YG occupancy: 1073 K (1152 K)]0.526: [Rescan (parallel) , 0.0013240 secs]0.528: [weak refs processing, 0.0000106 secs]0.528: [class unloading, 0.0002897 secs]0.528: [scrub symbol table, 0.0003653 secs]0.528: [scrub string table, 0.0001398 secs][1 CMS-remark: 767K(768K)] 1841K(1920K), 0.0021982 secs] [Times: user=0.01 sys=0.00, real=0.00 secs] 
0.529: [CMS-concurrent-sweep-start]
0.529: [CMS-concurrent-sweep: 0.000/0.000 secs] [Times: user=0.00 sys=0.00, real=0.00 secs] 
0.529: [CMS-concurrent-reset-start]
0.529: [CMS-concurrent-reset: 0.000/0.000 secs] [Times: user=0.00 sys=0.00, real=0.00 secs] 
0.531: [GC (Allocation Failure) 0.531: [ParNew: 1152K->1152K(1152K), 0.0000286 secs]0.531: [CMS: 767K->767K(768K), 0.0039869 secs] 1919K->1684K(1920K), [Metaspace: 3116K->3116K(1056768K)], 0.0041266 secs] [Times: user=0.01 sys=0.00, real=0.00 secs] 
0.535: [GC (CMS Initial Mark) [1 CMS-initial-mark: 767K(768K)] 1685K(1920K), 0.0009424 secs] [Times: user=0.00 sys=0.00, real=0.00 secs] 
0.536: [CMS-concurrent-mark-start]
0.537: [CMS-concurrent-mark: 0.001/0.001 secs] [Times: user=0.00 sys=0.00, real=0.01 secs] 
0.537: [CMS-concurrent-preclean-start]
0.538: [CMS-concurrent-preclean: 0.001/0.001 secs] [Times: user=0.00 sys=0.00, real=0.00 secs] 
0.538: [GC (CMS Final Remark) [YG occupancy: 1056 K (1152 K)]0.538: [Rescan (parallel) , 0.0012605 secs]0.539: [weak refs processing, 0.0000095 secs]0.539: [class unloading, 0.0002428 secs]0.539: [scrub symbol table, 0.0002442 secs]0.540: [scrub string table, 0.0001352 secs][1 CMS-remark: 767K(768K)] 1824K(1920K), 0.0019353 secs] [Times: user=0.01 sys=0.00, real=0.00 secs] 
0.540: [CMS-concurrent-sweep-start]
0.540: [CMS-concurrent-sweep: 0.000/0.000 secs] [Times: user=0.00 sys=0.00, real=0.00 secs] 
0.540: [CMS-concurrent-reset-start]
0.540: [CMS-concurrent-reset: 0.000/0.000 secs] [Times: user=0.00 sys=0.00, real=0.00 secs] 
0.542: [GC (Allocation Failure) 0.542: [ParNew: 1152K->1152K(1152K), 0.0000271 secs]0.542: [CMS: 767K->767K(768K), 0.0038407 secs] 1919K->1699K(1920K), [Metaspace: 3116K->3116K(1056768K)], 0.0040054 secs] [Times: user=0.01 sys=0.00, real=0.00 secs] 
0.546: [GC (CMS Initial Mark) [1 CMS-initial-mark: 767K(768K)] 1704K(1920K), 0.0008587 secs] [Times: user=0.00 sys=0.00, real=0.01 secs] 
0.547: [CMS-concurrent-mark-start]
0.548: [CMS-concurrent-mark: 0.002/0.002 secs] [Times: user=0.01 sys=0.00, real=0.00 secs] 
0.548: [CMS-concurrent-preclean-start]
0.549: [CMS-concurrent-preclean: 0.001/0.001 secs] [Times: user=0.00 sys=0.00, real=0.00 secs] 
0.549: [GC (CMS Final Remark) [YG occupancy: 1074 K (1152 K)]0.549: [Rescan (parallel) , 0.0014265 secs]0.550: [weak refs processing, 0.0000123 secs]0.550: [class unloading, 0.0002283 secs]0.551: [scrub symbol table, 0.0002694 secs]0.551: [scrub string table, 0.0001525 secs][1 CMS-remark: 767K(768K)] 1842K(1920K), 0.0021543 secs] [Times: user=0.01 sys=0.00, real=0.00 secs] 
0.551: [CMS-concurrent-sweep-start]
0.552: [CMS-concurrent-sweep: 0.000/0.000 secs] [Times: user=0.00 sys=0.00, real=0.00 secs] 
0.552: [CMS-concurrent-reset-start]
0.552: [CMS-concurrent-reset: 0.000/0.000 secs] [Times: user=0.00 sys=0.00, real=0.00 secs] 
0.553: [GC (Allocation Failure) 0.553: [ParNew: 1152K->1152K(1152K), 0.0000172 secs]0.553: [CMS: 767K->767K(768K), 0.0042219 secs] 1919K->1713K(1920K), [Metaspace: 3116K->3116K(1056768K)], 0.0043119 secs] [Times: user=0.00 sys=0.00, real=0.01 secs] 
0.557: [GC (CMS Initial Mark) [1 CMS-initial-mark: 767K(768K)] 1718K(1920K), 0.0010662 secs] [Times: user=0.00 sys=0.00, real=0.00 secs] 
0.559: [CMS-concurrent-mark-start]
0.560: [CMS-concurrent-mark: 0.002/0.002 secs] [Times: user=0.01 sys=0.00, real=0.00 secs] 
0.560: [CMS-concurrent-preclean-start]
0.561: [CMS-concurrent-preclean: 0.001/0.001 secs] [Times: user=0.00 sys=0.00, real=0.00 secs] 
0.561: [GC (CMS Final Remark) [YG occupancy: 1103 K (1152 K)]0.561: [Rescan (parallel) , 0.0016648 secs]0.563: [weak refs processing, 0.0000291 secs]0.563: [class unloading, 0.0003486 secs]0.563: [scrub symbol table, 0.0003845 secs]0.564: [scrub string table, 0.0001633 secs][1 CMS-remark: 767K(768K)] 1871K(1920K), 0.0027448 secs] [Times: user=0.01 sys=0.00, real=0.00 secs] 
0.564: [CMS-concurrent-sweep-start]
0.564: [CMS-concurrent-sweep: 0.000/0.000 secs] [Times: user=0.00 sys=0.00, real=0.00 secs] 
0.564: [CMS-concurrent-reset-start]
0.564: [CMS-concurrent-reset: 0.000/0.000 secs] [Times: user=0.00 sys=0.00, real=0.00 secs] 
0.565: [GC (Allocation Failure) 0.565: [ParNew: 1152K->1152K(1152K), 0.0000152 secs]0.565: [CMS: 767K->767K(768K), 0.0038902 secs] 1919K->1726K(1920K), [Metaspace: 3116K->3116K(1056768K)], 0.0039591 secs] [Times: user=0.01 sys=0.00, real=0.01 secs] 
0.569: [GC (CMS Initial Mark) [1 CMS-initial-mark: 767K(768K)] 1735K(1920K), 0.0010097 secs] [Times: user=0.00 sys=0.00, real=0.00 secs] 
0.570: [CMS-concurrent-mark-start]
0.572: [CMS-concurrent-mark: 0.001/0.001 secs] [Times: user=0.00 sys=0.00, real=0.00 secs] 
0.572: [CMS-concurrent-preclean-start]
0.572: [CMS-concurrent-preclean: 0.001/0.001 secs] [Times: user=0.00 sys=0.00, real=0.00 secs] 
0.572: [GC (CMS Final Remark) [YG occupancy: 1087 K (1152 K)]0.572: [Rescan (parallel) , 0.0012430 secs]0.574: [weak refs processing, 0.0000082 secs]0.574: [class unloading, 0.0002117 secs]0.574: [scrub symbol table, 0.0002196 secs]0.574: [scrub string table, 0.0001403 secs][1 CMS-remark: 767K(768K)] 1855K(1920K), 0.0018766 secs] [Times: user=0.01 sys=0.00, real=0.00 secs] 
0.574: [CMS-concurrent-sweep-start]
0.574: [CMS-concurrent-sweep: 0.000/0.000 secs] [Times: user=0.01 sys=0.00, real=0.00 secs] 
0.575: [CMS-concurrent-reset-start]
0.575: [CMS-concurrent-reset: 0.000/0.000 secs] [Times: user=0.00 sys=0.00, real=0.00 secs] 
0.575: [GC (Allocation Failure) 0.575: [ParNew: 1152K->1152K(1152K), 0.0000113 secs]0.575: [CMS: 767K->767K(768K), 0.0031903 secs] 1919K->1738K(1920K), [Metaspace: 3116K->3116K(1056768K)], 0.0032375 secs] [Times: user=0.00 sys=0.00, real=0.01 secs] 
0.579: [GC (CMS Initial Mark) [1 CMS-initial-mark: 767K(768K)] 1742K(1920K), 0.0010240 secs] [Times: user=0.00 sys=0.00, real=0.00 secs] 
0.580: [CMS-concurrent-mark-start]
0.581: [CMS-concurrent-mark: 0.001/0.001 secs] [Times: user=0.00 sys=0.01, real=0.00 secs] 
0.581: [CMS-concurrent-preclean-start]
0.581: [CMS-concurrent-preclean: 0.001/0.001 secs] [Times: user=0.01 sys=0.00, real=0.00 secs] 
0.582: [GC (CMS Final Remark) [YG occupancy: 1093 K (1152 K)]0.582: [Rescan (parallel) , 0.0012050 secs]0.583: [weak refs processing, 0.0000116 secs]0.583: [class unloading, 0.0001820 secs]0.583: [scrub symbol table, 0.0002285 secs]0.583: [scrub string table, 0.0001370 secs][1 CMS-remark: 767K(768K)] 1861K(1920K), 0.0018134 secs] [Times: user=0.01 sys=0.00, real=0.00 secs] 
0.583: [CMS-concurrent-sweep-start]
0.584: [CMS-concurrent-sweep: 0.000/0.000 secs] [Times: user=0.00 sys=0.00, real=0.00 secs] 
0.584: [CMS-concurrent-reset-start]
0.584: [CMS-concurrent-reset: 0.000/0.000 secs] [Times: user=0.00 sys=0.00, real=0.00 secs] 
0.584: [GC (Allocation Failure) 0.584: [ParNew: 1152K->1152K(1152K), 0.0000122 secs]0.584: [CMS: 767K->767K(768K), 0.0035244 secs] 1919K->1749K(1920K), [Metaspace: 3118K->3118K(1056768K)], 0.0035822 secs] [Times: user=0.00 sys=0.00, real=0.01 secs] 
0.588: [GC (CMS Initial Mark) [1 CMS-initial-mark: 767K(768K)] 1753K(1920K), 0.0009470 secs] [Times: user=0.00 sys=0.00, real=0.00 secs] 
0.589: [CMS-concurrent-mark-start]
0.590: [CMS-concurrent-mark: 0.001/0.001 secs] [Times: user=0.01 sys=0.00, real=0.00 secs] 
0.590: [CMS-concurrent-preclean-start]
0.591: [CMS-concurrent-preclean: 0.001/0.001 secs] [Times: user=0.00 sys=0.00, real=0.00 secs] 
0.591: [GC (CMS Final Remark) [YG occupancy: 1117 K (1152 K)]0.591: [Rescan (parallel) , 0.0013126 secs]0.592: [weak refs processing, 0.0000091 secs]0.592: [class unloading, 0.0001935 secs]0.593: [scrub symbol table, 0.0002270 secs]0.593: [scrub string table, 0.0001471 secs][1 CMS-remark: 767K(768K)] 1885K(1920K), 0.0019421 secs] [Times: user=0.01 sys=0.00, real=0.00 secs] 
0.593: [CMS-concurrent-sweep-start]
0.593: [CMS-concurrent-sweep: 0.000/0.000 secs] [Times: user=0.00 sys=0.00, real=0.00 secs] 
0.593: [CMS-concurrent-reset-start]
0.593: [CMS-concurrent-reset: 0.000/0.000 secs] [Times: user=0.00 sys=0.00, real=0.00 secs] 
0.594: [GC (Allocation Failure) 0.594: [ParNew: 1152K->1152K(1152K), 0.0000130 secs]0.594: [CMS: 767K->767K(768K), 0.0035451 secs] 1919K->1760K(1920K), [Metaspace: 3118K->3118K(1056768K)], 0.0036030 secs] [Times: user=0.00 sys=0.00, real=0.01 secs] 
0.597: [GC (CMS Initial Mark) [1 CMS-initial-mark: 767K(768K)] 1764K(1920K), 0.0009261 secs] [Times: user=0.01 sys=0.00, real=0.00 secs] 
0.598: [CMS-concurrent-mark-start]
0.600: [CMS-concurrent-mark: 0.001/0.001 secs] [Times: user=0.00 sys=0.00, real=0.00 secs] 
0.600: [CMS-concurrent-preclean-start]
0.600: [CMS-concurrent-preclean: 0.001/0.001 secs] [Times: user=0.00 sys=0.00, real=0.00 secs] 
0.600: [GC (CMS Final Remark) [YG occupancy: 1124 K (1152 K)]0.600: [Rescan (parallel) , 0.0012545 secs]0.602: [weak refs processing, 0.0000092 secs]0.602: [class unloading, 0.0001884 secs]0.602: [scrub symbol table, 0.0002126 secs]0.602: [scrub string table, 0.0001431 secs][1 CMS-remark: 767K(768K)] 1892K(1920K), 0.0018720 secs] [Times: user=0.01 sys=0.00, real=0.00 secs] 
0.602: [CMS-concurrent-sweep-start]
0.603: [CMS-concurrent-sweep: 0.000/0.000 secs] [Times: user=0.00 sys=0.00, real=0.00 secs] 
0.603: [CMS-concurrent-reset-start]
0.603: [CMS-concurrent-reset: 0.000/0.000 secs] [Times: user=0.00 sys=0.00, real=0.00 secs] 
0.603: [GC (Allocation Failure) 0.603: [ParNew: 1152K->1152K(1152K), 0.0000260 secs]0.603: [CMS: 767K->767K(768K), 0.0033573 secs] 1919K->1770K(1920K), [Metaspace: 3118K->3118K(1056768K)], 0.0034454 secs] [Times: user=0.01 sys=0.00, real=0.01 secs] 
0.606: [GC (CMS Initial Mark) [1 CMS-initial-mark: 767K(768K)] 1773K(1920K), 0.0010779 secs] [Times: user=0.00 sys=0.00, real=0.00 secs] 
0.608: [CMS-concurrent-mark-start]
0.609: [CMS-concurrent-mark: 0.001/0.001 secs] [Times: user=0.00 sys=0.00, real=0.00 secs] 
0.609: [CMS-concurrent-preclean-start]
0.609: [CMS-concurrent-preclean: 0.000/0.000 secs] [Times: user=0.00 sys=0.00, real=0.00 secs] 
0.609: [GC (CMS Final Remark) [YG occupancy: 1110 K (1152 K)]0.609: [Rescan (parallel) , 0.0013331 secs]0.611: [weak refs processing, 0.0000098 secs]0.611: [class unloading, 0.0002120 secs]0.611: [scrub symbol table, 0.0002425 secs]0.611: [scrub string table, 0.0001413 secs][1 CMS-remark: 767K(768K)] 1878K(1920K), 0.0019948 secs] [Times: user=0.01 sys=0.00, real=0.00 secs] 
0.611: [CMS-concurrent-sweep-start]
0.612: [CMS-concurrent-sweep: 0.000/0.000 secs] [Times: user=0.00 sys=0.00, real=0.00 secs] 
0.612: [CMS-concurrent-reset-start]
0.612: [CMS-concurrent-reset: 0.000/0.000 secs] [Times: user=0.00 sys=0.00, real=0.00 secs] 
0.612: [GC (Allocation Failure) 0.612: [ParNew: 1152K->1152K(1152K), 0.0000126 secs]0.612: [CMS: 767K->767K(768K), 0.0037115 secs] 1919K->1779K(1920K), [Metaspace: 3118K->3118K(1056768K)], 0.0037765 secs] [Times: user=0.01 sys=0.00, real=0.00 secs] 
0.616: [GC (CMS Initial Mark) [1 CMS-initial-mark: 767K(768K)] 1783K(1920K), 0.0009945 secs] [Times: user=0.00 sys=0.00, real=0.01 secs] 
0.617: [CMS-concurrent-mark-start]
0.619: [CMS-concurrent-mark: 0.002/0.002 secs] [Times: user=0.00 sys=0.00, real=0.00 secs] 
0.619: [CMS-concurrent-preclean-start]
0.619: [CMS-concurrent-preclean: 0.000/0.000 secs] [Times: user=0.00 sys=0.00, real=0.00 secs] 
0.619: [GC (CMS Final Remark) [YG occupancy: 1127 K (1152 K)]0.619: [Rescan (parallel) , 0.0012094 secs]0.620: [weak refs processing, 0.0000082 secs]0.620: [class unloading, 0.0002651 secs]0.621: [scrub symbol table, 0.0003774 secs]0.621: [scrub string table, 0.0001380 secs][1 CMS-remark: 767K(768K)] 1895K(1920K), 0.0020618 secs] [Times: user=0.01 sys=0.00, real=0.00 secs] 
0.621: [CMS-concurrent-sweep-start]
0.622: [CMS-concurrent-sweep: 0.000/0.000 secs] [Times: user=0.01 sys=0.00, real=0.00 secs] 
0.622: [CMS-concurrent-reset-start]
0.622: [CMS-concurrent-reset: 0.000/0.000 secs] [Times: user=0.00 sys=0.00, real=0.00 secs] 
0.622: [GC (Allocation Failure) 0.622: [ParNew: 1152K->1152K(1152K), 0.0000129 secs]0.622: [CMS: 767K->767K(768K), 0.0036956 secs] 1919K->1788K(1920K), [Metaspace: 3118K->3118K(1056768K)], 0.0037712 secs] [Times: user=0.00 sys=0.00, real=0.00 secs] 
0.626: [GC (CMS Initial Mark) [1 CMS-initial-mark: 767K(768K)] 1791K(1920K), 0.0009318 secs] [Times: user=0.00 sys=0.00, real=0.01 secs] 
0.627: [CMS-concurrent-mark-start]
0.628: [CMS-concurrent-mark: 0.001/0.001 secs] [Times: user=0.00 sys=0.00, real=0.00 secs] 
0.628: [CMS-concurrent-preclean-start]
0.628: [CMS-concurrent-preclean: 0.000/0.000 secs] [Times: user=0.01 sys=0.00, real=0.00 secs] 
0.628: [GC (CMS Final Remark) [YG occupancy: 1117 K (1152 K)]0.628: [Rescan (parallel) , 0.0011484 secs]0.630: [weak refs processing, 0.0000107 secs]0.630: [class unloading, 0.0002013 secs]0.630: [scrub symbol table, 0.0002709 secs]0.630: [scrub string table, 0.0001520 secs][1 CMS-remark: 767K(768K)] 1885K(1920K), 0.0018428 secs] [Times: user=0.00 sys=0.00, real=0.00 secs] 
0.630: [CMS-concurrent-sweep-start]
0.631: [CMS-concurrent-sweep: 0.000/0.000 secs] [Times: user=0.01 sys=0.00, real=0.00 secs] 
0.631: [CMS-concurrent-reset-start]
0.631: [CMS-concurrent-reset: 0.000/0.000 secs] [Times: user=0.00 sys=0.00, real=0.00 secs] 
0.631: [GC (Allocation Failure) 0.631: [ParNew: 1152K->1152K(1152K), 0.0000127 secs]0.631: [CMS: 767K->767K(768K), 0.0039018 secs] 1919K->1796K(1920K), [Metaspace: 3118K->3118K(1056768K)], 0.0039564 secs] [Times: user=0.00 sys=0.00, real=0.00 secs] 
0.635: [GC (CMS Initial Mark) [1 CMS-initial-mark: 767K(768K)] 1796K(1920K), 0.0009591 secs] [Times: user=0.00 sys=0.00, real=0.00 secs] 
0.636: [CMS-concurrent-mark-start]
0.638: [CMS-concurrent-mark: 0.002/0.002 secs] [Times: user=0.01 sys=0.00, real=0.01 secs] 
0.638: [CMS-concurrent-preclean-start]
0.638: [CMS-concurrent-preclean: 0.001/0.001 secs] [Times: user=0.00 sys=0.00, real=0.00 secs] 
0.638: [GC (CMS Final Remark) [YG occupancy: 1137 K (1152 K)]0.638: [Rescan (parallel) , 0.0016821 secs]0.640: [weak refs processing, 0.0000103 secs]0.640: [class unloading, 0.0002244 secs]0.640: [scrub symbol table, 0.0002598 secs]0.640: [scrub string table, 0.0001456 secs][1 CMS-remark: 767K(768K)] 1905K(1920K), 0.0023909 secs] [Times: user=0.01 sys=0.00, real=0.00 secs] 
0.641: [CMS-concurrent-sweep-start]
0.641: [Full GC (Allocation Failure) 0.641: [CMS0.641: [CMS-concurrent-sweep: 0.000/0.000 secs] [Times: user=0.00 sys=0.00, real=0.00 secs] 
 (concurrent mode failure): 767K->767K(768K), 0.0036924 secs] 1919K->1804K(1920K), [Metaspace: 3118K->3118K(1056768K)], 0.0037320 secs] [Times: user=0.00 sys=0.00, real=0.00 secs] 
0.646: [Full GC (Allocation Failure) 0.646: [CMS: 767K->767K(768K), 0.0035056 secs] 1919K->1811K(1920K), [Metaspace: 3118K->3118K(1056768K)], 0.0035388 secs] [Times: user=0.01 sys=0.00, real=0.00 secs] 
0.650: [GC (CMS Initial Mark) [1 CMS-initial-mark: 767K(768K)] 1811K(1920K), 0.0009594 secs] [Times: user=0.00 sys=0.00, real=0.00 secs] 
0.651: [CMS-concurrent-mark-start]
0.652: [CMS-concurrent-mark: 0.001/0.001 secs] [Times: user=0.00 sys=0.00, real=0.00 secs] 
0.652: [CMS-concurrent-preclean-start]
0.653: [CMS-concurrent-preclean: 0.001/0.001 secs] [Times: user=0.00 sys=0.00, real=0.00 secs] 
0.653: [GC (CMS Final Remark) [YG occupancy: 1147 K (1152 K)]0.653: [Rescan (parallel) , 0.0012872 secs]0.654: [weak refs processing, 0.0000087 secs]0.654: [class unloading, 0.0001965 secs]0.654: [scrub symbol table, 0.0002190 secs]0.655: [scrub string table, 0.0001434 secs][1 CMS-remark: 767K(768K)] 1915K(1920K), 0.0019053 secs] [Times: user=0.01 sys=0.00, real=0.00 secs] 
0.655: [CMS-concurrent-sweep-start]
0.655: [Full GC (Allocation Failure) 0.655: [CMS0.655: [CMS-concurrent-sweep: 0.000/0.000 secs] [Times: user=0.01 sys=0.00, real=0.00 secs] 
 (concurrent mode failure): 767K->767K(768K), 0.0038013 secs] 1919K->1818K(1920K), [Metaspace: 3118K->3118K(1056768K)], 0.0038386 secs] [Times: user=0.01 sys=0.00, real=0.01 secs] 
0.660: [Full GC (Allocation Failure) 0.661: [CMS: 767K->767K(768K), 0.0038819 secs] 1919K->1824K(1920K), [Metaspace: 3118K->3118K(1056768K)], 0.0039298 secs] [Times: user=0.00 sys=0.00, real=0.00 secs] 
0.665: [GC (CMS Initial Mark) [1 CMS-initial-mark: 767K(768K)] 1824K(1920K), 0.0009946 secs] [Times: user=0.01 sys=0.00, real=0.00 secs] 
0.666: [CMS-concurrent-mark-start]
0.667: [CMS-concurrent-mark: 0.001/0.001 secs] [Times: user=0.00 sys=0.00, real=0.01 secs] 
0.667: [CMS-concurrent-preclean-start]
0.668: [Full GC (Allocation Failure) 0.668: [CMS0.668: [CMS-concurrent-preclean: 0.001/0.001 secs] [Times: user=0.00 sys=0.00, real=0.00 secs] 
 (concurrent mode failure): 767K->767K(768K), 0.0039971 secs] 1919K->1830K(1920K), [Metaspace: 3118K->3118K(1056768K)], 0.0040470 secs] [Times: user=0.01 sys=0.00, real=0.00 secs] 
0.673: [Full GC (Allocation Failure) 0.673: [CMS: 767K->767K(768K), 0.0039217 secs] 1919K->1836K(1920K), [Metaspace: 3118K->3118K(1056768K)], 0.0039935 secs] [Times: user=0.00 sys=0.00, real=0.01 secs] 
0.677: [GC (CMS Initial Mark) [1 CMS-initial-mark: 767K(768K)] 1836K(1920K), 0.0010844 secs] [Times: user=0.00 sys=0.00, real=0.00 secs] 
0.678: [CMS-concurrent-mark-start]
0.680: [CMS-concurrent-mark: 0.002/0.002 secs] [Times: user=0.01 sys=0.00, real=0.00 secs] 
0.680: [CMS-concurrent-preclean-start]
0.680: [Full GC (Allocation Failure) 0.680: [CMS0.681: [CMS-concurrent-preclean: 0.001/0.001 secs] [Times: user=0.00 sys=0.00, real=0.00 secs] 
 (concurrent mode failure): 767K->767K(768K), 0.0047607 secs] 1919K->1841K(1920K), [Metaspace: 3118K->3118K(1056768K)], 0.0048105 secs] [Times: user=0.00 sys=0.00, real=0.00 secs] 
0.686: [Full GC (Allocation Failure) 0.686: [CMS: 767K->767K(768K), 0.0036542 secs] 1919K->1846K(1920K), [Metaspace: 3118K->3118K(1056768K)], 0.0036909 secs] [Times: user=0.00 sys=0.00, real=0.01 secs] 
0.690: [GC (CMS Initial Mark) [1 CMS-initial-mark: 767K(768K)] 1846K(1920K), 0.0010029 secs] [Times: user=0.00 sys=0.00, real=0.00 secs] 
0.691: [CMS-concurrent-mark-start]
0.693: [CMS-concurrent-mark: 0.002/0.002 secs] [Times: user=0.01 sys=0.00, real=0.00 secs] 
0.693: [CMS-concurrent-preclean-start]
0.693: [Full GC (Allocation Failure) 0.693: [CMS0.694: [CMS-concurrent-preclean: 0.001/0.001 secs] [Times: user=0.00 sys=0.00, real=0.00 secs] 
 (concurrent mode failure): 767K->767K(768K), 0.0041328 secs] 1919K->1850K(1920K), [Metaspace: 3118K->3118K(1056768K)], 0.0041715 secs] [Times: user=0.00 sys=0.00, real=0.01 secs] 
0.698: [Full GC (Allocation Failure) 0.698: [CMS: 767K->767K(768K), 0.0034664 secs] 1919K->1855K(1920K), [Metaspace: 3118K->3118K(1056768K)], 0.0035043 secs] [Times: user=0.01 sys=0.00, real=0.00 secs] 
0.702: [GC (CMS Initial Mark) [1 CMS-initial-mark: 767K(768K)] 1855K(1920K), 0.0009512 secs] [Times: user=0.00 sys=0.00, real=0.00 secs] 
0.703: [CMS-concurrent-mark-start]
0.704: [CMS-concurrent-mark: 0.001/0.001 secs] [Times: user=0.00 sys=0.00, real=0.00 secs] 
0.704: [CMS-concurrent-preclean-start]
0.705: [Full GC (Allocation Failure) 0.705: [CMS0.705: [CMS-concurrent-preclean: 0.001/0.001 secs] [Times: user=0.00 sys=0.00, real=0.00 secs] 
 (concurrent mode failure): 767K->767K(768K), 0.0048880 secs] 1919K->1859K(1920K), [Metaspace: 3118K->3118K(1056768K)], 0.0049353 secs] [Times: user=0.01 sys=0.00, real=0.01 secs] 
0.711: [Full GC (Allocation Failure) 0.711: [CMS: 767K->767K(768K), 0.0038867 secs] 1919K->1863K(1920K), [Metaspace: 3118K->3118K(1056768K)], 0.0039256 secs] [Times: user=0.00 sys=0.00, real=0.00 secs] 
0.715: [GC (CMS Initial Mark) [1 CMS-initial-mark: 767K(768K)] 1863K(1920K), 0.0011442 secs] [Times: user=0.00 sys=0.00, real=0.00 secs] 
0.716: [CMS-concurrent-mark-start]
0.717: [Full GC (Allocation Failure) 0.717: [CMS0.719: [CMS-concurrent-mark: 0.002/0.003 secs] [Times: user=0.01 sys=0.00, real=0.01 secs] 
 (concurrent mode failure): 767K->767K(768K), 0.0064061 secs] 1919K->1866K(1920K), [Metaspace: 3118K->3118K(1056768K)], 0.0064491 secs] [Times: user=0.00 sys=0.00, real=0.00 secs] 
0.725: [Full GC (Allocation Failure) 0.725: [CMS: 767K->767K(768K), 0.0047994 secs] 1919K->1869K(1920K), [Metaspace: 3118K->3118K(1056768K)], 0.0048618 secs] [Times: user=0.01 sys=0.00, real=0.01 secs] 
0.730: [GC (CMS Initial Mark) [1 CMS-initial-mark: 767K(768K)] 1870K(1920K), 0.0012507 secs] [Times: user=0.00 sys=0.00, real=0.00 secs] 
0.731: [CMS-concurrent-mark-start]
0.733: [Full GC (Allocation Failure) 0.733: [CMS0.734: [CMS-concurrent-mark: 0.002/0.003 secs] [Times: user=0.01 sys=0.00, real=0.00 secs] 
 (concurrent mode failure): 767K->767K(768K), 0.0059199 secs] 1919K->1873K(1920K), [Metaspace: 3118K->3118K(1056768K)], 0.0059787 secs] [Times: user=0.00 sys=0.00, real=0.01 secs] 
0.740: [Full GC (Allocation Failure) 0.740: [CMS: 767K->767K(768K), 0.0045144 secs] 1919K->1876K(1920K), [Metaspace: 3118K->3118K(1056768K)], 0.0045735 secs] [Times: user=0.01 sys=0.00, real=0.00 secs] 
0.745: [GC (CMS Initial Mark) [1 CMS-initial-mark: 767K(768K)] 1876K(1920K), 0.0012384 secs] [Times: user=0.00 sys=0.00, real=0.00 secs] 
0.746: [CMS-concurrent-mark-start]
0.747: [Full GC (Allocation Failure) 0.747: [CMS0.749: [CMS-concurrent-mark: 0.002/0.003 secs] [Times: user=0.01 sys=0.00, real=0.01 secs] 
 (concurrent mode failure): 767K->767K(768K), 0.0063260 secs] 1919K->1878K(1920K), [Metaspace: 3118K->3118K(1056768K)], 0.0063961 secs] [Times: user=0.00 sys=0.00, real=0.00 secs] 
0.754: [Full GC (Allocation Failure) 0.755: [CMS: 767K->767K(768K), 0.0043559 secs] 1919K->1881K(1920K), [Metaspace: 3118K->3118K(1056768K)], 0.0044081 secs] [Times: user=0.01 sys=0.00, real=0.01 secs] 
0.759: [GC (CMS Initial Mark) [1 CMS-initial-mark: 767K(768K)] 1881K(1920K), 0.0010775 secs] [Times: user=0.00 sys=0.00, real=0.00 secs] 
0.760: [CMS-concurrent-mark-start]
0.761: [Full GC (Allocation Failure) 0.761: [CMS0.763: [CMS-concurrent-mark: 0.002/0.003 secs] [Times: user=0.00 sys=0.00, real=0.00 secs] 
 (concurrent mode failure): 767K->767K(768K), 0.0064782 secs] 1919K->1883K(1920K), [Metaspace: 3118K->3118K(1056768K)], 0.0065292 secs] [Times: user=0.01 sys=0.00, real=0.01 secs] 
0.769: [Full GC (Allocation Failure) 0.769: [CMS: 767K->767K(768K), 0.0044850 secs] 1919K->1886K(1920K), [Metaspace: 3118K->3118K(1056768K)], 0.0045410 secs] [Times: user=0.00 sys=0.00, real=0.00 secs] 
0.773: [GC (CMS Initial Mark) [1 CMS-initial-mark: 767K(768K)] 1886K(1920K), 0.0017758 secs] [Times: user=0.01 sys=0.00, real=0.00 secs] 
0.775: [CMS-concurrent-mark-start]
0.777: [Full GC (Allocation Failure) 0.777: [CMS0.778: [CMS-concurrent-mark: 0.002/0.003 secs] [Times: user=0.00 sys=0.00, real=0.01 secs] 
 (concurrent mode failure): 767K->767K(768K), 0.0064620 secs] 1919K->1888K(1920K), [Metaspace: 3118K->3118K(1056768K)], 0.0065185 secs] [Times: user=0.01 sys=0.00, real=0.00 secs] 
0.784: [Full GC (Allocation Failure) 0.784: [CMS: 767K->767K(768K), 0.0050546 secs] 1919K->1890K(1920K), [Metaspace: 3118K->3118K(1056768K)], 0.0051335 secs] [Times: user=0.00 sys=0.00, real=0.01 secs] 
0.789: [GC (CMS Initial Mark) [1 CMS-initial-mark: 767K(768K)] 1890K(1920K), 0.0012232 secs] [Times: user=0.00 sys=0.00, real=0.00 secs] 
0.790: [CMS-concurrent-mark-start]
0.791: [Full GC (Allocation Failure) 0.791: [CMS0.793: [CMS-concurrent-mark: 0.002/0.003 secs] [Times: user=0.01 sys=0.00, real=0.00 secs] 
 (concurrent mode failure): 767K->767K(768K), 0.0062338 secs] 1919K->1892K(1920K), [Metaspace: 3118K->3118K(1056768K)], 0.0062891 secs] [Times: user=0.00 sys=0.00, real=0.01 secs] 
0.799: [Full GC (Allocation Failure) 0.799: [CMS: 767K->767K(768K), 0.0043638 secs] 1919K->1893K(1920K), [Metaspace: 3118K->3118K(1056768K)], 0.0044159 secs] [Times: user=0.01 sys=0.00, real=0.00 secs] 
0.803: [GC (CMS Initial Mark) [1 CMS-initial-mark: 767K(768K)] 1893K(1920K), 0.0010609 secs] [Times: user=0.00 sys=0.00, real=0.00 secs] 
0.804: [CMS-concurrent-mark-start]
0.805: [Full GC (Allocation Failure) 0.805: [CMS0.807: [CMS-concurrent-mark: 0.002/0.003 secs] [Times: user=0.01 sys=0.00, real=0.01 secs] 
 (concurrent mode failure): 767K->767K(768K), 0.0060997 secs] 1919K->1895K(1920K), [Metaspace: 3118K->3118K(1056768K)], 0.0063600 secs] [Times: user=0.01 sys=0.00, real=0.01 secs] 
0.812: [Full GC (Allocation Failure) 0.812: [CMS: 767K->767K(768K), 0.0042976 secs] 1919K->1896K(1920K), [Metaspace: 3118K->3118K(1056768K)], 0.0043455 secs] [Times: user=0.00 sys=0.00, real=0.01 secs] 
0.817: [GC (CMS Initial Mark) [1 CMS-initial-mark: 767K(768K)] 1896K(1920K), 0.0013766 secs] [Times: user=0.01 sys=0.00, real=0.00 secs] 
0.818: [CMS-concurrent-mark-start]
0.819: [Full GC (Allocation Failure) 0.819: [CMS0.821: [CMS-concurrent-mark: 0.002/0.003 secs] [Times: user=0.00 sys=0.00, real=0.00 secs] 
 (concurrent mode failure): 767K->767K(768K), 0.0062175 secs] 1919K->1898K(1920K), [Metaspace: 3118K->3118K(1056768K)], 0.0062695 secs] [Times: user=0.00 sys=0.00, real=0.00 secs] 
0.826: [Full GC (Allocation Failure) 0.826: [CMS: 767K->767K(768K), 0.0042558 secs] 1919K->1899K(1920K), [Metaspace: 3118K->3118K(1056768K)], 0.0043082 secs] [Times: user=0.00 sys=0.00, real=0.01 secs] 
0.830: [GC (CMS Initial Mark) [1 CMS-initial-mark: 767K(768K)] 1899K(1920K), 0.0010787 secs] [Times: user=0.00 sys=0.00, real=0.00 secs] 
0.831: [CMS-concurrent-mark-start]
0.832: [Full GC (Allocation Failure) 0.832: [CMS0.834: [CMS-concurrent-mark: 0.002/0.003 secs] [Times: user=0.01 sys=0.00, real=0.00 secs] 
 (concurrent mode failure): 767K->767K(768K), 0.0064353 secs] 1919K->1900K(1920K), [Metaspace: 3118K->3118K(1056768K)], 0.0064896 secs] [Times: user=0.01 sys=0.00, real=0.01 secs] 
0.839: [Full GC (Allocation Failure) 0.839: [CMS: 767K->767K(768K), 0.0039056 secs] 1919K->1902K(1920K), [Metaspace: 3118K->3118K(1056768K)], 0.0039497 secs] [Times: user=0.00 sys=0.00, real=0.00 secs] 
0.843: [GC (CMS Initial Mark) [1 CMS-initial-mark: 767K(768K)] 1902K(1920K), 0.0009412 secs] [Times: user=0.01 sys=0.00, real=0.00 secs] 
0.844: [CMS-concurrent-mark-start]
0.845: [Full GC (Allocation Failure) 0.845: [CMS0.847: [CMS-concurrent-mark: 0.002/0.003 secs] [Times: user=0.00 sys=0.00, real=0.01 secs] 
 (concurrent mode failure): 767K->767K(768K), 0.0057661 secs] 1919K->1903K(1920K), [Metaspace: 3118K->3118K(1056768K)], 0.0058519 secs] [Times: user=0.00 sys=0.00, real=0.01 secs] 
0.851: [Full GC (Allocation Failure) 0.851: [CMS: 767K->767K(768K), 0.0036642 secs] 1919K->1904K(1920K), [Metaspace: 3118K->3118K(1056768K)], 0.0037052 secs] [Times: user=0.01 sys=0.00, real=0.00 secs] 
0.855: [GC (CMS Initial Mark) [1 CMS-initial-mark: 767K(768K)] 1904K(1920K), 0.0011612 secs] [Times: user=0.00 sys=0.00, real=0.00 secs] 
0.856: [CMS-concurrent-mark-start]
0.856: [Full GC (Allocation Failure) 0.856: [CMS0.858: [CMS-concurrent-mark: 0.001/0.003 secs] [Times: user=0.00 sys=0.00, real=0.01 secs] 
 (concurrent mode failure): 767K->767K(768K), 0.0067613 secs] 1919K->1905K(1920K), [Metaspace: 3118K->3118K(1056768K)], 0.0068211 secs] [Times: user=0.01 sys=0.00, real=0.01 secs] 
0.864: [Full GC (Allocation Failure) 0.864: [CMS: 767K->767K(768K), 0.0068314 secs] 1919K->1906K(1920K), [Metaspace: 3118K->3118K(1056768K)], 0.0069086 secs] [Times: user=0.00 sys=0.00, real=0.01 secs] 
0.871: [GC (CMS Initial Mark) [1 CMS-initial-mark: 767K(768K)] 1906K(1920K), 0.0015857 secs] [Times: user=0.01 sys=0.00, real=0.00 secs] 
0.872: [CMS-concurrent-mark-start]
0.873: [Full GC (Allocation Failure) 0.873: [CMS0.875: [CMS-concurrent-mark: 0.002/0.003 secs] [Times: user=0.00 sys=0.00, real=0.00 secs] 
 (concurrent mode failure): 767K->767K(768K), 0.0077486 secs] 1919K->1907K(1920K), [Metaspace: 3118K->3118K(1056768K)], 0.0078140 secs] [Times: user=0.01 sys=0.01, real=0.01 secs] 
0.881: [Full GC (Allocation Failure) 0.881: [CMS: 767K->767K(768K), 0.0049769 secs] 1919K->1907K(1920K), [Metaspace: 3118K->3118K(1056768K)], 0.0050382 secs] [Times: user=0.00 sys=0.00, real=0.00 secs] 
0.886: [GC (CMS Initial Mark) [1 CMS-initial-mark: 767K(768K)] 1907K(1920K), 0.0012604 secs] [Times: user=0.00 sys=0.00, real=0.00 secs] 
0.888: [CMS-concurrent-mark-start]
0.888: [Full GC (Allocation Failure) 0.888: [CMS0.891: [CMS-concurrent-mark: 0.002/0.003 secs] [Times: user=0.01 sys=0.00, real=0.00 secs] 
 (concurrent mode failure): 767K->767K(768K), 0.0076572 secs] 1919K->1908K(1920K), [Metaspace: 3118K->3118K(1056768K)], 0.0077136 secs] [Times: user=0.00 sys=0.00, real=0.00 secs] 
0.896: [Full GC (Allocation Failure) 0.897: [CMS: 767K->767K(768K), 0.0050335 secs] 1919K->1909K(1920K), [Metaspace: 3118K->3118K(1056768K)], 0.0051109 secs] [Times: user=0.00 sys=0.00, real=0.00 secs] 
0.902: [GC (CMS Initial Mark) [1 CMS-initial-mark: 767K(768K)] 1909K(1920K), 0.0014776 secs] [Times: user=0.00 sys=0.00, real=0.00 secs] 
0.903: [CMS-concurrent-mark-start]
0.904: [Full GC (Allocation Failure) 0.904: [CMS0.906: [CMS-concurrent-mark: 0.002/0.003 secs] [Times: user=0.01 sys=0.00, real=0.00 secs] 
 (concurrent mode failure): 767K->767K(768K), 0.0072916 secs] 1911K->1909K(1920K), [Metaspace: 3118K->3118K(1056768K)], 0.0073653 secs] [Times: user=0.01 sys=0.00, real=0.01 secs] 
0.911: [Full GC (Allocation Failure) 0.911: [CMS: 767K->767K(768K), 0.0050215 secs] 1909K->1909K(1920K), [Metaspace: 3118K->3118K(1056768K)], 0.0050756 secs] [Times: user=0.01 sys=0.00, real=0.00 secs] 
0.933: [Full GC (Allocation Failure) 0.933: [CMS: 767K->395K(768K), 0.0027797 secs] 1911K->395K(1920K), [Metaspace: 3122K->3122K(1056768K)], 0.0028517 secs] [Times: user=0.00 sys=0.00, real=0.00 secs] 
Heap
 par new generation   total 1152K, used 44K [0x00000007bfe00000, 0x00000007bff40000, 0x00000007bff40000)
  eden space 1024K,   4% used [0x00000007bfe00000, 0x00000007bfe0b290, 0x00000007bff00000)
  from space 128K,   0% used [0x00000007bff20000, 0x00000007bff20000, 0x00000007bff40000)
  to   space 128K,   0% used [0x00000007bff00000, 0x00000007bff00000, 0x00000007bff20000)
 concurrent mark-sweep generation total 768K, used 395K [0x00000007bff40000, 0x00000007c0000000, 0x00000007c0000000)
 Metaspace       used 3149K, capacity 4500K, committed 4864K, reserved 1056768K
  class space    used 342K, capacity 388K, committed 512K, reserved 1048576K
