Java HotSpot(TM) 64-Bit Server VM (25.211-b12) for bsd-amd64 JRE (1.8.0_211-b12), built on Apr  1 2019 20:53:18 by "java_re" with gcc 4.2.1 (Based on Apple Inc. build 5658) (LLVM build 2336.11.00)
Memory: 4k page, physical 16777216k(353336k free)

/proc/meminfo:

CommandLine flags: -XX:InitialHeapSize=209715200 -XX:MaxHeapSize=209715200 -XX:MaxNewSize=104857600 -XX:MaxTenuringThreshold=15 -XX:NewSize=104857600 -XX:OldPLABSize=16 -XX:PretenureSizeThreshold=3145728 -XX:+PrintGC -XX:+PrintGCDetails -XX:+PrintGCTimeStamps -XX:SurvivorRatio=8 -XX:+UseCompressedClassPointers -XX:+UseCompressedOops -XX:+UseConcMarkSweepGC -XX:+UseParNewGC 
45.185: [GC (Allocation Failure) 45.186: [ParNew: 81865K->432K(92160K), 0.0009082 secs] 81865K->432K(194560K), 0.0013505 secs] [Times: user=0.00 sys=0.00, real=0.00 secs] 
62.243: [GC (Allocation Failure) 62.243: [ParNew: 82328K->430K(92160K), 0.0016703 secs] 82328K->430K(194560K), 0.0017532 secs] [Times: user=0.00 sys=0.00, real=0.01 secs] 
78.292: [GC (Allocation Failure) 78.293: [ParNew: 82350K->474K(92160K), 0.0007431 secs] 82350K->474K(194560K), 0.0008156 secs] [Times: user=0.00 sys=0.00, real=0.00 secs] 
94.341: [GC (Allocation Failure) 94.341: [ParNew: 82394K->504K(92160K), 0.0005795 secs] 82394K->504K(194560K), 0.0006444 secs] [Times: user=0.00 sys=0.00, real=0.00 secs] 
110.391: [GC (Allocation Failure) 110.391: [ParNew: 82424K->476K(92160K), 0.0006041 secs] 82424K->476K(194560K), 0.0006740 secs] [Times: user=0.01 sys=0.00, real=0.00 secs] 
Heap
 par new generation   total 92160K, used 50112K [0x00000007b3800000, 0x00000007b9c00000, 0x00000007b9c00000)
  eden space 81920K,  60% used [0x00000007b3800000, 0x00000007b6878f70, 0x00000007b8800000)
  from space 10240K,   4% used [0x00000007b9200000, 0x00000007b92772b0, 0x00000007b9c00000)
  to   space 10240K,   0% used [0x00000007b8800000, 0x00000007b8800000, 0x00000007b9200000)
 concurrent mark-sweep generation total 102400K, used 0K [0x00000007b9c00000, 0x00000007c0000000, 0x00000007c0000000)
 Metaspace       used 2546K, capacity 4486K, committed 4864K, reserved 1056768K
  class space    used 274K, capacity 386K, committed 512K, reserved 1048576K
