Java HotSpot(TM) 64-Bit Server VM (25.211-b12) for bsd-amd64 JRE (1.8.0_211-b12), built on Apr  1 2019 20:53:18 by "java_re" with gcc 4.2.1 (Based on Apple Inc. build 5658) (LLVM build 2336.11.00)
Memory: 4k page, physical 16777216k(494216k free)

/proc/meminfo:

CommandLine flags: -XX:InitialHeapSize=209715200 -XX:MaxHeapSize=209715200 -XX:MaxNewSize=104857600 -XX:MaxTenuringThreshold=15 -XX:NewSize=104857600 -XX:OldPLABSize=16 -XX:PretenureSizeThreshold=209715200 -XX:+PrintGC -XX:+PrintGCDetails -XX:+PrintGCTimeStamps -XX:SurvivorRatio=8 -XX:+UseCompressedClassPointers -XX:+UseCompressedOops -XX:+UseConcMarkSweepGC -XX:+UseParNewGC 
30.105: [GC (Allocation Failure) 30.106: [ParNew: 72917K->1194K(92160K), 0.0160972 secs] 72917K->21676K(194560K), 0.0167892 secs] [Times: user=0.13 sys=0.01, real=0.02 secs] 
31.144: [GC (Allocation Failure) 31.144: [ParNew: 78072K->2058K(92160K), 0.0167151 secs] 98554K->32782K(194560K), 0.0167924 secs] [Times: user=0.12 sys=0.01, real=0.02 secs] 
32.171: [GC (Allocation Failure) 32.172: [ParNew: 76252K->2233K(92160K), 0.0011092 secs] 106976K->32958K(194560K), 0.0011707 secs] [Times: user=0.01 sys=0.00, real=0.00 secs] 
33.184: [GC (Allocation Failure) 33.184: [ParNew: 76103K->2396K(92160K), 0.0098285 secs] 106827K->43362K(194560K), 0.0099463 secs] [Times: user=0.08 sys=0.01, real=0.01 secs] 
34.205: [GC (Allocation Failure) 34.205: [ParNew: 76055K->1967K(92160K), 0.0093820 secs] 117022K->53175K(194560K), 0.0094638 secs] [Times: user=0.08 sys=0.01, real=0.01 secs] 
34.215: [GC (CMS Initial Mark) [1 CMS-initial-mark: 51208K(102400K)] 63415K(194560K), 0.0010250 secs] [Times: user=0.00 sys=0.00, real=0.00 secs] 
34.216: [CMS-concurrent-mark-start]
34.217: [CMS-concurrent-mark: 0.000/0.000 secs] [Times: user=0.00 sys=0.00, real=0.00 secs] 
34.217: [CMS-concurrent-preclean-start]
34.217: [CMS-concurrent-preclean: 0.000/0.000 secs] [Times: user=0.00 sys=0.00, real=0.00 secs] 
34.217: [CMS-concurrent-abortable-preclean-start]
35.225: [GC (Allocation Failure) 35.225: [ParNew: 75492K->2154K(92160K), 0.0086190 secs] 126700K->63604K(194560K), 0.0087166 secs] [Times: user=0.05 sys=0.01, real=0.01 secs] 
35.350: [CMS-concurrent-abortable-preclean: 0.094/1.133 secs] [Times: user=0.16 sys=0.01, real=1.14 secs] 
35.350: [GC (CMS Final Remark) [YG occupancy: 75401 K (92160 K)]35.350: [Rescan (parallel) , 0.0004496 secs]35.351: [weak refs processing, 0.0000794 secs]35.351: [class unloading, 0.0029217 secs]35.354: [scrub symbol table, 0.0007949 secs]35.355: [scrub string table, 0.0003006 secs][1 CMS-remark: 61450K(102400K)] 136851K(194560K), 0.0048469 secs] [Times: user=0.01 sys=0.00, real=0.00 secs] 
35.355: [CMS-concurrent-sweep-start]
35.356: [CMS-concurrent-sweep: 0.000/0.000 secs] [Times: user=0.00 sys=0.00, real=0.00 secs] 
35.356: [CMS-concurrent-reset-start]
35.357: [CMS-concurrent-reset: 0.001/0.001 secs] [Times: user=0.00 sys=0.00, real=0.00 secs] 
36.246: [GC (Allocation Failure) 36.246: [ParNew: 75592K->2360K(92160K), 0.0019385 secs] 96083K->22850K(194560K), 0.0020146 secs] [Times: user=0.01 sys=0.00, real=0.00 secs] 
36.255: [GC (Allocation Failure) 36.255: [ParNew: 75618K->2268K(92160K), 0.0077068 secs] 96108K->53479K(194560K), 0.0077968 secs] [Times: user=0.05 sys=0.01, real=0.01 secs] 
36.264: [GC (CMS Initial Mark) [1 CMS-initial-mark: 51210K(102400K)] 63719K(194560K), 0.0004949 secs] [Times: user=0.00 sys=0.00, real=0.00 secs] 
36.265: [CMS-concurrent-mark-start]
36.265: [CMS-concurrent-mark: 0.000/0.000 secs] [Times: user=0.00 sys=0.00, real=0.00 secs] 
36.265: [CMS-concurrent-preclean-start]
36.265: [CMS-concurrent-preclean: 0.000/0.000 secs] [Times: user=0.00 sys=0.00, real=0.00 secs] 
36.265: [CMS-concurrent-abortable-preclean-start]
37.277: [GC (Allocation Failure) 37.277: [ParNew: 75660K->2423K(92160K), 0.0092667 secs] 126870K->74113K(194560K), 0.0093948 secs] [Times: user=0.08 sys=0.01, real=0.01 secs] 
38.296: [GC (Allocation Failure) 38.297: [ParNew: 75776K->75776K(92160K), 0.0000238 secs]38.297: [CMS38.297: [CMS-concurrent-abortable-preclean: 0.156/2.031 secs] [Times: user=0.26 sys=0.01, real=2.03 secs] 
 (concurrent mode failure): 71690K->11679K(102400K), 0.0083048 secs] 147466K->11679K(194560K), [Metaspace: 6173K->6173K(1056768K)], 0.0084313 secs] [Times: user=0.01 sys=0.00, real=0.01 secs] 
39.316: [GC (Allocation Failure) 39.316: [ParNew: 73327K->0K(92160K), 0.0006463 secs] 85007K->11679K(194560K), 0.0006938 secs] [Times: user=0.00 sys=0.00, real=0.00 secs] 
40.326: [GC (Allocation Failure) 40.326: [ParNew: 73311K->0K(92160K), 0.0017171 secs] 84991K->21921K(194560K), 0.0020321 secs] [Times: user=0.02 sys=0.00, real=0.00 secs] 
41.337: [GC (Allocation Failure) 41.337: [ParNew: 73301K->0K(92160K), 0.0028973 secs] 95222K->32163K(194560K), 0.0030195 secs] [Times: user=0.02 sys=0.00, real=0.01 secs] 
42.352: [GC (Allocation Failure) 42.352: [ParNew: 73294K->0K(92160K), 0.0016544 secs] 105458K->42403K(194560K), 0.0017488 secs] [Times: user=0.01 sys=0.00, real=0.00 secs] 
43.365: [GC (Allocation Failure) 43.365: [ParNew: 73290K->0K(92160K), 0.0004140 secs] 115694K->42403K(194560K), 0.0004816 secs] [Times: user=0.00 sys=0.00, real=0.00 secs] 
43.371: [GC (Allocation Failure) 43.371: [ParNew: 73281K->0K(92160K), 0.0080848 secs] 115685K->73123K(194560K), 0.0081613 secs] [Times: user=0.07 sys=0.00, real=0.01 secs] 
43.381: [GC (CMS Initial Mark) [1 CMS-initial-mark: 73123K(102400K)] 83363K(194560K), 0.0002485 secs] [Times: user=0.00 sys=0.00, real=0.00 secs] 
43.381: [CMS-concurrent-mark-start]
43.383: [CMS-concurrent-mark: 0.002/0.002 secs] [Times: user=0.00 sys=0.00, real=0.00 secs] 
43.383: [CMS-concurrent-preclean-start]
43.384: [CMS-concurrent-preclean: 0.000/0.000 secs] [Times: user=0.00 sys=0.00, real=0.00 secs] 
43.384: [CMS-concurrent-abortable-preclean-start]
44.390: [GC (Allocation Failure) 44.390: [ParNew: 73288K->73288K(92160K), 0.0000224 secs]44.390: [CMS44.390: [CMS-concurrent-abortable-preclean: 0.002/1.007 secs] [Times: user=0.02 sys=0.00, real=1.01 secs] 
 (concurrent mode failure): 73123K->21919K(102400K), 0.0079070 secs] 146411K->21919K(194560K), [Metaspace: 6173K->6173K(1056768K)], 0.0080195 secs] [Times: user=0.00 sys=0.00, real=0.00 secs] 
45.410: [GC (Allocation Failure) 45.410: [ParNew: 73286K->0K(92160K), 0.0032048 secs] 95205K->32161K(194560K), 0.0032916 secs] [Times: user=0.01 sys=0.00, real=0.00 secs] 
46.424: [GC (Allocation Failure) 46.424: [ParNew: 73837K->18K(92160K), 0.0012331 secs] 105999K->32179K(194560K), 0.0013051 secs] [Times: user=0.01 sys=0.00, real=0.00 secs] 
47.434: [GC (Allocation Failure) 47.434: [ParNew: 73646K->18K(92160K), 0.0016950 secs] 105808K->42419K(194560K), 0.0017828 secs] [Times: user=0.01 sys=0.00, real=0.00 secs] 
48.444: [GC (Allocation Failure) 48.444: [ParNew: 73299K->18K(92160K), 0.0015016 secs] 115700K->52661K(194560K), 0.0015779 secs] [Times: user=0.02 sys=0.00, real=0.00 secs] 
49.454: [GC (Allocation Failure) 49.454: [ParNew: 73301K->18K(92160K), 0.0015395 secs] 125944K->62901K(194560K), 0.0016120 secs] [Times: user=0.01 sys=0.00, real=0.00 secs] 
50.468: [GC (Allocation Failure) 50.468: [ParNew: 73302K->16K(92160K), 0.0004510 secs] 136186K->62899K(194560K), 0.0005081 secs] [Times: user=0.00 sys=0.00, real=0.00 secs] 
50.473: [GC (Allocation Failure) 50.473: [ParNew: 73297K->16K(92160K), 0.0133279 secs] 136180K->93619K(194560K), 0.0133835 secs] [Times: user=0.12 sys=0.01, real=0.01 secs] 
50.488: [GC (CMS Initial Mark) [1 CMS-initial-mark: 93603K(102400K)] 103859K(194560K), 0.0002350 secs] [Times: user=0.00 sys=0.00, real=0.00 secs] 
50.488: [CMS-concurrent-mark-start]
50.490: [CMS-concurrent-mark: 0.002/0.002 secs] [Times: user=0.00 sys=0.00, real=0.01 secs] 
50.490: [CMS-concurrent-preclean-start]
50.490: [CMS-concurrent-preclean: 0.000/0.000 secs] [Times: user=0.01 sys=0.00, real=0.00 secs] 
50.490: [CMS-concurrent-abortable-preclean-start]
50.490: [CMS-concurrent-abortable-preclean: 0.000/0.000 secs] [Times: user=0.00 sys=0.00, real=0.00 secs] 
50.490: [GC (CMS Final Remark) [YG occupancy: 10256 K (92160 K)]50.490: [Rescan (parallel) , 0.0007174 secs]50.491: [weak refs processing, 0.0001370 secs]50.491: [class unloading, 0.0012200 secs]50.492: [scrub symbol table, 0.0007277 secs]50.493: [scrub string table, 0.0002326 secs][1 CMS-remark: 93603K(102400K)] 103859K(194560K), 0.0031564 secs] [Times: user=0.00 sys=0.00, real=0.00 secs] 
50.493: [CMS-concurrent-sweep-start]
50.494: [CMS-concurrent-sweep: 0.001/0.001 secs] [Times: user=0.00 sys=0.00, real=0.00 secs] 
50.494: [CMS-concurrent-reset-start]
50.494: [CMS-concurrent-reset: 0.000/0.000 secs] [Times: user=0.00 sys=0.00, real=0.00 secs] 
51.498: [GC (Allocation Failure) 51.498: [ParNew: 73301K->18K(92160K), 0.0032047 secs] 105465K->52661K(194560K), 0.0032647 secs] [Times: user=0.03 sys=0.00, real=0.01 secs] 
51.502: [GC (CMS Initial Mark) [1 CMS-initial-mark: 52643K(102400K)] 62901K(194560K), 0.0004013 secs] [Times: user=0.00 sys=0.00, real=0.00 secs] 
51.503: [CMS-concurrent-mark-start]
51.505: [CMS-concurrent-mark: 0.002/0.002 secs] [Times: user=0.01 sys=0.00, real=0.00 secs] 
51.505: [CMS-concurrent-preclean-start]
51.505: [CMS-concurrent-preclean: 0.000/0.000 secs] [Times: user=0.00 sys=0.00, real=0.00 secs] 
51.505: [CMS-concurrent-abortable-preclean-start]
52.513: [GC (Allocation Failure) 52.513: [ParNew: 73304K->16K(92160K), 0.0020000 secs] 125947K->62899K(194560K), 0.0020948 secs] [Times: user=0.01 sys=0.00, real=0.00 secs] 
53.525: [GC (Allocation Failure) 53.525: [ParNew: 73302K->20K(92160K), 0.0012483 secs] 136186K->62903K(194560K), 0.0013303 secs] [Times: user=0.01 sys=0.00, real=0.00 secs] 
53.735: [CMS-concurrent-abortable-preclean: 0.006/2.230 secs] [Times: user=0.06 sys=0.01, real=2.23 secs] 
53.735: [GC (CMS Final Remark) [YG occupancy: 42586 K (92160 K)]53.735: [Rescan (parallel) , 0.0002121 secs]53.735: [weak refs processing, 0.0000779 secs]53.735: [class unloading, 0.0010470 secs]53.736: [scrub symbol table, 0.0004542 secs]53.737: [scrub string table, 0.0002143 secs][1 CMS-remark: 62883K(102400K)] 105470K(194560K), 0.0020836 secs] [Times: user=0.00 sys=0.00, real=0.00 secs] 
53.737: [CMS-concurrent-sweep-start]
53.737: [CMS-concurrent-sweep: 0.001/0.001 secs] [Times: user=0.00 sys=0.00, real=0.00 secs] 
53.737: [CMS-concurrent-reset-start]
53.737: [CMS-concurrent-reset: 0.000/0.000 secs] [Times: user=0.00 sys=0.00, real=0.00 secs] 
54.537: [GC (Allocation Failure) 54.537: [ParNew: 73511K->16K(92160K), 0.0018132 secs] 105674K->42419K(194560K), 0.0019074 secs] [Times: user=0.01 sys=0.00, real=0.01 secs] 
55.546: [GC (Allocation Failure) 55.546: [ParNew: 73301K->16K(92160K), 0.0041487 secs] 115704K->52659K(194560K), 0.0045861 secs] [Times: user=0.03 sys=0.00, real=0.01 secs] 
56.561: [GC (Allocation Failure) 56.561: [ParNew: 73301K->16K(92160K), 0.0023986 secs] 125945K->62899K(194560K), 0.0024832 secs] [Times: user=0.01 sys=0.00, real=0.00 secs] 
57.574: [GC (Allocation Failure) 57.574: [ParNew: 73302K->16K(92160K), 0.0011522 secs] 136185K->62899K(194560K), 0.0012338 secs] [Times: user=0.01 sys=0.00, real=0.00 secs] 
57.582: [GC (Allocation Failure) 57.582: [ParNew: 73298K->18K(92160K), 0.0055296 secs] 136181K->93621K(194560K), 0.0056031 secs] [Times: user=0.04 sys=0.01, real=0.00 secs] 
57.589: [GC (CMS Initial Mark) [1 CMS-initial-mark: 93603K(102400K)] 103861K(194560K), 0.0002766 secs] [Times: user=0.00 sys=0.00, real=0.01 secs] 
57.589: [CMS-concurrent-mark-start]
57.592: [CMS-concurrent-mark: 0.002/0.002 secs] [Times: user=0.01 sys=0.00, real=0.00 secs] 
57.592: [CMS-concurrent-preclean-start]
57.592: [CMS-concurrent-preclean: 0.000/0.000 secs] [Times: user=0.00 sys=0.00, real=0.00 secs] 
57.592: [CMS-concurrent-abortable-preclean-start]
57.592: [CMS-concurrent-abortable-preclean: 0.000/0.000 secs] [Times: user=0.00 sys=0.00, real=0.00 secs] 
57.592: [GC (CMS Final Remark) [YG occupancy: 10258 K (92160 K)]57.592: [Rescan (parallel) , 0.0002591 secs]57.592: [weak refs processing, 0.0000794 secs]57.592: [class unloading, 0.0011015 secs]57.594: [scrub symbol table, 0.0005150 secs]57.594: [scrub string table, 0.0002326 secs][1 CMS-remark: 93603K(102400K)] 103861K(194560K), 0.0023050 secs] [Times: user=0.00 sys=0.00, real=0.00 secs] 
57.594: [CMS-concurrent-sweep-start]
57.595: [CMS-concurrent-sweep: 0.001/0.001 secs] [Times: user=0.01 sys=0.00, real=0.00 secs] 
57.595: [CMS-concurrent-reset-start]
57.595: [CMS-concurrent-reset: 0.000/0.000 secs] [Times: user=0.00 sys=0.00, real=0.00 secs] 
58.599: [GC (Allocation Failure) 58.599: [ParNew: 73304K->18K(92160K), 0.0035842 secs] 105468K->52663K(194560K), 0.0036830 secs] [Times: user=0.03 sys=0.00, real=0.01 secs] 
58.604: [GC (CMS Initial Mark) [1 CMS-initial-mark: 52645K(102400K)] 62903K(194560K), 0.0001926 secs] [Times: user=0.00 sys=0.00, real=0.00 secs] 
58.604: [CMS-concurrent-mark-start]
58.607: [CMS-concurrent-mark: 0.003/0.003 secs] [Times: user=0.01 sys=0.00, real=0.00 secs] 
58.607: [CMS-concurrent-preclean-start]
58.607: [CMS-concurrent-preclean: 0.000/0.000 secs] [Times: user=0.00 sys=0.00, real=0.00 secs] 
58.607: [CMS-concurrent-abortable-preclean-start]
59.615: [GC (Allocation Failure) 59.615: [ParNew: 73304K->4K(92160K), 0.0023086 secs] 125950K->62906K(194560K), 0.0024006 secs] [Times: user=0.02 sys=0.01, real=0.00 secs] 
60.629: [GC (Allocation Failure) 60.629: [ParNew: 73290K->4K(92160K), 0.0005057 secs] 136193K->62907K(194560K), 0.0005661 secs] [Times: user=0.00 sys=0.00, real=0.01 secs] 
60.836: [CMS-concurrent-abortable-preclean: 0.006/2.229 secs] [Times: user=0.05 sys=0.01, real=2.23 secs] 
60.837: [GC (CMS Final Remark) [YG occupancy: 42570 K (92160 K)]60.837: [Rescan (parallel) , 0.0002222 secs]60.837: [weak refs processing, 0.0001454 secs]60.837: [class unloading, 0.0011531 secs]60.838: [scrub symbol table, 0.0004911 secs]60.839: [scrub string table, 0.0003391 secs][1 CMS-remark: 62903K(102400K)] 105473K(194560K), 0.0024740 secs] [Times: user=0.00 sys=0.00, real=0.01 secs] 
60.839: [CMS-concurrent-sweep-start]
60.840: [CMS-concurrent-sweep: 0.001/0.001 secs] [Times: user=0.00 sys=0.00, real=0.00 secs] 
60.840: [CMS-concurrent-reset-start]
60.840: [CMS-concurrent-reset: 0.000/0.000 secs] [Times: user=0.00 sys=0.00, real=0.00 secs] 
61.639: [GC (Allocation Failure) 61.639: [ParNew: 73290K->2K(92160K), 0.0017224 secs] 105473K->42425K(194560K), 0.0018025 secs] [Times: user=0.01 sys=0.00, real=0.00 secs] 
62.653: [GC (Allocation Failure) 62.653: [ParNew: 73288K->4K(92160K), 0.0015164 secs] 115711K->52667K(194560K), 0.0016191 secs] [Times: user=0.01 sys=0.00, real=0.00 secs] 
63.665: [GC (Allocation Failure) 63.665: [ParNew: 73290K->2K(92160K), 0.0014575 secs] 125954K->62905K(194560K), 0.0015375 secs] [Times: user=0.01 sys=0.00, real=0.00 secs] 
63.668: [GC (CMS Initial Mark) [1 CMS-initial-mark: 62903K(102400K)] 73145K(194560K), 0.0001892 secs] [Times: user=0.00 sys=0.00, real=0.00 secs] 
63.668: [CMS-concurrent-mark-start]
63.670: [CMS-concurrent-mark: 0.002/0.002 secs] [Times: user=0.01 sys=0.00, real=0.01 secs] 
63.670: [CMS-concurrent-preclean-start]
63.670: [CMS-concurrent-preclean: 0.000/0.000 secs] [Times: user=0.00 sys=0.00, real=0.00 secs] 
63.670: [CMS-concurrent-abortable-preclean-start]
64.675: [GC (Allocation Failure) 64.675: [ParNew: 73288K->4K(92160K), 0.0006779 secs] 136192K->62907K(194560K), 0.0007557 secs] [Times: user=0.00 sys=0.00, real=0.00 secs] 
64.682: [GC (Allocation Failure) 64.682: [ParNew (promotion failed): 73286K->73286K(92160K), 0.0014644 secs]64.683: [CMS64.683: [CMS-concurrent-abortable-preclean: 0.003/1.013 secs] [Times: user=0.03 sys=0.01, real=1.01 secs] 
 (concurrent mode failure): 73143K->32162K(102400K), 0.0091917 secs] 136189K->32162K(194560K), [Metaspace: 6183K->6183K(1056768K)], 0.0107607 secs] [Times: user=0.02 sys=0.01, real=0.01 secs] 
65.709: [GC (Allocation Failure) 65.709: [ParNew: 73419K->12K(92160K), 0.0052717 secs] 105582K->52657K(194560K), 0.0053957 secs] [Times: user=0.03 sys=0.00, real=0.00 secs] 
65.716: [GC (CMS Initial Mark) [1 CMS-initial-mark: 52645K(102400K)] 62897K(194560K), 0.0003006 secs] [Times: user=0.00 sys=0.00, real=0.00 secs] 
65.717: [CMS-concurrent-mark-start]
65.719: [CMS-concurrent-mark: 0.002/0.002 secs] [Times: user=0.01 sys=0.00, real=0.01 secs] 
65.719: [CMS-concurrent-preclean-start]
65.719: [CMS-concurrent-preclean: 0.000/0.000 secs] [Times: user=0.00 sys=0.00, real=0.00 secs] 
65.719: [CMS-concurrent-abortable-preclean-start]
66.729: [GC (Allocation Failure) 66.729: [ParNew: 73297K->10K(92160K), 0.0014820 secs] 125942K->62895K(194560K), 0.0018388 secs] [Times: user=0.01 sys=0.00, real=0.00 secs] 
67.742: [GC (Allocation Failure) 67.742: [ParNew: 73296K->8K(92160K), 0.0011638 secs] 136181K->62893K(194560K), 0.0012797 secs] [Times: user=0.00 sys=0.00, real=0.00 secs] 
67.951: [CMS-concurrent-abortable-preclean: 0.006/2.232 secs] [Times: user=0.05 sys=0.01, real=2.23 secs] 
67.951: [GC (CMS Final Remark) [YG occupancy: 42574 K (92160 K)]67.951: [Rescan (parallel) , 0.0011272 secs]67.952: [weak refs processing, 0.0001569 secs]67.953: [class unloading, 0.0018561 secs]67.955: [scrub symbol table, 0.0009563 secs]67.956: [scrub string table, 0.0003734 secs][1 CMS-remark: 62885K(102400K)] 105459K(194560K), 0.0047437 secs] [Times: user=0.01 sys=0.00, real=0.00 secs] 
67.957: [CMS-concurrent-sweep-start]
67.958: [CMS-concurrent-sweep: 0.001/0.001 secs] [Times: user=0.00 sys=0.00, real=0.00 secs] 
67.958: [CMS-concurrent-reset-start]
67.958: [CMS-concurrent-reset: 0.000/0.000 secs] [Times: user=0.00 sys=0.00, real=0.00 secs] 
68.757: [GC (Allocation Failure) 68.757: [ParNew: 73294K->12K(92160K), 0.0023353 secs] 105459K->42417K(194560K), 0.0024479 secs] [Times: user=0.01 sys=0.00, real=0.01 secs] 
69.769: [GC (Allocation Failure) 69.769: [ParNew: 73298K->12K(92160K), 0.0016485 secs] 115703K->52657K(194560K), 0.0017434 secs] [Times: user=0.02 sys=0.00, real=0.00 secs] 
70.783: [GC (Allocation Failure) 70.796: [ParNew: 73298K->10K(92160K), 0.0015935 secs] 125943K->62895K(194560K), 0.0150210 secs] [Times: user=0.01 sys=0.00, real=0.01 secs] 
70.799: [GC (CMS Initial Mark) [1 CMS-initial-mark: 62885K(102400K)] 73137K(194560K), 0.0003071 secs] [Times: user=0.00 sys=0.00, real=0.00 secs] 
70.799: [CMS-concurrent-mark-start]
70.801: [CMS-concurrent-mark: 0.002/0.002 secs] [Times: user=0.01 sys=0.00, real=0.00 secs] 
70.801: [CMS-concurrent-preclean-start]
70.801: [CMS-concurrent-preclean: 0.000/0.000 secs] [Times: user=0.00 sys=0.00, real=0.00 secs] 
70.801: [CMS-concurrent-abortable-preclean-start]
71.807: [GC (Allocation Failure) 71.807: [ParNew: 73521K->10K(92160K), 0.0011507 secs] 136406K->62895K(194560K), 0.0012506 secs] [Times: user=0.01 sys=0.00, real=0.00 secs] 
71.817: [GC (Allocation Failure) 71.817: [ParNew: 73290K->18K(92160K), 0.0047763 secs] 136175K->93625K(194560K), 0.0049320 secs] [Times: user=0.04 sys=0.01, real=0.01 secs] 
71.822: [CMS-concurrent-abortable-preclean: 0.003/1.021 secs] [Times: user=0.07 sys=0.01, real=1.02 secs] 
71.823: [GC (CMS Final Remark) [YG occupancy: 10258 K (92160 K)]71.823: [Rescan (parallel) , 0.0008939 secs]71.824: [weak refs processing, 0.0000936 secs]71.824: [class unloading, 0.0015865 secs]71.826: [scrub symbol table, 0.0008817 secs]71.827: [scrub string table, 0.0002924 secs][1 CMS-remark: 93607K(102400K)] 103865K(194560K), 0.0039584 secs] [Times: user=0.01 sys=0.00, real=0.00 secs] 
71.827: [CMS-concurrent-sweep-start]
71.828: [CMS-concurrent-sweep: 0.001/0.001 secs] [Times: user=0.00 sys=0.00, real=0.00 secs] 
71.828: [CMS-concurrent-reset-start]
71.828: [CMS-concurrent-reset: 0.000/0.000 secs] [Times: user=0.00 sys=0.00, real=0.00 secs] 
72.838: [GC (Allocation Failure) 72.838: [ParNew: 73303K->16K(92160K), 0.0034452 secs] 115710K->62903K(194560K), 0.0035813 secs] [Times: user=0.02 sys=0.00, real=0.01 secs] 
72.843: [GC (CMS Initial Mark) [1 CMS-initial-mark: 62886K(102400K)] 73143K(194560K), 0.0002239 secs] [Times: user=0.01 sys=0.00, real=0.00 secs] 
72.844: [CMS-concurrent-mark-start]
72.846: [CMS-concurrent-mark: 0.003/0.003 secs] [Times: user=0.00 sys=0.00, real=0.00 secs] 
72.846: [CMS-concurrent-preclean-start]
72.847: [CMS-concurrent-preclean: 0.000/0.000 secs] [Times: user=0.00 sys=0.00, real=0.00 secs] 
72.847: [CMS-concurrent-abortable-preclean-start]
73.852: [GC (Allocation Failure) 73.852: [ParNew: 73302K->16K(92160K), 0.0015008 secs] 136189K->73143K(194560K), 0.0015744 secs] [Times: user=0.01 sys=0.01, real=0.00 secs] 
74.863: [GC (Allocation Failure) 74.863: [ParNew: 73302K->14K(92160K), 0.0005117 secs] 146429K->73141K(194560K), 0.0005951 secs] [Times: user=0.00 sys=0.00, real=0.00 secs] 
75.072: [CMS-concurrent-abortable-preclean: 0.006/2.226 secs] [Times: user=0.05 sys=0.01, real=2.23 secs] 
75.072: [GC (CMS Final Remark) [YG occupancy: 42578 K (92160 K)]75.073: [Rescan (parallel) , 0.0003294 secs]75.073: [weak refs processing, 0.0000955 secs]75.073: [class unloading, 0.0011910 secs]75.074: [scrub symbol table, 0.0006910 secs]75.075: [scrub string table, 0.0002450 secs][1 CMS-remark: 73126K(102400K)] 115705K(194560K), 0.0026763 secs] [Times: user=0.00 sys=0.00, real=0.00 secs] 
75.075: [CMS-concurrent-sweep-start]
75.076: [CMS-concurrent-sweep: 0.001/0.001 secs] [Times: user=0.00 sys=0.00, real=0.00 secs] 
75.076: [CMS-concurrent-reset-start]
75.076: [CMS-concurrent-reset: 0.000/0.000 secs] [Times: user=0.00 sys=0.00, real=0.00 secs] 
75.873: [GC (Allocation Failure) 75.873: [ParNew: 73300K->14K(92160K), 0.0020027 secs] 105467K->42421K(194560K), 0.0020894 secs] [Times: user=0.01 sys=0.00, real=0.00 secs] 
76.885: [GC (Allocation Failure) 76.885: [ParNew: 73300K->16K(92160K), 0.0019330 secs] 115707K->52663K(194560K), 0.0020157 secs] [Times: user=0.01 sys=0.00, real=0.00 secs] 
77.898: [GC (Allocation Failure) 77.898: [ParNew: 73302K->16K(92160K), 0.0017669 secs] 125949K->62905K(194560K), 0.0018506 secs] [Times: user=0.02 sys=0.00, real=0.01 secs] 
77.901: [GC (CMS Initial Mark) [1 CMS-initial-mark: 62889K(102400K)] 73145K(194560K), 0.0002385 secs] [Times: user=0.00 sys=0.00, real=0.00 secs] 
77.901: [CMS-concurrent-mark-start]
77.903: [CMS-concurrent-mark: 0.002/0.002 secs] [Times: user=0.00 sys=0.00, real=0.00 secs] 
77.903: [CMS-concurrent-preclean-start]
77.903: [CMS-concurrent-preclean: 0.000/0.000 secs] [Times: user=0.01 sys=0.00, real=0.00 secs] 
77.903: [CMS-concurrent-abortable-preclean-start]
78.909: [GC (Allocation Failure) 78.909: [ParNew: 73302K->12K(92160K), 0.0004353 secs] 136191K->62901K(194560K), 0.0005093 secs] [Times: user=0.00 sys=0.00, real=0.00 secs] 
78.917: [GC (Allocation Failure) 78.917: [ParNew (promotion failed): 73296K->73300K(92160K), 0.0029756 secs]78.920: [CMS78.920: [CMS-concurrent-abortable-preclean: 0.003/1.017 secs] [Times: user=0.04 sys=0.01, real=1.02 secs] 
 (concurrent mode failure): 83373K->32163K(102400K), 0.0105128 secs] 136185K->32163K(194560K), [Metaspace: 6183K->6183K(1056768K)], 0.0136130 secs] [Times: user=0.03 sys=0.00, real=0.02 secs] 
79.940: [GC (Allocation Failure) 79.940: [ParNew: 73286K->0K(92160K), 0.0031158 secs] 105450K->52646K(194560K), 0.0032154 secs] [Times: user=0.03 sys=0.00, real=0.00 secs] 
79.944: [GC (CMS Initial Mark) [1 CMS-initial-mark: 52646K(102400K)] 62886K(194560K), 0.0002487 secs] [Times: user=0.00 sys=0.00, real=0.00 secs] 
79.944: [CMS-concurrent-mark-start]
79.946: [CMS-concurrent-mark: 0.002/0.002 secs] [Times: user=0.01 sys=0.00, real=0.00 secs] 
79.946: [CMS-concurrent-preclean-start]
79.946: [CMS-concurrent-preclean: 0.000/0.000 secs] [Times: user=0.00 sys=0.00, real=0.00 secs] 
79.946: [CMS-concurrent-abortable-preclean-start]
80.956: [GC (Allocation Failure) 80.956: [ParNew: 73286K->0K(92160K), 0.0014986 secs] 125932K->62886K(194560K), 0.0015628 secs] [Times: user=0.02 sys=0.00, real=0.00 secs] 
81.970: [GC (Allocation Failure) 81.970: [ParNew: 73286K->0K(92160K), 0.0005898 secs] 136172K->62886K(194560K), 0.0006620 secs] [Times: user=0.01 sys=0.00, real=0.00 secs] 
82.179: [CMS-concurrent-abortable-preclean: 0.006/2.233 secs] [Times: user=0.05 sys=0.01, real=2.24 secs] 
82.180: [GC (CMS Final Remark) [YG occupancy: 42562 K (92160 K)]82.180: [Rescan (parallel) , 0.0002746 secs]82.180: [weak refs processing, 0.0000931 secs]82.180: [class unloading, 0.0013007 secs]82.181: [scrub symbol table, 0.0005212 secs]82.182: [scrub string table, 0.0002377 secs][1 CMS-remark: 62886K(102400K)] 105448K(194560K), 0.0025846 secs] [Times: user=0.00 sys=0.00, real=0.00 secs] 
82.182: [CMS-concurrent-sweep-start]
82.183: [CMS-concurrent-sweep: 0.001/0.001 secs] [Times: user=0.00 sys=0.00, real=0.00 secs] 
82.183: [CMS-concurrent-reset-start]
82.183: [CMS-concurrent-reset: 0.000/0.000 secs] [Times: user=0.00 sys=0.00, real=0.00 secs] 
82.982: [GC (Allocation Failure) 82.982: [ParNew: 73286K->0K(92160K), 0.0015665 secs] 105452K->42406K(194560K), 0.0016510 secs] [Times: user=0.01 sys=0.00, real=0.00 secs] 
83.995: [GC (Allocation Failure) 83.995: [ParNew: 73286K->0K(92160K), 0.0014995 secs] 115692K->52648K(194560K), 0.0015661 secs] [Times: user=0.01 sys=0.00, real=0.00 secs] 
85.008: [GC (Allocation Failure) 85.008: [ParNew: 73286K->0K(92160K), 0.0029059 secs] 125934K->62890K(194560K), 0.0030872 secs] [Times: user=0.02 sys=0.00, real=0.01 secs] 
85.013: [GC (CMS Initial Mark) [1 CMS-initial-mark: 62890K(102400K)] 73130K(194560K), 0.0002556 secs] [Times: user=0.00 sys=0.00, real=0.00 secs] 
85.013: [CMS-concurrent-mark-start]
85.015: [CMS-concurrent-mark: 0.003/0.003 secs] [Times: user=0.01 sys=0.00, real=0.00 secs] 
85.016: [CMS-concurrent-preclean-start]
85.016: [CMS-concurrent-preclean: 0.000/0.000 secs] [Times: user=0.00 sys=0.00, real=0.00 secs] 
85.016: [CMS-concurrent-abortable-preclean-start]
86.023: [GC (Allocation Failure) 86.023: [ParNew: 73286K->0K(92160K), 0.0012448 secs] 136176K->62890K(194560K), 0.0013201 secs] [Times: user=0.01 sys=0.00, real=0.00 secs] 
86.031: [GC (Allocation Failure) 86.031: [ParNew (promotion failed): 73282K->73282K(92160K), 0.0029242 secs]86.034: [CMS86.034: [CMS-concurrent-abortable-preclean: 0.003/1.019 secs] [Times: user=0.05 sys=0.01, real=1.02 secs] 
 (concurrent mode failure): 83370K->32163K(102400K), 0.0146699 secs] 136172K->32163K(194560K), [Metaspace: 6183K->6183K(1056768K)], 0.0177485 secs] [Times: user=0.04 sys=0.01, real=0.02 secs] 
87.062: [GC (Allocation Failure) 87.063: [ParNew: 73286K->0K(92160K), 0.0048066 secs] 105450K->52646K(194560K), 0.0058165 secs] [Times: user=0.03 sys=0.00, real=0.00 secs] 
87.070: [GC (CMS Initial Mark) [1 CMS-initial-mark: 52646K(102400K)] 62886K(194560K), 0.0003225 secs] [Times: user=0.00 sys=0.00, real=0.00 secs] 
87.070: [CMS-concurrent-mark-start]
87.073: [CMS-concurrent-mark: 0.003/0.003 secs] [Times: user=0.01 sys=0.00, real=0.00 secs] 
87.073: [CMS-concurrent-preclean-start]
87.074: [CMS-concurrent-preclean: 0.000/0.000 secs] [Times: user=0.00 sys=0.00, real=0.00 secs] 
87.074: [CMS-concurrent-abortable-preclean-start]
88.080: [GC (Allocation Failure) 88.080: [ParNew: 73286K->0K(92160K), 0.0013744 secs] 125932K->62888K(194560K), 0.0014564 secs] [Times: user=0.01 sys=0.00, real=0.00 secs] 
89.092: [GC (Allocation Failure) 89.092: [ParNew: 73286K->0K(92160K), 0.0007442 secs] 136174K->62888K(194560K), 0.0008160 secs] [Times: user=0.01 sys=0.00, real=0.00 secs] 
89.301: [CMS-concurrent-abortable-preclean: 0.006/2.227 secs] [Times: user=0.04 sys=0.01, real=2.23 secs] 
89.301: [GC (CMS Final Remark) [YG occupancy: 42562 K (92160 K)]89.301: [Rescan (parallel) , 0.0002525 secs]89.301: [weak refs processing, 0.0000861 secs]89.301: [class unloading, 0.0010494 secs]89.303: [scrub symbol table, 0.0004948 secs]89.303: [scrub string table, 0.0002523 secs][1 CMS-remark: 62888K(102400K)] 105450K(194560K), 0.0022441 secs] [Times: user=0.01 sys=0.00, real=0.00 secs] 
89.303: [CMS-concurrent-sweep-start]
89.304: [CMS-concurrent-sweep: 0.001/0.001 secs] [Times: user=0.00 sys=0.00, real=0.00 secs] 
89.304: [CMS-concurrent-reset-start]
89.304: [CMS-concurrent-reset: 0.000/0.000 secs] [Times: user=0.00 sys=0.00, real=0.00 secs] 
90.104: [GC (Allocation Failure) 90.104: [ParNew: 73286K->0K(92160K), 0.0024199 secs] 105454K->42408K(194560K), 0.0025160 secs] [Times: user=0.02 sys=0.00, real=0.00 secs] 
91.116: [GC (Allocation Failure) 91.116: [ParNew: 73286K->0K(92160K), 0.0016188 secs] 115694K->52648K(194560K), 0.0016863 secs] [Times: user=0.02 sys=0.00, real=0.01 secs] 
92.128: [GC (Allocation Failure) 92.129: [ParNew: 73286K->0K(92160K), 0.0015478 secs] 125934K->62888K(194560K), 0.0016437 secs] [Times: user=0.01 sys=0.00, real=0.00 secs] 
92.131: [GC (CMS Initial Mark) [1 CMS-initial-mark: 62888K(102400K)] 73128K(194560K), 0.0001806 secs] [Times: user=0.00 sys=0.00, real=0.00 secs] 
92.132: [CMS-concurrent-mark-start]
92.134: [CMS-concurrent-mark: 0.002/0.002 secs] [Times: user=0.01 sys=0.00, real=0.00 secs] 
92.134: [CMS-concurrent-preclean-start]
92.134: [CMS-concurrent-preclean: 0.000/0.000 secs] [Times: user=0.00 sys=0.00, real=0.00 secs] 
92.134: [CMS-concurrent-abortable-preclean-start]
93.141: [GC (Allocation Failure) 93.141: [ParNew: 73286K->0K(92160K), 0.0004456 secs] 136174K->62888K(194560K), 0.0005009 secs] [Times: user=0.00 sys=0.00, real=0.00 secs] 
93.148: [GC (Allocation Failure) 93.148: [ParNew: 73282K->0K(92160K), 0.0051893 secs] 136170K->93608K(194560K), 0.0052558 secs] [Times: user=0.05 sys=0.00, real=0.00 secs] 
93.154: [CMS-concurrent-abortable-preclean: 0.003/1.019 secs] [Times: user=0.07 sys=0.00, real=1.02 secs] 
93.155: [GC (CMS Final Remark) [YG occupancy: 10240 K (92160 K)]93.155: [Rescan (parallel) , 0.0004457 secs]93.155: [weak refs processing, 0.0000817 secs]93.155: [class unloading, 0.0011046 secs]93.156: [scrub symbol table, 0.0006106 secs]93.157: [scrub string table, 0.0002945 secs][1 CMS-remark: 93608K(102400K)] 103848K(194560K), 0.0026876 secs] [Times: user=0.00 sys=0.00, real=0.00 secs] 
93.157: [CMS-concurrent-sweep-start]
93.158: [CMS-concurrent-sweep: 0.001/0.001 secs] [Times: user=0.00 sys=0.00, real=0.01 secs] 
93.158: [CMS-concurrent-reset-start]
93.158: [CMS-concurrent-reset: 0.000/0.000 secs] [Times: user=0.00 sys=0.00, real=0.00 secs] 
94.166: [GC (Allocation Failure) 94.166: [ParNew: 73286K->0K(92160K), 0.0026064 secs] 115694K->62888K(194560K), 0.0026677 secs] [Times: user=0.02 sys=0.00, real=0.01 secs] 
94.169: [GC (CMS Initial Mark) [1 CMS-initial-mark: 62888K(102400K)] 73128K(194560K), 0.0001631 secs] [Times: user=0.00 sys=0.00, real=0.00 secs] 
94.170: [CMS-concurrent-mark-start]
94.171: [CMS-concurrent-mark: 0.002/0.002 secs] [Times: user=0.00 sys=0.00, real=0.00 secs] 
94.171: [CMS-concurrent-preclean-start]
94.172: [CMS-concurrent-preclean: 0.000/0.000 secs] [Times: user=0.00 sys=0.00, real=0.00 secs] 
94.172: [CMS-concurrent-abortable-preclean-start]
95.179: [GC (Allocation Failure) 95.179: [ParNew: 73286K->0K(92160K), 0.0026029 secs] 136174K->73128K(194560K), 0.0026860 secs] [Times: user=0.01 sys=0.00, real=0.00 secs] 
96.193: [GC (Allocation Failure) 96.193: [ParNew: 73286K->0K(92160K), 0.0004446 secs] 146414K->73128K(194560K), 0.0005192 secs] [Times: user=0.00 sys=0.01, real=0.00 secs] 
96.401: [CMS-concurrent-abortable-preclean: 0.006/2.229 secs] [Times: user=0.05 sys=0.01, real=2.23 secs] 
96.401: [GC (CMS Final Remark) [YG occupancy: 42562 K (92160 K)]96.401: [Rescan (parallel) , 0.0002925 secs]96.401: [weak refs processing, 0.0000839 secs]96.402: [class unloading, 0.0010982 secs]96.403: [scrub symbol table, 0.0006590 secs]96.403: [scrub string table, 0.0002275 secs][1 CMS-remark: 73128K(102400K)] 115690K(194560K), 0.0024962 secs] [Times: user=0.01 sys=0.00, real=0.00 secs] 
96.404: [CMS-concurrent-sweep-start]
96.404: [CMS-concurrent-sweep: 0.001/0.001 secs] [Times: user=0.00 sys=0.00, real=0.00 secs] 
96.404: [CMS-concurrent-reset-start]
96.404: [CMS-concurrent-reset: 0.000/0.000 secs] [Times: user=0.00 sys=0.00, real=0.00 secs] 
97.205: [GC (Allocation Failure) 97.205: [ParNew: 73286K->0K(92160K), 0.0027475 secs] 105454K->42408K(194560K), 0.0028385 secs] [Times: user=0.01 sys=0.00, real=0.00 secs] 
98.219: [GC (Allocation Failure) 98.219: [ParNew: 73286K->0K(92160K), 0.0013656 secs] 115694K->52648K(194560K), 0.0014327 secs] [Times: user=0.01 sys=0.00, real=0.00 secs] 
99.230: [GC (Allocation Failure) 99.230: [ParNew: 73286K->0K(92160K), 0.0016384 secs] 125934K->62890K(194560K), 0.0017326 secs] [Times: user=0.01 sys=0.00, real=0.00 secs] 
99.233: [GC (CMS Initial Mark) [1 CMS-initial-mark: 62890K(102400K)] 73130K(194560K), 0.0002608 secs] [Times: user=0.00 sys=0.00, real=0.00 secs] 
99.233: [CMS-concurrent-mark-start]
99.236: [CMS-concurrent-mark: 0.002/0.002 secs] [Times: user=0.01 sys=0.00, real=0.00 secs] 
99.236: [CMS-concurrent-preclean-start]
99.236: [CMS-concurrent-preclean: 0.000/0.000 secs] [Times: user=0.00 sys=0.00, real=0.00 secs] 
99.236: [CMS-concurrent-abortable-preclean-start]
100.242: [GC (Allocation Failure) 100.243: [ParNew: 73286K->0K(92160K), 0.0004350 secs] 136176K->62890K(194560K), 0.0004958 secs] [Times: user=0.00 sys=0.00, real=0.00 secs] 
100.250: [GC (Allocation Failure) 100.250: [ParNew (promotion failed): 73282K->73282K(92160K), 0.0029214 secs]100.253: [CMS100.253: [CMS-concurrent-abortable-preclean: 0.002/1.017 secs] [Times: user=0.05 sys=0.00, real=1.02 secs] 
 (concurrent mode failure): 83370K->32163K(102400K), 0.0105367 secs] 136172K->32163K(194560K), [Metaspace: 6184K->6184K(1056768K)], 0.0135838 secs] [Times: user=0.03 sys=0.00, real=0.01 secs] 
101.274: [GC (Allocation Failure) 101.274: [ParNew: 73286K->0K(92160K), 0.0025158 secs] 105450K->52646K(194560K), 0.0025923 secs] [Times: user=0.02 sys=0.00, real=0.00 secs] 
101.278: [GC (CMS Initial Mark) [1 CMS-initial-mark: 52646K(102400K)] 62886K(194560K), 0.0003815 secs] [Times: user=0.00 sys=0.00, real=0.01 secs] 
101.278: [CMS-concurrent-mark-start]
101.280: [CMS-concurrent-mark: 0.002/0.002 secs] [Times: user=0.01 sys=0.00, real=0.00 secs] 
101.280: [CMS-concurrent-preclean-start]
101.280: [CMS-concurrent-preclean: 0.000/0.000 secs] [Times: user=0.00 sys=0.00, real=0.00 secs] 
101.280: [CMS-concurrent-abortable-preclean-start]
102.287: [GC (Allocation Failure) 102.287: [ParNew: 73286K->0K(92160K), 0.0013910 secs] 125932K->62888K(194560K), 0.0014466 secs] [Times: user=0.01 sys=0.00, real=0.01 secs] 
103.300: [GC (Allocation Failure) 103.300: [ParNew: 73286K->0K(92160K), 0.0007818 secs] 136174K->62888K(194560K), 0.0008608 secs] [Times: user=0.01 sys=0.00, real=0.00 secs] 
103.509: [CMS-concurrent-abortable-preclean: 0.005/2.229 secs] [Times: user=0.04 sys=0.01, real=2.23 secs] 
103.509: [GC (CMS Final Remark) [YG occupancy: 42562 K (92160 K)]103.509: [Rescan (parallel) , 0.0002788 secs]103.510: [weak refs processing, 0.0000805 secs]103.510: [class unloading, 0.0010951 secs]103.511: [scrub symbol table, 0.0005653 secs]103.512: [scrub string table, 0.0002496 secs][1 CMS-remark: 62888K(102400K)] 105450K(194560K), 0.0023915 secs] [Times: user=0.00 sys=0.00, real=0.00 secs] 
103.512: [CMS-concurrent-sweep-start]
103.512: [CMS-concurrent-sweep: 0.001/0.001 secs] [Times: user=0.00 sys=0.00, real=0.00 secs] 
103.512: [CMS-concurrent-reset-start]
103.513: [CMS-concurrent-reset: 0.000/0.000 secs] [Times: user=0.00 sys=0.00, real=0.00 secs] 
104.313: [GC (Allocation Failure) 104.313: [ParNew: 73286K->0K(92160K), 0.0024674 secs] 105454K->42408K(194560K), 0.0025603 secs] [Times: user=0.02 sys=0.00, real=0.00 secs] 
105.326: [GC (Allocation Failure) 105.326: [ParNew: 73286K->0K(92160K), 0.0019495 secs] 115694K->52648K(194560K), 0.0020254 secs] [Times: user=0.01 sys=0.00, real=0.01 secs] 
106.334: [GC (Allocation Failure) 106.334: [ParNew: 73286K->0K(92160K), 0.0018618 secs] 125934K->62888K(194560K), 0.0019197 secs] [Times: user=0.01 sys=0.00, real=0.00 secs] 
106.337: [GC (CMS Initial Mark) [1 CMS-initial-mark: 62888K(102400K)] 73128K(194560K), 0.0002206 secs] [Times: user=0.00 sys=0.00, real=0.00 secs] 
106.338: [CMS-concurrent-mark-start]
106.340: [CMS-concurrent-mark: 0.002/0.002 secs] [Times: user=0.01 sys=0.00, real=0.00 secs] 
106.340: [CMS-concurrent-preclean-start]
106.340: [CMS-concurrent-preclean: 0.000/0.000 secs] [Times: user=0.00 sys=0.00, real=0.00 secs] 
106.340: [CMS-concurrent-abortable-preclean-start]
107.346: [GC (Allocation Failure) 107.346: [ParNew: 73286K->0K(92160K), 0.0005658 secs] 136174K->62888K(194560K), 0.0006206 secs] [Times: user=0.01 sys=0.00, real=0.00 secs] 
107.352: [GC (Allocation Failure) 107.352: [ParNew: 73282K->0K(92160K), 0.0038276 secs] 136170K->93608K(194560K), 0.0038785 secs] [Times: user=0.04 sys=0.01, real=0.00 secs] 
107.356: [CMS-concurrent-abortable-preclean: 0.003/1.016 secs] [Times: user=0.06 sys=0.01, real=1.01 secs] 
107.357: [GC (CMS Final Remark) [YG occupancy: 10240 K (92160 K)]107.357: [Rescan (parallel) , 0.0002432 secs]107.357: [weak refs processing, 0.0000751 secs]107.357: [class unloading, 0.0010355 secs]107.358: [scrub symbol table, 0.0004601 secs]107.359: [scrub string table, 0.0002099 secs][1 CMS-remark: 93608K(102400K)] 103848K(194560K), 0.0020980 secs] [Times: user=0.00 sys=0.00, real=0.01 secs] 
107.359: [CMS-concurrent-sweep-start]
107.359: [CMS-concurrent-sweep: 0.001/0.001 secs] [Times: user=0.00 sys=0.00, real=0.00 secs] 
107.360: [CMS-concurrent-reset-start]
107.360: [CMS-concurrent-reset: 0.000/0.000 secs] [Times: user=0.00 sys=0.00, real=0.00 secs] 
108.367: [GC (Allocation Failure) 108.367: [ParNew: 73286K->0K(92160K), 0.0024981 secs] 115694K->62888K(194560K), 0.0025807 secs] [Times: user=0.02 sys=0.00, real=0.01 secs] 
108.371: [GC (CMS Initial Mark) [1 CMS-initial-mark: 62888K(102400K)] 73128K(194560K), 0.0002016 secs] [Times: user=0.00 sys=0.00, real=0.00 secs] 
108.371: [CMS-concurrent-mark-start]
108.372: [CMS-concurrent-mark: 0.002/0.002 secs] [Times: user=0.01 sys=0.00, real=0.00 secs] 
108.373: [CMS-concurrent-preclean-start]
108.373: [CMS-concurrent-preclean: 0.000/0.000 secs] [Times: user=0.00 sys=0.00, real=0.00 secs] 
108.373: [CMS-concurrent-abortable-preclean-start]
109.381: [GC (Allocation Failure) 109.381: [ParNew: 73286K->0K(92160K), 0.0012606 secs] 136174K->73128K(194560K), 0.0013299 secs] [Times: user=0.01 sys=0.00, real=0.00 secs] 
110.392: [GC (Allocation Failure) 110.393: [ParNew: 73286K->0K(92160K), 0.0008551 secs] 146414K->73128K(194560K), 0.0012497 secs] [Times: user=0.00 sys=0.00, real=0.00 secs] 
110.602: [CMS-concurrent-abortable-preclean: 0.006/2.229 secs] [Times: user=0.05 sys=0.01, real=2.23 secs] 
110.602: [GC (CMS Final Remark) [YG occupancy: 42562 K (92160 K)]110.602: [Rescan (parallel) , 0.0001971 secs]110.602: [weak refs processing, 0.0000843 secs]110.602: [class unloading, 0.0012092 secs]110.604: [scrub symbol table, 0.0004713 secs]110.604: [scrub string table, 0.0002177 secs][1 CMS-remark: 73128K(102400K)] 115690K(194560K), 0.0022937 secs] [Times: user=0.00 sys=0.00, real=0.00 secs] 
110.604: [CMS-concurrent-sweep-start]
110.605: [CMS-concurrent-sweep: 0.001/0.001 secs] [Times: user=0.00 sys=0.00, real=0.00 secs] 
110.605: [CMS-concurrent-reset-start]
110.605: [CMS-concurrent-reset: 0.000/0.000 secs] [Times: user=0.00 sys=0.00, real=0.00 secs] 
111.405: [GC (Allocation Failure) 111.405: [ParNew: 73286K->0K(92160K), 0.0029365 secs] 105454K->42408K(194560K), 0.0030504 secs] [Times: user=0.02 sys=0.00, real=0.01 secs] 
112.419: [GC (Allocation Failure) 112.419: [ParNew: 73286K->0K(92160K), 0.0014437 secs] 115694K->52650K(194560K), 0.0014986 secs] [Times: user=0.01 sys=0.00, real=0.00 secs] 
113.430: [GC (Allocation Failure) 113.430: [ParNew: 73286K->0K(92160K), 0.0035673 secs] 125936K->62890K(194560K), 0.0036642 secs] [Times: user=0.01 sys=0.00, real=0.00 secs] 
113.435: [GC (CMS Initial Mark) [1 CMS-initial-mark: 62890K(102400K)] 73130K(194560K), 0.0002685 secs] [Times: user=0.00 sys=0.00, real=0.00 secs] 
113.436: [CMS-concurrent-mark-start]
113.439: [CMS-concurrent-mark: 0.003/0.003 secs] [Times: user=0.01 sys=0.00, real=0.01 secs] 
113.439: [CMS-concurrent-preclean-start]
113.439: [CMS-concurrent-preclean: 0.000/0.000 secs] [Times: user=0.00 sys=0.00, real=0.00 secs] 
113.439: [CMS-concurrent-abortable-preclean-start]
114.449: [GC (Allocation Failure) 114.449: [ParNew: 73286K->0K(92160K), 0.0012174 secs] 136176K->62890K(194560K), 0.0013098 secs] [Times: user=0.00 sys=0.00, real=0.00 secs] 
114.457: [GC (Allocation Failure) 114.457: [ParNew (promotion failed): 73282K->73282K(92160K), 0.0037508 secs]114.461: [CMS114.461: [CMS-concurrent-abortable-preclean: 0.003/1.022 secs] [Times: user=0.06 sys=0.00, real=1.02 secs] 
 (concurrent mode failure): 83370K->32163K(102400K), 0.0111761 secs] 136172K->32163K(194560K), [Metaspace: 6184K->6184K(1056768K)], 0.0150816 secs] [Times: user=0.04 sys=0.00, real=0.01 secs] 
115.481: [GC (Allocation Failure) 115.481: [ParNew: 73286K->0K(92160K), 0.0026977 secs] 105450K->52646K(194560K), 0.0027910 secs] [Times: user=0.03 sys=0.01, real=0.00 secs] 
115.485: [GC (CMS Initial Mark) [1 CMS-initial-mark: 52646K(102400K)] 62886K(194560K), 0.0002128 secs] [Times: user=0.00 sys=0.00, real=0.00 secs] 
115.485: [CMS-concurrent-mark-start]
115.487: [CMS-concurrent-mark: 0.002/0.002 secs] [Times: user=0.00 sys=0.00, real=0.00 secs] 
115.487: [CMS-concurrent-preclean-start]
115.487: [CMS-concurrent-preclean: 0.000/0.000 secs] [Times: user=0.00 sys=0.00, real=0.01 secs] 
115.487: [CMS-concurrent-abortable-preclean-start]
116.493: [GC (Allocation Failure) 116.493: [ParNew: 73286K->0K(92160K), 0.0014944 secs] 125932K->62886K(194560K), 0.0015683 secs] [Times: user=0.01 sys=0.00, real=0.00 secs] 
117.504: [GC (Allocation Failure) 117.504: [ParNew: 73286K->0K(92160K), 0.0006697 secs] 136172K->62886K(194560K), 0.0007286 secs] [Times: user=0.01 sys=0.00, real=0.00 secs] 
117.714: [CMS-concurrent-abortable-preclean: 0.006/2.227 secs] [Times: user=0.05 sys=0.00, real=2.22 secs] 
117.714: [GC (CMS Final Remark) [YG occupancy: 42562 K (92160 K)]117.714: [Rescan (parallel) , 0.0002100 secs]117.714: [weak refs processing, 0.0001077 secs]117.715: [class unloading, 0.0008910 secs]117.715: [scrub symbol table, 0.0004225 secs]117.716: [scrub string table, 0.0001829 secs][1 CMS-remark: 62886K(102400K)] 105448K(194560K), 0.0018951 secs] [Times: user=0.00 sys=0.00, real=0.00 secs] 
117.716: [CMS-concurrent-sweep-start]
117.717: [CMS-concurrent-sweep: 0.000/0.000 secs] [Times: user=0.00 sys=0.00, real=0.00 secs] 
117.717: [CMS-concurrent-reset-start]
117.717: [CMS-concurrent-reset: 0.000/0.000 secs] [Times: user=0.00 sys=0.00, real=0.00 secs] 
118.515: [GC (Allocation Failure) 118.515: [ParNew: 73433K->10K(92160K), 0.0022324 secs] 105599K->42416K(194560K), 0.0022881 secs] [Times: user=0.02 sys=0.01, real=0.01 secs] 
119.528: [GC (Allocation Failure) 119.528: [ParNew: 73295K->8K(92160K), 0.0015708 secs] 115701K->52654K(194560K), 0.0016553 secs] [Times: user=0.01 sys=0.00, real=0.00 secs] 
120.540: [GC (Allocation Failure) 120.540: [ParNew: 73294K->8K(92160K), 0.0020711 secs] 125940K->62894K(194560K), 0.0021706 secs] [Times: user=0.02 sys=0.00, real=0.00 secs] 
120.544: [GC (CMS Initial Mark) [1 CMS-initial-mark: 62886K(102400K)] 73134K(194560K), 0.0002284 secs] [Times: user=0.00 sys=0.00, real=0.00 secs] 
120.544: [CMS-concurrent-mark-start]
120.547: [CMS-concurrent-mark: 0.003/0.003 secs] [Times: user=0.01 sys=0.00, real=0.00 secs] 
120.547: [CMS-concurrent-preclean-start]
120.547: [CMS-concurrent-preclean: 0.000/0.000 secs] [Times: user=0.00 sys=0.00, real=0.00 secs] 
120.547: [CMS-concurrent-abortable-preclean-start]
121.554: [GC (Allocation Failure) 121.554: [ParNew: 73294K->8K(92160K), 0.0004699 secs] 136180K->62894K(194560K), 0.0005244 secs] [Times: user=0.00 sys=0.00, real=0.00 secs] 
121.561: [GC (Allocation Failure) 121.561: [ParNew: 73290K->8K(92160K), 0.0042026 secs] 136176K->93614K(194560K), 0.0042719 secs] [Times: user=0.04 sys=0.00, real=0.00 secs] 
121.565: [CMS-concurrent-abortable-preclean: 0.003/1.018 secs] [Times: user=0.06 sys=0.01, real=1.02 secs] 
121.566: [GC (CMS Final Remark) [YG occupancy: 10248 K (92160 K)]121.566: [Rescan (parallel) , 0.0002830 secs]121.566: [weak refs processing, 0.0000773 secs]121.567: [class unloading, 0.0010492 secs]121.568: [scrub symbol table, 0.0004842 secs]121.568: [scrub string table, 0.0002270 secs][1 CMS-remark: 93606K(102400K)] 103854K(194560K), 0.0021982 secs] [Times: user=0.00 sys=0.00, real=0.01 secs] 
121.568: [CMS-concurrent-sweep-start]
121.569: [CMS-concurrent-sweep: 0.001/0.001 secs] [Times: user=0.00 sys=0.00, real=0.00 secs] 
121.569: [CMS-concurrent-reset-start]
121.569: [CMS-concurrent-reset: 0.000/0.000 secs] [Times: user=0.00 sys=0.00, real=0.00 secs] 
122.579: [GC (Allocation Failure) 122.579: [ParNew: 73294K->8K(92160K), 0.0045575 secs] 115700K->62896K(194560K), 0.0046612 secs] [Times: user=0.03 sys=0.00, real=0.00 secs] 
122.585: [GC (CMS Initial Mark) [1 CMS-initial-mark: 62888K(102400K)] 73136K(194560K), 0.0002218 secs] [Times: user=0.00 sys=0.00, real=0.00 secs] 
122.585: [CMS-concurrent-mark-start]
122.588: [CMS-concurrent-mark: 0.003/0.003 secs] [Times: user=0.01 sys=0.00, real=0.01 secs] 
122.588: [CMS-concurrent-preclean-start]
122.588: [CMS-concurrent-preclean: 0.000/0.000 secs] [Times: user=0.00 sys=0.00, real=0.00 secs] 
122.588: [CMS-concurrent-abortable-preclean-start]
123.595: [GC (Allocation Failure) 123.595: [ParNew: 73294K->8K(92160K), 0.0029950 secs] 136182K->73136K(194560K), 0.0030723 secs] [Times: user=0.01 sys=0.01, real=0.01 secs] 
124.609: [GC (Allocation Failure) 124.609: [ParNew: 73294K->6K(92160K), 0.0006276 secs] 146422K->73134K(194560K), 0.0007080 secs] [Times: user=0.00 sys=0.00, real=0.00 secs] 
124.819: [CMS-concurrent-abortable-preclean: 0.006/2.231 secs] [Times: user=0.06 sys=0.01, real=2.23 secs] 
124.819: [GC (CMS Final Remark) [YG occupancy: 42568 K (92160 K)]124.819: [Rescan (parallel) , 0.0004123 secs]124.819: [weak refs processing, 0.0001028 secs]124.819: [class unloading, 0.0011327 secs]124.820: [scrub symbol table, 0.0005944 secs]124.821: [scrub string table, 0.0002487 secs][1 CMS-remark: 73128K(102400K)] 115696K(194560K), 0.0026431 secs] [Times: user=0.00 sys=0.00, real=0.00 secs] 
124.821: [CMS-concurrent-sweep-start]
124.822: [CMS-concurrent-sweep: 0.001/0.001 secs] [Times: user=0.00 sys=0.00, real=0.00 secs] 
124.822: [CMS-concurrent-reset-start]
124.822: [CMS-concurrent-reset: 0.000/0.000 secs] [Times: user=0.00 sys=0.00, real=0.00 secs] 
125.621: [GC (Allocation Failure) 125.621: [ParNew: 73292K->10K(92160K), 0.0023633 secs] 105460K->42418K(194560K), 0.0024384 secs] [Times: user=0.02 sys=0.00, real=0.00 secs] 
126.634: [GC (Allocation Failure) 126.634: [ParNew: 73296K->10K(92160K), 0.0014667 secs] 115704K->52660K(194560K), 0.0015506 secs] [Times: user=0.01 sys=0.00, real=0.00 secs] 
127.645: [GC (Allocation Failure) 127.645: [ParNew: 73296K->10K(92160K), 0.0027972 secs] 125946K->62900K(194560K), 0.0030858 secs] [Times: user=0.01 sys=0.00, real=0.01 secs] 
127.649: [GC (CMS Initial Mark) [1 CMS-initial-mark: 62890K(102400K)] 73140K(194560K), 0.0002475 secs] [Times: user=0.01 sys=0.00, real=0.00 secs] 
127.650: [CMS-concurrent-mark-start]
127.652: [CMS-concurrent-mark: 0.002/0.002 secs] [Times: user=0.00 sys=0.00, real=0.00 secs] 
127.652: [CMS-concurrent-preclean-start]
127.652: [CMS-concurrent-preclean: 0.000/0.000 secs] [Times: user=0.00 sys=0.00, real=0.00 secs] 
127.652: [CMS-concurrent-abortable-preclean-start]
128.661: [GC (Allocation Failure) 128.661: [ParNew: 73296K->6K(92160K), 0.0004963 secs] 136186K->62896K(194560K), 0.0006054 secs] [Times: user=0.00 sys=0.00, real=0.00 secs] 
128.668: [GC (Allocation Failure) 128.668: [ParNew: 73288K->8K(92160K), 0.0046486 secs] 136178K->93618K(194560K), 0.0047350 secs] [Times: user=0.04 sys=0.01, real=0.00 secs] 
128.673: [CMS-concurrent-abortable-preclean: 0.003/1.021 secs] [Times: user=0.06 sys=0.01, real=1.02 secs] 
128.674: [GC (CMS Final Remark) [YG occupancy: 10248 K (92160 K)]128.674: [Rescan (parallel) , 0.0004305 secs]128.675: [weak refs processing, 0.0001442 secs]128.675: [class unloading, 0.0011606 secs]128.676: [scrub symbol table, 0.0005556 secs]128.677: [scrub string table, 0.0002489 secs][1 CMS-remark: 93610K(102400K)] 103858K(194560K), 0.0026962 secs] [Times: user=0.01 sys=0.00, real=0.00 secs] 
128.677: [CMS-concurrent-sweep-start]
128.678: [CMS-concurrent-sweep: 0.001/0.001 secs] [Times: user=0.00 sys=0.00, real=0.00 secs] 
128.678: [CMS-concurrent-reset-start]
128.678: [CMS-concurrent-reset: 0.000/0.000 secs] [Times: user=0.00 sys=0.00, real=0.00 secs] 
129.686: [GC (Allocation Failure) 129.686: [ParNew: 73294K->8K(92160K), 0.0034084 secs] 115630K->62823K(194560K), 0.0035015 secs] [Times: user=0.02 sys=0.00, real=0.01 secs] 
129.691: [GC (CMS Initial Mark) [1 CMS-initial-mark: 62815K(102400K)] 73063K(194560K), 0.0003235 secs] [Times: user=0.00 sys=0.00, real=0.00 secs] 
129.692: [CMS-concurrent-mark-start]
129.693: [CMS-concurrent-mark: 0.002/0.002 secs] [Times: user=0.00 sys=0.00, real=0.00 secs] 
129.694: [CMS-concurrent-preclean-start]
129.694: [CMS-concurrent-preclean: 0.000/0.000 secs] [Times: user=0.00 sys=0.00, real=0.00 secs] 
129.694: [CMS-concurrent-abortable-preclean-start]
130.701: [GC (Allocation Failure) 130.701: [ParNew: 73294K->8K(92160K), 0.0017216 secs] 136110K->73063K(194560K), 0.0018783 secs] [Times: user=0.01 sys=0.00, real=0.00 secs] 
131.713: [GC (Allocation Failure) 131.713: [ParNew: 73294K->0K(92160K), 0.0004530 secs] 146350K->73064K(194560K), 0.0005082 secs] [Times: user=0.01 sys=0.00, real=0.00 secs] 
131.921: [CMS-concurrent-abortable-preclean: 0.006/2.227 secs] [Times: user=0.05 sys=0.01, real=2.23 secs] 
131.921: [GC (CMS Final Remark) [YG occupancy: 42562 K (92160 K)]131.921: [Rescan (parallel) , 0.0002493 secs]131.921: [weak refs processing, 0.0000850 secs]131.922: [class unloading, 0.0011482 secs]131.923: [scrub symbol table, 0.0005114 secs]131.923: [scrub string table, 0.0002170 secs][1 CMS-remark: 73064K(102400K)] 115626K(194560K), 0.0023069 secs] [Times: user=0.00 sys=0.00, real=0.00 secs] 
131.924: [CMS-concurrent-sweep-start]
131.924: [CMS-concurrent-sweep: 0.001/0.001 secs] [Times: user=0.00 sys=0.00, real=0.00 secs] 
131.924: [CMS-concurrent-reset-start]
131.924: [CMS-concurrent-reset: 0.000/0.000 secs] [Times: user=0.00 sys=0.00, real=0.00 secs] 
132.724: [GC (Allocation Failure) 132.724: [ParNew: 73286K->0K(92160K), 0.0016369 secs] 105390K->42344K(194560K), 0.0017002 secs] [Times: user=0.01 sys=0.00, real=0.00 secs] 
133.734: [GC (Allocation Failure) 133.734: [ParNew: 73286K->0K(92160K), 0.0013742 secs] 115630K->52584K(194560K), 0.0014377 secs] [Times: user=0.01 sys=0.00, real=0.00 secs] 
134.747: [GC (Allocation Failure) 134.747: [ParNew: 73286K->0K(92160K), 0.0016546 secs] 125870K->62824K(194560K), 0.0017146 secs] [Times: user=0.01 sys=0.00, real=0.00 secs] 
134.750: [GC (CMS Initial Mark) [1 CMS-initial-mark: 62824K(102400K)] 73064K(194560K), 0.0002315 secs] [Times: user=0.00 sys=0.00, real=0.00 secs] 
134.750: [CMS-concurrent-mark-start]
134.752: [CMS-concurrent-mark: 0.002/0.002 secs] [Times: user=0.01 sys=0.00, real=0.00 secs] 
134.752: [CMS-concurrent-preclean-start]
134.752: [CMS-concurrent-preclean: 0.000/0.000 secs] [Times: user=0.00 sys=0.00, real=0.00 secs] 
134.752: [CMS-concurrent-abortable-preclean-start]
135.761: [GC (Allocation Failure) 135.761: [ParNew: 73286K->0K(92160K), 0.0005524 secs] 136110K->62824K(194560K), 0.0006119 secs] [Times: user=0.01 sys=0.00, real=0.00 secs] 
135.769: [GC (Allocation Failure) 135.769: [ParNew: 73282K->0K(92160K), 0.0036944 secs] 136106K->93544K(194560K), 0.0037988 secs] [Times: user=0.04 sys=0.00, real=0.00 secs] 
135.773: [CMS-concurrent-abortable-preclean: 0.002/1.020 secs] [Times: user=0.06 sys=0.00, real=1.02 secs] 
135.774: [GC (CMS Final Remark) [YG occupancy: 10240 K (92160 K)]135.774: [Rescan (parallel) , 0.0002488 secs]135.774: [weak refs processing, 0.0001630 secs]135.774: [class unloading, 0.0014180 secs]135.776: [scrub symbol table, 0.0004734 secs]135.777: [scrub string table, 0.0003994 secs][1 CMS-remark: 93544K(102400K)] 103784K(194560K), 0.0029756 secs] [Times: user=0.00 sys=0.00, real=0.01 secs] 
135.777: [CMS-concurrent-sweep-start]
135.778: [CMS-concurrent-sweep: 0.001/0.001 secs] [Times: user=0.00 sys=0.00, real=0.00 secs] 
135.778: [CMS-concurrent-reset-start]
135.778: [CMS-concurrent-reset: 0.000/0.000 secs] [Times: user=0.00 sys=0.00, real=0.00 secs] 
136.787: [GC (Allocation Failure) 136.787: [ParNew: 73286K->0K(92160K), 0.0038023 secs] 115630K->62824K(194560K), 0.0039039 secs] [Times: user=0.03 sys=0.00, real=0.00 secs] 
136.792: [GC (CMS Initial Mark) [1 CMS-initial-mark: 62824K(102400K)] 73064K(194560K), 0.0001957 secs] [Times: user=0.00 sys=0.00, real=0.00 secs] 
136.792: [CMS-concurrent-mark-start]
136.794: [CMS-concurrent-mark: 0.002/0.002 secs] [Times: user=0.01 sys=0.00, real=0.00 secs] 
136.794: [CMS-concurrent-preclean-start]
136.795: [CMS-concurrent-preclean: 0.000/0.000 secs] [Times: user=0.00 sys=0.00, real=0.00 secs] 
136.795: [CMS-concurrent-abortable-preclean-start]
137.802: [GC (Allocation Failure) 137.802: [ParNew: 73286K->0K(92160K), 0.0021565 secs] 136110K->73064K(194560K), 0.0022415 secs] [Times: user=0.02 sys=0.00, real=0.00 secs] 
138.816: [GC (Allocation Failure) 138.816: [ParNew: 73286K->0K(92160K), 0.0007124 secs] 146350K->73064K(194560K), 0.0007703 secs] [Times: user=0.01 sys=0.00, real=0.00 secs] 
139.025: [CMS-concurrent-abortable-preclean: 0.005/2.230 secs] [Times: user=0.05 sys=0.01, real=2.23 secs] 
139.025: [GC (CMS Final Remark) [YG occupancy: 42564 K (92160 K)]139.025: [Rescan (parallel) , 0.0002660 secs]139.025: [weak refs processing, 0.0000877 secs]139.025: [class unloading, 0.0010710 secs]139.026: [scrub symbol table, 0.0004974 secs]139.027: [scrub string table, 0.0002341 secs][1 CMS-remark: 73064K(102400K)] 115628K(194560K), 0.0022400 secs] [Times: user=0.00 sys=0.00, real=0.01 secs] 
139.027: [CMS-concurrent-sweep-start]
139.028: [CMS-concurrent-sweep: 0.001/0.001 secs] [Times: user=0.00 sys=0.00, real=0.00 secs] 
139.028: [CMS-concurrent-reset-start]
139.028: [CMS-concurrent-reset: 0.000/0.000 secs] [Times: user=0.01 sys=0.00, real=0.00 secs] 
139.828: [GC (Allocation Failure) 139.828: [ParNew: 73286K->0K(92160K), 0.0016928 secs] 105390K->42344K(194560K), 0.0017663 secs] [Times: user=0.01 sys=0.01, real=0.00 secs] 
140.840: [GC (Allocation Failure) 140.840: [ParNew: 73286K->0K(92160K), 0.0013470 secs] 115630K->52584K(194560K), 0.0014214 secs] [Times: user=0.01 sys=0.00, real=0.00 secs] 
141.853: [GC (Allocation Failure) 141.853: [ParNew: 73286K->0K(92160K), 0.0022054 secs] 125870K->62824K(194560K), 0.0022963 secs] [Times: user=0.01 sys=0.00, real=0.00 secs] 
141.856: [GC (CMS Initial Mark) [1 CMS-initial-mark: 62824K(102400K)] 73064K(194560K), 0.0002956 secs] [Times: user=0.01 sys=0.00, real=0.01 secs] 
141.857: [CMS-concurrent-mark-start]
141.859: [CMS-concurrent-mark: 0.003/0.003 secs] [Times: user=0.00 sys=0.00, real=0.00 secs] 
141.859: [CMS-concurrent-preclean-start]
141.860: [CMS-concurrent-preclean: 0.000/0.000 secs] [Times: user=0.00 sys=0.00, real=0.00 secs] 
141.860: [CMS-concurrent-abortable-preclean-start]
142.868: [GC (Allocation Failure) 142.868: [ParNew: 73286K->0K(92160K), 0.0004545 secs] 136110K->62824K(194560K), 0.0005114 secs] [Times: user=0.00 sys=0.00, real=0.00 secs] 
142.874: [GC (Allocation Failure) 142.874: [ParNew: 73282K->0K(92160K), 0.0042663 secs] 136106K->93544K(194560K), 0.0043450 secs] [Times: user=0.04 sys=0.00, real=0.01 secs] 
142.879: [CMS-concurrent-abortable-preclean: 0.003/1.019 secs] [Times: user=0.06 sys=0.01, real=1.02 secs] 
142.880: [GC (CMS Final Remark) [YG occupancy: 10240 K (92160 K)]142.880: [Rescan (parallel) , 0.0001834 secs]142.880: [weak refs processing, 0.0000892 secs]142.880: [class unloading, 0.0011293 secs]142.881: [scrub symbol table, 0.0004776 secs]142.882: [scrub string table, 0.0002300 secs][1 CMS-remark: 93544K(102400K)] 103784K(194560K), 0.0022034 secs] [Times: user=0.00 sys=0.00, real=0.00 secs] 
142.882: [CMS-concurrent-sweep-start]
142.882: [CMS-concurrent-sweep: 0.001/0.001 secs] [Times: user=0.01 sys=0.00, real=0.00 secs] 
142.882: [CMS-concurrent-reset-start]
142.883: [CMS-concurrent-reset: 0.000/0.000 secs] [Times: user=0.00 sys=0.00, real=0.00 secs] 
143.893: [GC (Allocation Failure) 143.893: [ParNew: 73286K->2K(92160K), 0.0034846 secs] 115631K->62826K(194560K), 0.0035734 secs] [Times: user=0.03 sys=0.00, real=0.01 secs] 
143.898: [GC (CMS Initial Mark) [1 CMS-initial-mark: 62824K(102400K)] 73066K(194560K), 0.0002247 secs] [Times: user=0.00 sys=0.00, real=0.00 secs] 
143.898: [CMS-concurrent-mark-start]
143.900: [CMS-concurrent-mark: 0.002/0.002 secs] [Times: user=0.00 sys=0.00, real=0.00 secs] 
143.900: [CMS-concurrent-preclean-start]
143.900: [CMS-concurrent-preclean: 0.000/0.000 secs] [Times: user=0.00 sys=0.00, real=0.00 secs] 
143.900: [CMS-concurrent-abortable-preclean-start]
144.908: [GC (Allocation Failure) 144.908: [ParNew: 73288K->2K(92160K), 0.0019456 secs] 136112K->73066K(194560K), 0.0020251 secs] [Times: user=0.01 sys=0.00, real=0.00 secs] 
145.922: [GC (Allocation Failure) 145.922: [ParNew: 73288K->2K(92160K), 0.0004422 secs] 146352K->73066K(194560K), 0.0005061 secs] [Times: user=0.00 sys=0.00, real=0.00 secs] 
146.130: [CMS-concurrent-abortable-preclean: 0.006/2.230 secs] [Times: user=0.05 sys=0.01, real=2.23 secs] 
146.131: [GC (CMS Final Remark) [YG occupancy: 42568 K (92160 K)]146.131: [Rescan (parallel) , 0.0002984 secs]146.131: [weak refs processing, 0.0000794 secs]146.131: [class unloading, 0.0010652 secs]146.132: [scrub symbol table, 0.0004827 secs]146.133: [scrub string table, 0.0002279 secs][1 CMS-remark: 73064K(102400K)] 115632K(194560K), 0.0022288 secs] [Times: user=0.01 sys=0.00, real=0.00 secs] 
146.133: [CMS-concurrent-sweep-start]
146.133: [CMS-concurrent-sweep: 0.001/0.001 secs] [Times: user=0.00 sys=0.00, real=0.00 secs] 
146.133: [CMS-concurrent-reset-start]
146.133: [CMS-concurrent-reset: 0.000/0.000 secs] [Times: user=0.00 sys=0.00, real=0.00 secs] 
146.931: [GC (Allocation Failure) 146.931: [ParNew: 73288K->2K(92160K), 0.0015631 secs] 105392K->42346K(194560K), 0.0016309 secs] [Times: user=0.02 sys=0.00, real=0.00 secs] 
147.941: [GC (Allocation Failure) 147.941: [ParNew: 73288K->2K(92160K), 0.0015779 secs] 115632K->52586K(194560K), 0.0016488 secs] [Times: user=0.01 sys=0.00, real=0.00 secs] 
148.954: [GC (Allocation Failure) 148.955: [ParNew: 73288K->2K(92160K), 0.0015915 secs] 125872K->62826K(194560K), 0.0019500 secs] [Times: user=0.01 sys=0.00, real=0.00 secs] 
148.957: [GC (CMS Initial Mark) [1 CMS-initial-mark: 62824K(102400K)] 73066K(194560K), 0.0001926 secs] [Times: user=0.00 sys=0.00, real=0.00 secs] 
148.958: [CMS-concurrent-mark-start]
148.960: [CMS-concurrent-mark: 0.002/0.002 secs] [Times: user=0.01 sys=0.00, real=0.00 secs] 
148.960: [CMS-concurrent-preclean-start]
148.960: [CMS-concurrent-preclean: 0.000/0.000 secs] [Times: user=0.00 sys=0.00, real=0.00 secs] 
148.960: [CMS-concurrent-abortable-preclean-start]
149.968: [GC (Allocation Failure) 149.968: [ParNew: 73288K->2K(92160K), 0.0004711 secs] 136112K->62826K(194560K), 0.0005454 secs] [Times: user=0.01 sys=0.00, real=0.00 secs] 
149.974: [GC (Allocation Failure) 149.974: [ParNew: 73284K->2K(92160K), 0.0043130 secs] 136108K->93546K(194560K), 0.0044250 secs] [Times: user=0.04 sys=0.01, real=0.01 secs] 
149.979: [CMS-concurrent-abortable-preclean: 0.003/1.019 secs] [Times: user=0.06 sys=0.01, real=1.02 secs] 
149.980: [GC (CMS Final Remark) [YG occupancy: 10242 K (92160 K)]149.980: [Rescan (parallel) , 0.0004278 secs]149.981: [weak refs processing, 0.0001196 secs]149.981: [class unloading, 0.0013162 secs]149.982: [scrub symbol table, 0.0005536 secs]149.983: [scrub string table, 0.0002943 secs][1 CMS-remark: 93544K(102400K)] 103786K(194560K), 0.0028852 secs] [Times: user=0.00 sys=0.00, real=0.00 secs] 
149.983: [CMS-concurrent-sweep-start]
149.984: [CMS-concurrent-sweep: 0.001/0.001 secs] [Times: user=0.00 sys=0.00, real=0.00 secs] 
149.984: [CMS-concurrent-reset-start]
149.984: [CMS-concurrent-reset: 0.000/0.000 secs] [Times: user=0.00 sys=0.00, real=0.00 secs] 
150.992: [GC (Allocation Failure) 150.992: [ParNew: 73288K->2K(92160K), 0.0033476 secs] 115632K->62826K(194560K), 0.0034418 secs] [Times: user=0.03 sys=0.00, real=0.00 secs] 
150.997: [GC (CMS Initial Mark) [1 CMS-initial-mark: 62824K(102400K)] 73066K(194560K), 0.0001955 secs] [Times: user=0.00 sys=0.00, real=0.00 secs] 
150.997: [CMS-concurrent-mark-start]
150.999: [CMS-concurrent-mark: 0.002/0.002 secs] [Times: user=0.01 sys=0.00, real=0.00 secs] 
150.999: [CMS-concurrent-preclean-start]
150.999: [CMS-concurrent-preclean: 0.000/0.000 secs] [Times: user=0.00 sys=0.00, real=0.00 secs] 
150.999: [CMS-concurrent-abortable-preclean-start]
152.008: [GC (Allocation Failure) 152.008: [ParNew: 73288K->2K(92160K), 0.0022391 secs] 136112K->73066K(194560K), 0.0023323 secs] [Times: user=0.02 sys=0.00, real=0.00 secs] 
153.023: [GC (Allocation Failure) 153.023: [ParNew: 75881K->338K(92160K), 0.0018079 secs] 148945K->73402K(194560K), 0.0019069 secs] [Times: user=0.01 sys=0.00, real=0.00 secs] 
153.132: [CMS-concurrent-abortable-preclean: 0.010/2.133 secs] [Times: user=0.17 sys=0.02, real=2.13 secs] 
153.133: [GC (CMS Final Remark) [YG occupancy: 42890 K (92160 K)]153.133: [Rescan (parallel) , 0.0010890 secs]153.134: [weak refs processing, 0.0001185 secs]153.134: [class unloading, 0.0018093 secs]153.136: [scrub symbol table, 0.0005926 secs]153.136: [scrub string table, 0.0002578 secs][1 CMS-remark: 73064K(102400K)] 115954K(194560K), 0.0040332 secs] [Times: user=0.01 sys=0.00, real=0.01 secs] 
153.137: [CMS-concurrent-sweep-start]
153.137: [CMS-concurrent-sweep: 0.001/0.001 secs] [Times: user=0.00 sys=0.00, real=0.00 secs] 
153.137: [CMS-concurrent-reset-start]
153.137: [CMS-concurrent-reset: 0.000/0.000 secs] [Times: user=0.00 sys=0.00, real=0.00 secs] 
154.037: [GC (Allocation Failure) 154.037: [ParNew: 73610K->412K(92160K), 0.0016609 secs] 105714K->42756K(194560K), 0.0017753 secs] [Times: user=0.01 sys=0.00, real=0.00 secs] 
155.048: [GC (Allocation Failure) 155.048: [ParNew: 73688K->456K(92160K), 0.0023178 secs] 116032K->53040K(194560K), 0.0024137 secs] [Times: user=0.02 sys=0.00, real=0.00 secs] 
156.063: [GC (Allocation Failure) 156.063: [ParNew: 73735K->479K(92160K), 0.0018756 secs] 126319K->63303K(194560K), 0.0019770 secs] [Times: user=0.01 sys=0.01, real=0.00 secs] 
156.066: [GC (CMS Initial Mark) [1 CMS-initial-mark: 62824K(102400K)] 73543K(194560K), 0.0005377 secs] [Times: user=0.01 sys=0.00, real=0.01 secs] 
156.066: [CMS-concurrent-mark-start]
156.069: [CMS-concurrent-mark: 0.002/0.002 secs] [Times: user=0.00 sys=0.00, real=0.00 secs] 
156.069: [CMS-concurrent-preclean-start]
156.069: [CMS-concurrent-preclean: 0.000/0.000 secs] [Times: user=0.01 sys=0.00, real=0.00 secs] 
156.069: [CMS-concurrent-abortable-preclean-start]
157.076: [GC (Allocation Failure) 157.076: [ParNew: 73761K->420K(92160K), 0.0018234 secs] 136585K->63244K(194560K), 0.0019192 secs] [Times: user=0.01 sys=0.00, real=0.00 secs] 
157.085: [GC (Allocation Failure) 157.085: [ParNew: 73699K->486K(92160K), 0.0064998 secs] 136523K->94030K(194560K), 0.0066115 secs] [Times: user=0.05 sys=0.00, real=0.01 secs] 
157.092: [CMS-concurrent-abortable-preclean: 0.030/1.022 secs] [Times: user=0.10 sys=0.00, real=1.02 secs] 
157.093: [GC (CMS Final Remark) [YG occupancy: 10726 K (92160 K)]157.093: [Rescan (parallel) , 0.0003545 secs]157.093: [weak refs processing, 0.0000950 secs]157.093: [class unloading, 0.0013973 secs]157.095: [scrub symbol table, 0.0006774 secs]157.095: [scrub string table, 0.0002426 secs][1 CMS-remark: 93544K(102400K)] 104270K(194560K), 0.0028814 secs] [Times: user=0.01 sys=0.00, real=0.00 secs] 
157.096: [CMS-concurrent-sweep-start]
157.096: [CMS-concurrent-sweep: 0.001/0.001 secs] [Times: user=0.00 sys=0.00, real=0.01 secs] 
157.096: [CMS-concurrent-reset-start]
157.096: [CMS-concurrent-reset: 0.000/0.000 secs] [Times: user=0.00 sys=0.00, real=0.00 secs] 
158.104: [GC (Allocation Failure) 158.104: [ParNew: 73771K->486K(92160K), 0.0033707 secs] 116114K->63310K(194560K), 0.0034908 secs] [Times: user=0.03 sys=0.00, real=0.01 secs] 
158.109: [GC (CMS Initial Mark) [1 CMS-initial-mark: 62823K(102400K)] 73550K(194560K), 0.0002510 secs] [Times: user=0.00 sys=0.00, real=0.00 secs] 
158.109: [CMS-concurrent-mark-start]
158.111: [CMS-concurrent-mark: 0.002/0.002 secs] [Times: user=0.01 sys=0.00, real=0.00 secs] 
158.111: [CMS-concurrent-preclean-start]
158.111: [CMS-concurrent-preclean: 0.000/0.000 secs] [Times: user=0.00 sys=0.00, real=0.00 secs] 
158.111: [CMS-concurrent-abortable-preclean-start]
159.119: [GC (Allocation Failure) 159.119: [ParNew: 73772K->486K(92160K), 0.0019953 secs] 136595K->73550K(194560K), 0.0020810 secs] [Times: user=0.02 sys=0.00, real=0.00 secs] 
160.133: [GC (Allocation Failure) 160.133: [ParNew: 73772K->421K(92160K), 0.0006224 secs] 146836K->73485K(194560K), 0.0006794 secs] [Times: user=0.00 sys=0.00, real=0.00 secs] 
160.346: [CMS-concurrent-abortable-preclean: 0.051/2.235 secs] [Times: user=0.09 sys=0.01, real=2.23 secs] 
160.346: [GC (CMS Final Remark) [YG occupancy: 42986 K (92160 K)]160.346: [Rescan (parallel) , 0.0003616 secs]160.346: [weak refs processing, 0.0001251 secs]160.346: [class unloading, 0.0015279 secs]160.348: [scrub symbol table, 0.0005618 secs]160.349: [scrub string table, 0.0002405 secs][1 CMS-remark: 73063K(102400K)] 116049K(194560K), 0.0029409 secs] [Times: user=0.01 sys=0.00, real=0.01 secs] 
160.349: [CMS-concurrent-sweep-start]
160.349: [CMS-concurrent-sweep: 0.000/0.000 secs] [Times: user=0.00 sys=0.00, real=0.00 secs] 
160.349: [CMS-concurrent-reset-start]
160.349: [CMS-concurrent-reset: 0.000/0.000 secs] [Times: user=0.00 sys=0.00, real=0.00 secs] 
161.143: [GC (Allocation Failure) 161.144: [ParNew: 73708K->454K(92160K), 0.0030873 secs] 105811K->42797K(194560K), 0.0034928 secs] [Times: user=0.02 sys=0.00, real=0.01 secs] 
162.158: [GC (Allocation Failure) 162.158: [ParNew: 73740K->454K(92160K), 0.0032934 secs] 116084K->53037K(194560K), 0.0033866 secs] [Times: user=0.02 sys=0.00, real=0.00 secs] 
163.174: [GC (Allocation Failure) 163.174: [ParNew: 73740K->519K(92160K), 0.0037152 secs] 126324K->63342K(194560K), 0.0038728 secs] [Times: user=0.02 sys=0.00, real=0.01 secs] 
163.179: [GC (CMS Initial Mark) [1 CMS-initial-mark: 62823K(102400K)] 73582K(194560K), 0.0003476 secs] [Times: user=0.00 sys=0.00, real=0.00 secs] 
163.180: [CMS-concurrent-mark-start]
163.183: [CMS-concurrent-mark: 0.003/0.003 secs] [Times: user=0.01 sys=0.00, real=0.00 secs] 
163.183: [CMS-concurrent-preclean-start]
163.183: [CMS-concurrent-preclean: 0.001/0.001 secs] [Times: user=0.01 sys=0.00, real=0.00 secs] 
163.183: [CMS-concurrent-abortable-preclean-start]
164.194: [GC (Allocation Failure) 164.194: [ParNew: 73805K->421K(92160K), 0.0007517 secs] 136629K->63245K(194560K), 0.0008172 secs] [Times: user=0.01 sys=0.00, real=0.00 secs] 
164.202: [GC (Allocation Failure) 164.202: [ParNew: 73704K->486K(92160K), 0.0044100 secs] 136527K->94030K(194560K), 0.0044926 secs] [Times: user=0.03 sys=0.01, real=0.01 secs] 
164.207: [CMS-concurrent-abortable-preclean: 0.029/1.024 secs] [Times: user=0.08 sys=0.01, real=1.03 secs] 
164.208: [GC (CMS Final Remark) [YG occupancy: 10726 K (92160 K)]164.208: [Rescan (parallel) , 0.0003876 secs]164.208: [weak refs processing, 0.0002306 secs]164.209: [class unloading, 0.0018302 secs]164.211: [scrub symbol table, 0.0006961 secs]164.211: [scrub string table, 0.0003247 secs][1 CMS-remark: 93543K(102400K)] 104270K(194560K), 0.0036875 secs] [Times: user=0.00 sys=0.00, real=0.00 secs] 
164.212: [CMS-concurrent-sweep-start]
164.212: [CMS-concurrent-sweep: 0.001/0.001 secs] [Times: user=0.00 sys=0.00, real=0.00 secs] 
164.212: [CMS-concurrent-reset-start]
164.213: [CMS-concurrent-reset: 0.000/0.000 secs] [Times: user=0.00 sys=0.00, real=0.00 secs] 
165.224: [GC (Allocation Failure) 165.224: [ParNew: 73773K->486K(92160K), 0.0039189 secs] 116111K->63304K(194560K), 0.0040432 secs] [Times: user=0.03 sys=0.00, real=0.01 secs] 
165.229: [GC (CMS Initial Mark) [1 CMS-initial-mark: 62817K(102400K)] 73544K(194560K), 0.0003332 secs] [Times: user=0.00 sys=0.00, real=0.00 secs] 
165.230: [CMS-concurrent-mark-start]
165.232: [CMS-concurrent-mark: 0.002/0.002 secs] [Times: user=0.01 sys=0.00, real=0.00 secs] 
165.232: [CMS-concurrent-preclean-start]
165.232: [CMS-concurrent-preclean: 0.000/0.000 secs] [Times: user=0.00 sys=0.00, real=0.00 secs] 
165.232: [CMS-concurrent-abortable-preclean-start]
166.242: [GC (Allocation Failure) 166.242: [ParNew: 73773K->0K(92160K), 0.0044004 secs] 136591K->73420K(194560K), 0.0045356 secs] [Times: user=0.02 sys=0.01, real=0.01 secs] 
167.259: [GC (Allocation Failure) 167.259: [ParNew: 73286K->0K(92160K), 0.0008136 secs] 146707K->73420K(194560K), 0.0008963 secs] [Times: user=0.00 sys=0.00, real=0.00 secs] 
167.467: [CMS-concurrent-abortable-preclean: 0.030/2.235 secs] [Times: user=0.08 sys=0.01, real=2.24 secs] 
167.468: [GC (CMS Final Remark) [YG occupancy: 42562 K (92160 K)]167.468: [Rescan (parallel) , 0.0004026 secs]167.468: [weak refs processing, 0.0001037 secs]167.468: [class unloading, 0.0017748 secs]167.470: [scrub symbol table, 0.0009568 secs]167.471: [scrub string table, 0.0003268 secs][1 CMS-remark: 73420K(102400K)] 115983K(194560K), 0.0038097 secs] [Times: user=0.01 sys=0.00, real=0.00 secs] 
167.471: [CMS-concurrent-sweep-start]
167.472: [CMS-concurrent-sweep: 0.001/0.001 secs] [Times: user=0.00 sys=0.00, real=0.00 secs] 
167.472: [CMS-concurrent-reset-start]
167.472: [CMS-concurrent-reset: 0.000/0.000 secs] [Times: user=0.00 sys=0.00, real=0.00 secs] 
168.273: [GC (Allocation Failure) 168.273: [ParNew: 73286K->0K(92160K), 0.0016182 secs] 105747K->42700K(194560K), 0.0016969 secs] [Times: user=0.02 sys=0.00, real=0.00 secs] 
169.286: [GC (Allocation Failure) 169.286: [ParNew: 73286K->0K(92160K), 0.0015523 secs] 115987K->52940K(194560K), 0.0016424 secs] [Times: user=0.01 sys=0.00, real=0.00 secs] 
170.299: [GC (Allocation Failure) 170.299: [ParNew: 73286K->0K(92160K), 0.0016135 secs] 126227K->63180K(194560K), 0.0017132 secs] [Times: user=0.02 sys=0.00, real=0.00 secs] 
170.302: [GC (CMS Initial Mark) [1 CMS-initial-mark: 63180K(102400K)] 73420K(194560K), 0.0002156 secs] [Times: user=0.00 sys=0.00, real=0.00 secs] 
170.302: [CMS-concurrent-mark-start]
170.305: [CMS-concurrent-mark: 0.003/0.003 secs] [Times: user=0.01 sys=0.00, real=0.00 secs] 
170.305: [CMS-concurrent-preclean-start]
170.305: [CMS-concurrent-preclean: 0.000/0.000 secs] [Times: user=0.00 sys=0.00, real=0.00 secs] 
170.305: [CMS-concurrent-abortable-preclean-start]
171.313: [GC (Allocation Failure) 171.313: [ParNew: 73286K->0K(92160K), 0.0009789 secs] 136467K->63180K(194560K), 0.0010597 secs] [Times: user=0.01 sys=0.00, real=0.00 secs] 
171.321: [GC (Allocation Failure) 171.321: [ParNew: 73282K->0K(92160K), 0.0050822 secs] 136463K->93900K(194560K), 0.0052191 secs] [Times: user=0.04 sys=0.00, real=0.01 secs] 
171.326: [CMS-concurrent-abortable-preclean: 0.004/1.021 secs] [Times: user=0.06 sys=0.01, real=1.03 secs] 
171.327: [GC (CMS Final Remark) [YG occupancy: 10240 K (92160 K)]171.327: [Rescan (parallel) , 0.0002780 secs]171.328: [weak refs processing, 0.0001110 secs]171.328: [class unloading, 0.0017004 secs]171.330: [scrub symbol table, 0.0006164 secs]171.330: [scrub string table, 0.0002610 secs][1 CMS-remark: 93900K(102400K)] 104140K(194560K), 0.0030687 secs] [Times: user=0.00 sys=0.00, real=0.00 secs] 
171.331: [CMS-concurrent-sweep-start]
171.331: [CMS-concurrent-sweep: 0.001/0.001 secs] [Times: user=0.00 sys=0.00, real=0.00 secs] 
171.332: [CMS-concurrent-reset-start]
171.332: [CMS-concurrent-reset: 0.000/0.000 secs] [Times: user=0.00 sys=0.00, real=0.00 secs] 
172.339: [GC (Allocation Failure) 172.339: [ParNew: 73286K->0K(92160K), 0.0027413 secs] 115987K->63180K(194560K), 0.0028228 secs] [Times: user=0.02 sys=0.00, real=0.00 secs] 
172.342: [GC (CMS Initial Mark) [1 CMS-initial-mark: 63180K(102400K)] 73420K(194560K), 0.0002117 secs] [Times: user=0.00 sys=0.00, real=0.00 secs] 
172.343: [CMS-concurrent-mark-start]
172.344: [CMS-concurrent-mark: 0.002/0.002 secs] [Times: user=0.00 sys=0.00, real=0.00 secs] 
172.344: [CMS-concurrent-preclean-start]
172.345: [CMS-concurrent-preclean: 0.000/0.000 secs] [Times: user=0.00 sys=0.00, real=0.00 secs] 
172.345: [CMS-concurrent-abortable-preclean-start]
173.351: [GC (Allocation Failure) 173.351: [ParNew: 73286K->0K(92160K), 0.0018426 secs] 136467K->73420K(194560K), 0.0019202 secs] [Times: user=0.02 sys=0.00, real=0.00 secs] 
174.361: [GC (Allocation Failure) 174.361: [ParNew: 73286K->0K(92160K), 0.0005126 secs] 146707K->73420K(194560K), 0.0005665 secs] [Times: user=0.01 sys=0.00, real=0.00 secs] 
174.569: [CMS-concurrent-abortable-preclean: 0.006/2.225 secs] [Times: user=0.05 sys=0.01, real=2.23 secs] 
174.569: [GC (CMS Final Remark) [YG occupancy: 42562 K (92160 K)]174.569: [Rescan (parallel) , 0.0003374 secs]174.570: [weak refs processing, 0.0001046 secs]174.570: [class unloading, 0.0018159 secs]174.572: [scrub symbol table, 0.0005900 secs]174.572: [scrub string table, 0.0002667 secs][1 CMS-remark: 73420K(102400K)] 115983K(194560K), 0.0032183 secs] [Times: user=0.00 sys=0.00, real=0.00 secs] 
174.573: [CMS-concurrent-sweep-start]
174.574: [CMS-concurrent-sweep: 0.001/0.001 secs] [Times: user=0.00 sys=0.00, real=0.00 secs] 
174.574: [CMS-concurrent-reset-start]
174.574: [CMS-concurrent-reset: 0.000/0.000 secs] [Times: user=0.00 sys=0.00, real=0.00 secs] 
175.372: [GC (Allocation Failure) 175.372: [ParNew: 73286K->0K(92160K), 0.0019769 secs] 105747K->42700K(194560K), 0.0020614 secs] [Times: user=0.02 sys=0.00, real=0.00 secs] 
176.384: [GC (Allocation Failure) 176.384: [ParNew: 73286K->0K(92160K), 0.0015775 secs] 115987K->52940K(194560K), 0.0016505 secs] [Times: user=0.01 sys=0.00, real=0.01 secs] 
177.397: [GC (Allocation Failure) 177.397: [ParNew: 73286K->0K(92160K), 0.0018892 secs] 126227K->63180K(194560K), 0.0019683 secs] [Times: user=0.01 sys=0.00, real=0.00 secs] 
177.400: [GC (CMS Initial Mark) [1 CMS-initial-mark: 63180K(102400K)] 73420K(194560K), 0.0001912 secs] [Times: user=0.00 sys=0.00, real=0.00 secs] 
177.400: [CMS-concurrent-mark-start]
177.402: [CMS-concurrent-mark: 0.002/0.002 secs] [Times: user=0.00 sys=0.00, real=0.00 secs] 
177.402: [CMS-concurrent-preclean-start]
177.402: [CMS-concurrent-preclean: 0.000/0.000 secs] [Times: user=0.01 sys=0.00, real=0.00 secs] 
177.402: [CMS-concurrent-abortable-preclean-start]
178.410: [GC (Allocation Failure) 178.410: [ParNew: 73286K->0K(92160K), 0.0004964 secs] 136467K->63180K(194560K), 0.0005533 secs] [Times: user=0.00 sys=0.00, real=0.00 secs] 
178.416: [GC (Allocation Failure) 178.416: [ParNew: 73282K->0K(92160K), 0.0039351 secs] 136463K->93900K(194560K), 0.0040043 secs] [Times: user=0.03 sys=0.00, real=0.00 secs] 
178.420: [CMS-concurrent-abortable-preclean: 0.003/1.018 secs] [Times: user=0.05 sys=0.00, real=1.02 secs] 
178.422: [GC (CMS Final Remark) [YG occupancy: 10240 K (92160 K)]178.422: [Rescan (parallel) , 0.0004265 secs]178.422: [weak refs processing, 0.0000986 secs]178.422: [class unloading, 0.0019564 secs]178.424: [scrub symbol table, 0.0008529 secs]178.425: [scrub string table, 0.0002786 secs][1 CMS-remark: 93900K(102400K)] 104140K(194560K), 0.0037748 secs] [Times: user=0.01 sys=0.00, real=0.00 secs] 
178.425: [CMS-concurrent-sweep-start]
178.426: [CMS-concurrent-sweep: 0.001/0.001 secs] [Times: user=0.00 sys=0.00, real=0.01 secs] 
178.426: [CMS-concurrent-reset-start]
178.426: [CMS-concurrent-reset: 0.000/0.000 secs] [Times: user=0.00 sys=0.00, real=0.00 secs] 
179.436: [GC (Allocation Failure) 179.436: [ParNew: 73286K->0K(92160K), 0.0029773 secs] 115987K->63180K(194560K), 0.0030820 secs] [Times: user=0.02 sys=0.00, real=0.00 secs] 
179.441: [GC (CMS Initial Mark) [1 CMS-initial-mark: 63180K(102400K)] 73420K(194560K), 0.0002232 secs] [Times: user=0.00 sys=0.00, real=0.00 secs] 
179.441: [CMS-concurrent-mark-start]
179.443: [CMS-concurrent-mark: 0.002/0.002 secs] [Times: user=0.00 sys=0.00, real=0.00 secs] 
179.443: [CMS-concurrent-preclean-start]
179.443: [CMS-concurrent-preclean: 0.000/0.000 secs] [Times: user=0.00 sys=0.00, real=0.00 secs] 
179.443: [CMS-concurrent-abortable-preclean-start]
180.451: [GC (Allocation Failure) 180.451: [ParNew: 73286K->0K(92160K), 0.0015837 secs] 136467K->73420K(194560K), 0.0016563 secs] [Times: user=0.01 sys=0.00, real=0.00 secs] 
181.462: [GC (Allocation Failure) 181.462: [ParNew: 73286K->0K(92160K), 0.0005226 secs] 146707K->73420K(194560K), 0.0005846 secs] [Times: user=0.00 sys=0.00, real=0.00 secs] 
181.671: [CMS-concurrent-abortable-preclean: 0.006/2.228 secs] [Times: user=0.05 sys=0.01, real=2.23 secs] 
181.672: [GC (CMS Final Remark) [YG occupancy: 42562 K (92160 K)]181.672: [Rescan (parallel) , 0.0011346 secs]181.673: [weak refs processing, 0.0001380 secs]181.673: [class unloading, 0.0023536 secs]181.676: [scrub symbol table, 0.0011317 secs]181.677: [scrub string table, 0.0004900 secs][1 CMS-remark: 73420K(102400K)] 115983K(194560K), 0.0055666 secs] [Times: user=0.01 sys=0.00, real=0.01 secs] 
181.678: [CMS-concurrent-sweep-start]
181.679: [CMS-concurrent-sweep: 0.001/0.001 secs] [Times: user=0.00 sys=0.00, real=0.00 secs] 
181.679: [CMS-concurrent-reset-start]
181.679: [CMS-concurrent-reset: 0.000/0.000 secs] [Times: user=0.00 sys=0.00, real=0.00 secs] 
182.473: [GC (Allocation Failure) 182.474: [ParNew: 73286K->0K(92160K), 0.0015628 secs] 105747K->42700K(194560K), 0.0022714 secs] [Times: user=0.01 sys=0.00, real=0.00 secs] 
183.486: [GC (Allocation Failure) 183.486: [ParNew: 73286K->0K(92160K), 0.0016722 secs] 115987K->52940K(194560K), 0.0018162 secs] [Times: user=0.01 sys=0.00, real=0.00 secs] 
184.498: [GC (Allocation Failure) 184.498: [ParNew: 73286K->0K(92160K), 0.0021283 secs] 126227K->63180K(194560K), 0.0021995 secs] [Times: user=0.02 sys=0.00, real=0.00 secs] 
184.502: [GC (CMS Initial Mark) [1 CMS-initial-mark: 63180K(102400K)] 73420K(194560K), 0.0003219 secs] [Times: user=0.00 sys=0.00, real=0.00 secs] 
184.502: [CMS-concurrent-mark-start]
184.506: [CMS-concurrent-mark: 0.003/0.003 secs] [Times: user=0.01 sys=0.00, real=0.01 secs] 
184.506: [CMS-concurrent-preclean-start]
184.506: [CMS-concurrent-preclean: 0.000/0.000 secs] [Times: user=0.00 sys=0.00, real=0.00 secs] 
184.506: [CMS-concurrent-abortable-preclean-start]
185.516: [GC (Allocation Failure) 185.516: [ParNew: 73286K->0K(92160K), 0.0016191 secs] 136467K->63180K(194560K), 0.0017104 secs] [Times: user=0.01 sys=0.00, real=0.00 secs] 
185.526: [GC (Allocation Failure) 185.526: [ParNew: 73282K->0K(92160K), 0.0044196 secs] 136463K->93900K(194560K), 0.0045075 secs] [Times: user=0.04 sys=0.00, real=0.00 secs] 
185.531: [CMS-concurrent-abortable-preclean: 0.003/1.024 secs] [Times: user=0.07 sys=0.00, real=1.02 secs] 
185.532: [GC (CMS Final Remark) [YG occupancy: 10240 K (92160 K)]185.532: [Rescan (parallel) , 0.0003508 secs]185.532: [weak refs processing, 0.0001581 secs]185.532: [class unloading, 0.0024583 secs]185.535: [scrub symbol table, 0.0009883 secs]185.536: [scrub string table, 0.0002720 secs][1 CMS-remark: 93900K(102400K)] 104140K(194560K), 0.0044306 secs] [Times: user=0.00 sys=0.00, real=0.01 secs] 
185.536: [CMS-concurrent-sweep-start]
185.537: [CMS-concurrent-sweep: 0.001/0.001 secs] [Times: user=0.00 sys=0.00, real=0.00 secs] 
185.537: [CMS-concurrent-reset-start]
185.538: [CMS-concurrent-reset: 0.000/0.000 secs] [Times: user=0.00 sys=0.00, real=0.00 secs] 
186.544: [GC (Allocation Failure) 186.544: [ParNew: 73286K->0K(92160K), 0.0039397 secs] 115987K->63180K(194560K), 0.0040204 secs] [Times: user=0.03 sys=0.00, real=0.01 secs] 
186.549: [GC (CMS Initial Mark) [1 CMS-initial-mark: 63180K(102400K)] 73420K(194560K), 0.0003001 secs] [Times: user=0.00 sys=0.00, real=0.00 secs] 
186.549: [CMS-concurrent-mark-start]
186.553: [CMS-concurrent-mark: 0.003/0.003 secs] [Times: user=0.01 sys=0.00, real=0.00 secs] 
186.553: [CMS-concurrent-preclean-start]
186.553: [CMS-concurrent-preclean: 0.000/0.000 secs] [Times: user=0.00 sys=0.00, real=0.00 secs] 
186.553: [CMS-concurrent-abortable-preclean-start]
187.559: [GC (Allocation Failure) 187.560: [ParNew: 73286K->0K(92160K), 0.0027235 secs] 136467K->73420K(194560K), 0.0028006 secs] [Times: user=0.02 sys=0.00, real=0.00 secs] 
188.574: [GC (Allocation Failure) 188.574: [ParNew: 73286K->0K(92160K), 0.0005521 secs] 146707K->73420K(194560K), 0.0006419 secs] [Times: user=0.01 sys=0.00, real=0.00 secs] 
188.782: [CMS-concurrent-abortable-preclean: 0.007/2.229 secs] [Times: user=0.05 sys=0.01, real=2.23 secs] 
188.782: [GC (CMS Final Remark) [YG occupancy: 42562 K (92160 K)]188.782: [Rescan (parallel) , 0.0002649 secs]188.783: [weak refs processing, 0.0001034 secs]188.783: [class unloading, 0.0015108 secs]188.784: [scrub symbol table, 0.0005931 secs]188.785: [scrub string table, 0.0002551 secs][1 CMS-remark: 73420K(102400K)] 115983K(194560K), 0.0028408 secs] [Times: user=0.00 sys=0.00, real=0.01 secs] 
188.785: [CMS-concurrent-sweep-start]
188.786: [CMS-concurrent-sweep: 0.001/0.001 secs] [Times: user=0.01 sys=0.00, real=0.00 secs] 
188.786: [CMS-concurrent-reset-start]
188.786: [CMS-concurrent-reset: 0.000/0.000 secs] [Times: user=0.00 sys=0.00, real=0.00 secs] 
189.586: [GC (Allocation Failure) 189.586: [ParNew: 73286K->0K(92160K), 0.0019398 secs] 105747K->42700K(194560K), 0.0020243 secs] [Times: user=0.02 sys=0.00, real=0.00 secs] 
190.598: [GC (Allocation Failure) 190.598: [ParNew: 73286K->0K(92160K), 0.0015700 secs] 115987K->52940K(194560K), 0.0016553 secs] [Times: user=0.01 sys=0.01, real=0.00 secs] 
191.608: [GC (Allocation Failure) 191.608: [ParNew: 73286K->0K(92160K), 0.0019112 secs] 126227K->63180K(194560K), 0.0020020 secs] [Times: user=0.02 sys=0.00, real=0.00 secs] 
191.612: [GC (CMS Initial Mark) [1 CMS-initial-mark: 63180K(102400K)] 73420K(194560K), 0.0003493 secs] [Times: user=0.00 sys=0.00, real=0.00 secs] 
191.612: [CMS-concurrent-mark-start]
191.615: [CMS-concurrent-mark: 0.003/0.003 secs] [Times: user=0.01 sys=0.00, real=0.01 secs] 
191.615: [CMS-concurrent-preclean-start]
191.616: [CMS-concurrent-preclean: 0.000/0.000 secs] [Times: user=0.00 sys=0.00, real=0.00 secs] 
191.616: [CMS-concurrent-abortable-preclean-start]
192.623: [GC (Allocation Failure) 192.623: [ParNew: 73286K->0K(92160K), 0.0014835 secs] 136467K->63180K(194560K), 0.0015756 secs] [Times: user=0.01 sys=0.00, real=0.00 secs] 
192.631: [GC (Allocation Failure) 192.631: [ParNew: 73282K->0K(92160K), 0.0043326 secs] 136463K->93900K(194560K), 0.0044422 secs] [Times: user=0.03 sys=0.00, real=0.01 secs] 
192.635: [CMS-concurrent-abortable-preclean: 0.003/1.019 secs] [Times: user=0.06 sys=0.00, real=1.02 secs] 
192.636: [GC (CMS Final Remark) [YG occupancy: 10240 K (92160 K)]192.636: [Rescan (parallel) , 0.0002977 secs]192.637: [weak refs processing, 0.0001213 secs]192.637: [class unloading, 0.0017316 secs]192.638: [scrub symbol table, 0.0006085 secs]192.639: [scrub string table, 0.0002616 secs][1 CMS-remark: 93900K(102400K)] 104140K(194560K), 0.0031637 secs] [Times: user=0.01 sys=0.01, real=0.00 secs] 
192.639: [CMS-concurrent-sweep-start]
192.640: [CMS-concurrent-sweep: 0.001/0.001 secs] [Times: user=0.00 sys=0.00, real=0.00 secs] 
192.640: [CMS-concurrent-reset-start]
192.640: [CMS-concurrent-reset: 0.000/0.000 secs] [Times: user=0.00 sys=0.00, real=0.00 secs] 
193.649: [GC (Allocation Failure) 193.649: [ParNew: 73286K->0K(92160K), 0.0030299 secs] 115987K->63180K(194560K), 0.0031288 secs] [Times: user=0.02 sys=0.00, real=0.00 secs] 
193.653: [GC (CMS Initial Mark) [1 CMS-initial-mark: 63180K(102400K)] 73420K(194560K), 0.0002293 secs] [Times: user=0.00 sys=0.00, real=0.00 secs] 
193.653: [CMS-concurrent-mark-start]
193.656: [CMS-concurrent-mark: 0.002/0.002 secs] [Times: user=0.01 sys=0.00, real=0.01 secs] 
193.656: [CMS-concurrent-preclean-start]
193.656: [CMS-concurrent-preclean: 0.000/0.000 secs] [Times: user=0.00 sys=0.00, real=0.00 secs] 
193.656: [CMS-concurrent-abortable-preclean-start]
194.664: [GC (Allocation Failure) 194.664: [ParNew: 73286K->0K(92160K), 0.0025631 secs] 136467K->73420K(194560K), 0.0026683 secs] [Times: user=0.02 sys=0.00, real=0.01 secs] 
195.678: [GC (Allocation Failure) 195.678: [ParNew: 73286K->0K(92160K), 0.0005861 secs] 146707K->73420K(194560K), 0.0006743 secs] [Times: user=0.00 sys=0.00, real=0.00 secs] 
195.886: [CMS-concurrent-abortable-preclean: 0.006/2.230 secs] [Times: user=0.06 sys=0.01, real=2.23 secs] 
195.886: [GC (CMS Final Remark) [YG occupancy: 42562 K (92160 K)]195.886: [Rescan (parallel) , 0.0002936 secs]195.887: [weak refs processing, 0.0001361 secs]195.887: [class unloading, 0.0016359 secs]195.889: [scrub symbol table, 0.0006519 secs]195.889: [scrub string table, 0.0003078 secs][1 CMS-remark: 73420K(102400K)] 115983K(194560K), 0.0032454 secs] [Times: user=0.00 sys=0.00, real=0.00 secs] 
195.890: [CMS-concurrent-sweep-start]
195.891: [CMS-concurrent-sweep: 0.001/0.001 secs] [Times: user=0.00 sys=0.00, real=0.00 secs] 
195.891: [CMS-concurrent-reset-start]
195.891: [CMS-concurrent-reset: 0.000/0.000 secs] [Times: user=0.00 sys=0.00, real=0.00 secs] 
196.689: [GC (Allocation Failure) 196.689: [ParNew: 73286K->0K(92160K), 0.0014723 secs] 105747K->42700K(194560K), 0.0015547 secs] [Times: user=0.01 sys=0.00, real=0.00 secs] 
197.700: [GC (Allocation Failure) 197.700: [ParNew: 73286K->0K(92160K), 0.0014227 secs] 115987K->52940K(194560K), 0.0015079 secs] [Times: user=0.01 sys=0.00, real=0.00 secs] 
198.711: [GC (Allocation Failure) 198.711: [ParNew: 73286K->0K(92160K), 0.0019047 secs] 126227K->63180K(194560K), 0.0020085 secs] [Times: user=0.02 sys=0.00, real=0.00 secs] 
198.714: [GC (CMS Initial Mark) [1 CMS-initial-mark: 63180K(102400K)] 73420K(194560K), 0.0002675 secs] [Times: user=0.00 sys=0.00, real=0.00 secs] 
198.715: [CMS-concurrent-mark-start]
198.717: [CMS-concurrent-mark: 0.002/0.002 secs] [Times: user=0.01 sys=0.00, real=0.01 secs] 
198.717: [CMS-concurrent-preclean-start]
198.717: [CMS-concurrent-preclean: 0.000/0.000 secs] [Times: user=0.00 sys=0.00, real=0.00 secs] 
198.717: [CMS-concurrent-abortable-preclean-start]
199.725: [GC (Allocation Failure) 199.726: [ParNew: 73286K->0K(92160K), 0.0008413 secs] 136467K->63180K(194560K), 0.0009531 secs] [Times: user=0.00 sys=0.00, real=0.00 secs] 
199.733: [GC (Allocation Failure) 199.734: [ParNew: 73282K->0K(92160K), 0.0040471 secs] 136463K->93900K(194560K), 0.0041320 secs] [Times: user=0.03 sys=0.00, real=0.01 secs] 
199.738: [CMS-concurrent-abortable-preclean: 0.003/1.020 secs] [Times: user=0.05 sys=0.00, real=1.02 secs] 
199.739: [GC (CMS Final Remark) [YG occupancy: 10240 K (92160 K)]199.739: [Rescan (parallel) , 0.0002450 secs]199.739: [weak refs processing, 0.0001047 secs]199.739: [class unloading, 0.0015895 secs]199.741: [scrub symbol table, 0.0005661 secs]199.741: [scrub string table, 0.0002581 secs][1 CMS-remark: 93900K(102400K)] 104140K(194560K), 0.0028794 secs] [Times: user=0.00 sys=0.00, real=0.00 secs] 
199.742: [CMS-concurrent-sweep-start]
199.742: [CMS-concurrent-sweep: 0.001/0.001 secs] [Times: user=0.00 sys=0.00, real=0.00 secs] 
199.742: [CMS-concurrent-reset-start]
199.742: [CMS-concurrent-reset: 0.000/0.000 secs] [Times: user=0.00 sys=0.00, real=0.00 secs] 
200.752: [GC (Allocation Failure) 200.752: [ParNew: 73286K->0K(92160K), 0.0031123 secs] 115987K->63180K(194560K), 0.0032028 secs] [Times: user=0.03 sys=0.00, real=0.01 secs] 
200.756: [GC (CMS Initial Mark) [1 CMS-initial-mark: 63180K(102400K)] 73420K(194560K), 0.0001841 secs] [Times: user=0.00 sys=0.00, real=0.00 secs] 
200.756: [CMS-concurrent-mark-start]
200.758: [CMS-concurrent-mark: 0.002/0.002 secs] [Times: user=0.00 sys=0.00, real=0.00 secs] 
200.758: [CMS-concurrent-preclean-start]
200.759: [CMS-concurrent-preclean: 0.000/0.000 secs] [Times: user=0.00 sys=0.00, real=0.00 secs] 
200.759: [CMS-concurrent-abortable-preclean-start]
201.765: [GC (Allocation Failure) 201.765: [ParNew: 73286K->0K(92160K), 0.0015528 secs] 136467K->73420K(194560K), 0.0016427 secs] [Times: user=0.01 sys=0.00, real=0.01 secs] 
202.777: [GC (Allocation Failure) 202.777: [ParNew: 73286K->0K(92160K), 0.0007474 secs] 146707K->73420K(194560K), 0.0008465 secs] [Times: user=0.01 sys=0.00, real=0.00 secs] 
202.987: [CMS-concurrent-abortable-preclean: 0.006/2.228 secs] [Times: user=0.05 sys=0.01, real=2.23 secs] 
202.987: [GC (CMS Final Remark) [YG occupancy: 42564 K (92160 K)]202.987: [Rescan (parallel) , 0.0002588 secs]202.987: [weak refs processing, 0.0001306 secs]202.987: [class unloading, 0.0014338 secs]202.989: [scrub symbol table, 0.0005504 secs]202.989: [scrub string table, 0.0002452 secs][1 CMS-remark: 73420K(102400K)] 115985K(194560K), 0.0027441 secs] [Times: user=0.01 sys=0.00, real=0.00 secs] 
202.989: [CMS-concurrent-sweep-start]
202.990: [CMS-concurrent-sweep: 0.001/0.001 secs] [Times: user=0.00 sys=0.00, real=0.00 secs] 
202.990: [CMS-concurrent-reset-start]
202.990: [CMS-concurrent-reset: 0.000/0.000 secs] [Times: user=0.00 sys=0.00, real=0.00 secs] 
203.786: [GC (Allocation Failure) 203.786: [ParNew: 73286K->0K(92160K), 0.0021684 secs] 105747K->42700K(194560K), 0.0022566 secs] [Times: user=0.02 sys=0.00, real=0.00 secs] 
204.799: [GC (Allocation Failure) 204.799: [ParNew: 73286K->0K(92160K), 0.0019620 secs] 115987K->52940K(194560K), 0.0020690 secs] [Times: user=0.01 sys=0.00, real=0.00 secs] 
205.811: [GC (Allocation Failure) 205.811: [ParNew: 73286K->0K(92160K), 0.0015845 secs] 126227K->63180K(194560K), 0.0016789 secs] [Times: user=0.01 sys=0.00, real=0.00 secs] 
205.814: [GC (CMS Initial Mark) [1 CMS-initial-mark: 63180K(102400K)] 73420K(194560K), 0.0001913 secs] [Times: user=0.00 sys=0.00, real=0.00 secs] 
205.814: [CMS-concurrent-mark-start]
205.816: [CMS-concurrent-mark: 0.002/0.002 secs] [Times: user=0.01 sys=0.00, real=0.01 secs] 
205.816: [CMS-concurrent-preclean-start]
205.816: [CMS-concurrent-preclean: 0.000/0.000 secs] [Times: user=0.00 sys=0.00, real=0.00 secs] 
205.816: [CMS-concurrent-abortable-preclean-start]
206.822: [GC (Allocation Failure) 206.822: [ParNew: 73286K->0K(92160K), 0.0004830 secs] 136467K->63180K(194560K), 0.0005460 secs] [Times: user=0.00 sys=0.00, real=0.00 secs] 
206.828: [GC (Allocation Failure) 206.828: [ParNew: 73282K->0K(92160K), 0.0038769 secs] 136463K->93900K(194560K), 0.0039573 secs] [Times: user=0.03 sys=0.00, real=0.00 secs] 
206.832: [CMS-concurrent-abortable-preclean: 0.003/1.016 secs] [Times: user=0.05 sys=0.00, real=1.01 secs] 
206.833: [GC (CMS Final Remark) [YG occupancy: 10240 K (92160 K)]206.833: [Rescan (parallel) , 0.0002639 secs]206.833: [weak refs processing, 0.0001021 secs]206.833: [class unloading, 0.0014837 secs]206.835: [scrub symbol table, 0.0006223 secs]206.836: [scrub string table, 0.0002587 secs][1 CMS-remark: 93900K(102400K)] 104140K(194560K), 0.0028403 secs] [Times: user=0.01 sys=0.00, real=0.01 secs] 
206.836: [CMS-concurrent-sweep-start]
206.837: [CMS-concurrent-sweep: 0.001/0.001 secs] [Times: user=0.00 sys=0.00, real=0.00 secs] 
206.837: [CMS-concurrent-reset-start]
206.837: [CMS-concurrent-reset: 0.000/0.000 secs] [Times: user=0.00 sys=0.00, real=0.00 secs] 
207.844: [GC (Allocation Failure) 207.845: [ParNew: 73286K->0K(92160K), 0.0027374 secs] 115987K->63180K(194560K), 0.0033099 secs] [Times: user=0.02 sys=0.00, real=0.01 secs] 
207.848: [GC (CMS Initial Mark) [1 CMS-initial-mark: 63180K(102400K)] 73420K(194560K), 0.0002635 secs] [Times: user=0.00 sys=0.00, real=0.00 secs] 
207.849: [CMS-concurrent-mark-start]
207.851: [CMS-concurrent-mark: 0.002/0.002 secs] [Times: user=0.01 sys=0.00, real=0.00 secs] 
207.851: [CMS-concurrent-preclean-start]
207.851: [CMS-concurrent-preclean: 0.000/0.000 secs] [Times: user=0.00 sys=0.00, real=0.00 secs] 
207.851: [CMS-concurrent-abortable-preclean-start]
208.857: [GC (Allocation Failure) 208.857: [ParNew: 73286K->0K(92160K), 0.0024977 secs] 136467K->73420K(194560K), 0.0025990 secs] [Times: user=0.02 sys=0.00, real=0.00 secs] 
209.871: [GC (Allocation Failure) 209.871: [ParNew: 73286K->0K(92160K), 0.0004852 secs] 146707K->73420K(194560K), 0.0005575 secs] [Times: user=0.00 sys=0.00, real=0.00 secs] 
210.080: [CMS-concurrent-abortable-preclean: 0.006/2.229 secs] [Times: user=0.05 sys=0.01, real=2.23 secs] 
210.080: [GC (CMS Final Remark) [YG occupancy: 42564 K (92160 K)]210.080: [Rescan (parallel) , 0.0002367 secs]210.081: [weak refs processing, 0.0001014 secs]210.081: [class unloading, 0.0016589 secs]210.082: [scrub symbol table, 0.0007270 secs]210.083: [scrub string table, 0.0002613 secs][1 CMS-remark: 73420K(102400K)] 115985K(194560K), 0.0031277 secs] [Times: user=0.01 sys=0.00, real=0.00 secs] 
210.084: [CMS-concurrent-sweep-start]
210.084: [CMS-concurrent-sweep: 0.001/0.001 secs] [Times: user=0.00 sys=0.00, real=0.00 secs] 
210.084: [CMS-concurrent-reset-start]
210.084: [CMS-concurrent-reset: 0.000/0.000 secs] [Times: user=0.00 sys=0.00, real=0.00 secs] 
210.883: [GC (Allocation Failure) 210.883: [ParNew: 73286K->0K(92160K), 0.0015555 secs] 105747K->42700K(194560K), 0.0016418 secs] [Times: user=0.02 sys=0.00, real=0.00 secs] 
211.895: [GC (Allocation Failure) 211.895: [ParNew: 73286K->0K(92160K), 0.0013923 secs] 115987K->52940K(194560K), 0.0014777 secs] [Times: user=0.01 sys=0.00, real=0.00 secs] 
212.905: [GC (Allocation Failure) 212.905: [ParNew: 73286K->0K(92160K), 0.0015309 secs] 126227K->63180K(194560K), 0.0016075 secs] [Times: user=0.01 sys=0.00, real=0.00 secs] 
212.908: [GC (CMS Initial Mark) [1 CMS-initial-mark: 63180K(102400K)] 73420K(194560K), 0.0002309 secs] [Times: user=0.00 sys=0.00, real=0.00 secs] 
212.908: [CMS-concurrent-mark-start]
212.910: [CMS-concurrent-mark: 0.002/0.002 secs] [Times: user=0.01 sys=0.00, real=0.00 secs] 
212.910: [CMS-concurrent-preclean-start]
212.911: [CMS-concurrent-preclean: 0.000/0.000 secs] [Times: user=0.00 sys=0.00, real=0.00 secs] 
212.911: [CMS-concurrent-abortable-preclean-start]
213.918: [GC (Allocation Failure) 213.918: [ParNew: 73286K->0K(92160K), 0.0006657 secs] 136467K->63180K(194560K), 0.0007291 secs] [Times: user=0.01 sys=0.00, real=0.00 secs] 
213.925: [GC (Allocation Failure) 213.925: [ParNew: 73282K->0K(92160K), 0.0044609 secs] 136463K->93900K(194560K), 0.0045761 secs] [Times: user=0.04 sys=0.00, real=0.00 secs] 
213.930: [CMS-concurrent-abortable-preclean: 0.003/1.019 secs] [Times: user=0.06 sys=0.00, real=1.02 secs] 
213.931: [GC (CMS Final Remark) [YG occupancy: 10240 K (92160 K)]213.931: [Rescan (parallel) , 0.0002091 secs]213.931: [weak refs processing, 0.0001119 secs]213.931: [class unloading, 0.0015917 secs]213.933: [scrub symbol table, 0.0007180 secs]213.934: [scrub string table, 0.0002400 secs][1 CMS-remark: 93900K(102400K)] 104140K(194560K), 0.0030015 secs] [Times: user=0.01 sys=0.00, real=0.00 secs] 
213.934: [CMS-concurrent-sweep-start]
213.935: [CMS-concurrent-sweep: 0.001/0.001 secs] [Times: user=0.00 sys=0.00, real=0.01 secs] 
213.935: [CMS-concurrent-reset-start]
213.935: [CMS-concurrent-reset: 0.000/0.000 secs] [Times: user=0.00 sys=0.00, real=0.00 secs] 
214.942: [GC (Allocation Failure) 214.942: [ParNew: 73286K->0K(92160K), 0.0026095 secs] 115987K->63180K(194560K), 0.0026960 secs] [Times: user=0.02 sys=0.00, real=0.01 secs] 
214.946: [GC (CMS Initial Mark) [1 CMS-initial-mark: 63180K(102400K)] 73420K(194560K), 0.0002411 secs] [Times: user=0.00 sys=0.00, real=0.00 secs] 
214.946: [CMS-concurrent-mark-start]
214.948: [CMS-concurrent-mark: 0.002/0.002 secs] [Times: user=0.01 sys=0.00, real=0.00 secs] 
214.948: [CMS-concurrent-preclean-start]
214.949: [CMS-concurrent-preclean: 0.000/0.000 secs] [Times: user=0.00 sys=0.00, real=0.00 secs] 
214.949: [CMS-concurrent-abortable-preclean-start]
215.957: [GC (Allocation Failure) 215.957: [ParNew: 73286K->0K(92160K), 0.0022523 secs] 136467K->73420K(194560K), 0.0023422 secs] [Times: user=0.02 sys=0.00, real=0.00 secs] 
216.972: [GC (Allocation Failure) 216.972: [ParNew: 73286K->0K(92160K), 0.0005130 secs] 146707K->73420K(194560K), 0.0005954 secs] [Times: user=0.01 sys=0.00, real=0.00 secs] 
217.181: [CMS-concurrent-abortable-preclean: 0.006/2.232 secs] [Times: user=0.05 sys=0.00, real=2.23 secs] 
217.181: [GC (CMS Final Remark) [YG occupancy: 42564 K (92160 K)]217.181: [Rescan (parallel) , 0.0002860 secs]217.181: [weak refs processing, 0.0001055 secs]217.181: [class unloading, 0.0019610 secs]217.183: [scrub symbol table, 0.0006508 secs]217.184: [scrub string table, 0.0002365 secs][1 CMS-remark: 73420K(102400K)] 115985K(194560K), 0.0033742 secs] [Times: user=0.01 sys=0.00, real=0.00 secs] 
217.184: [CMS-concurrent-sweep-start]
217.185: [CMS-concurrent-sweep: 0.001/0.001 secs] [Times: user=0.00 sys=0.00, real=0.01 secs] 
217.185: [CMS-concurrent-reset-start]
217.185: [CMS-concurrent-reset: 0.000/0.000 secs] [Times: user=0.00 sys=0.00, real=0.00 secs] 
217.979: [GC (Allocation Failure) 217.979: [ParNew: 73286K->0K(92160K), 0.0020209 secs] 105747K->42700K(194560K), 0.0021367 secs] [Times: user=0.02 sys=0.00, real=0.00 secs] 
218.992: [GC (Allocation Failure) 218.992: [ParNew: 73286K->0K(92160K), 0.0017005 secs] 115987K->52940K(194560K), 0.0017745 secs] [Times: user=0.01 sys=0.00, real=0.00 secs] 
220.002: [GC (Allocation Failure) 220.002: [ParNew: 73286K->0K(92160K), 0.0013669 secs] 126227K->63180K(194560K), 0.0014416 secs] [Times: user=0.01 sys=0.01, real=0.00 secs] 
220.005: [GC (CMS Initial Mark) [1 CMS-initial-mark: 63180K(102400K)] 73420K(194560K), 0.0002229 secs] [Times: user=0.00 sys=0.00, real=0.00 secs] 
220.005: [CMS-concurrent-mark-start]
220.007: [CMS-concurrent-mark: 0.002/0.002 secs] [Times: user=0.01 sys=0.00, real=0.00 secs] 
220.007: [CMS-concurrent-preclean-start]
220.007: [CMS-concurrent-preclean: 0.000/0.000 secs] [Times: user=0.00 sys=0.00, real=0.00 secs] 
220.007: [CMS-concurrent-abortable-preclean-start]
221.014: [GC (Allocation Failure) 221.014: [ParNew: 73286K->0K(92160K), 0.0008059 secs] 136467K->63180K(194560K), 0.0009046 secs] [Times: user=0.00 sys=0.00, real=0.01 secs] 
221.023: [GC (Allocation Failure) 221.023: [ParNew: 73282K->0K(92160K), 0.0048692 secs] 136463K->93900K(194560K), 0.0049841 secs] [Times: user=0.04 sys=0.00, real=0.01 secs] 
221.028: [CMS-concurrent-abortable-preclean: 0.003/1.021 secs] [Times: user=0.06 sys=0.00, real=1.02 secs] 
221.029: [GC (CMS Final Remark) [YG occupancy: 10240 K (92160 K)]221.030: [Rescan (parallel) , 0.0006411 secs]221.030: [weak refs processing, 0.0001310 secs]221.030: [class unloading, 0.0019287 secs]221.032: [scrub symbol table, 0.0010462 secs]221.033: [scrub string table, 0.0002975 secs][1 CMS-remark: 93900K(102400K)] 104140K(194560K), 0.0042673 secs] [Times: user=0.01 sys=0.00, real=0.00 secs] 
221.034: [CMS-concurrent-sweep-start]
221.035: [CMS-concurrent-sweep: 0.001/0.001 secs] [Times: user=0.00 sys=0.00, real=0.01 secs] 
221.035: [CMS-concurrent-reset-start]
221.035: [CMS-concurrent-reset: 0.000/0.000 secs] [Times: user=0.00 sys=0.00, real=0.00 secs] 
222.042: [GC (Allocation Failure) 222.043: [ParNew: 73286K->0K(92160K), 0.0038876 secs] 115987K->63180K(194560K), 0.0040058 secs] [Times: user=0.03 sys=0.00, real=0.01 secs] 
222.048: [GC (CMS Initial Mark) [1 CMS-initial-mark: 63180K(102400K)] 73420K(194560K), 0.0002123 secs] [Times: user=0.00 sys=0.01, real=0.00 secs] 
222.048: [CMS-concurrent-mark-start]
222.050: [CMS-concurrent-mark: 0.002/0.002 secs] [Times: user=0.01 sys=0.00, real=0.00 secs] 
222.050: [CMS-concurrent-preclean-start]
222.050: [CMS-concurrent-preclean: 0.000/0.000 secs] [Times: user=0.00 sys=0.00, real=0.00 secs] 
222.050: [CMS-concurrent-abortable-preclean-start]
223.057: [GC (Allocation Failure) 223.057: [ParNew: 73286K->0K(92160K), 0.0016401 secs] 136467K->73420K(194560K), 0.0017240 secs] [Times: user=0.01 sys=0.00, real=0.00 secs] 
224.070: [GC (Allocation Failure) 224.071: [ParNew: 73286K->0K(92160K), 0.0006232 secs] 146707K->73420K(194560K), 0.0007010 secs] [Times: user=0.00 sys=0.00, real=0.00 secs] 
224.277: [CMS-concurrent-abortable-preclean: 0.006/2.226 secs] [Times: user=0.04 sys=0.00, real=2.23 secs] 
224.277: [GC (CMS Final Remark) [YG occupancy: 42564 K (92160 K)]224.277: [Rescan (parallel) , 0.0006049 secs]224.278: [weak refs processing, 0.0001341 secs]224.278: [class unloading, 0.0020201 secs]224.280: [scrub symbol table, 0.0008352 secs]224.281: [scrub string table, 0.0002361 secs][1 CMS-remark: 73420K(102400K)] 115985K(194560K), 0.0040185 secs] [Times: user=0.01 sys=0.00, real=0.00 secs] 
224.281: [CMS-concurrent-sweep-start]
224.282: [CMS-concurrent-sweep: 0.001/0.001 secs] [Times: user=0.00 sys=0.00, real=0.00 secs] 
224.282: [CMS-concurrent-reset-start]
224.282: [CMS-concurrent-reset: 0.000/0.000 secs] [Times: user=0.00 sys=0.00, real=0.00 secs] 
225.079: [GC (Allocation Failure) 225.079: [ParNew: 73286K->0K(92160K), 0.0016167 secs] 105747K->42700K(194560K), 0.0017516 secs] [Times: user=0.01 sys=0.00, real=0.00 secs] 
226.088: [GC (Allocation Failure) 226.088: [ParNew: 73286K->0K(92160K), 0.0018804 secs] 115987K->52940K(194560K), 0.0019562 secs] [Times: user=0.02 sys=0.00, real=0.00 secs] 
227.099: [GC (Allocation Failure) 227.099: [ParNew: 73286K->0K(92160K), 0.0017692 secs] 126227K->63180K(194560K), 0.0018994 secs] [Times: user=0.01 sys=0.00, real=0.00 secs] 
227.102: [GC (CMS Initial Mark) [1 CMS-initial-mark: 63180K(102400K)] 73420K(194560K), 0.0003247 secs] [Times: user=0.00 sys=0.00, real=0.00 secs] 
227.103: [CMS-concurrent-mark-start]
227.105: [CMS-concurrent-mark: 0.002/0.002 secs] [Times: user=0.01 sys=0.00, real=0.00 secs] 
227.105: [CMS-concurrent-preclean-start]
227.106: [CMS-concurrent-preclean: 0.000/0.000 secs] [Times: user=0.00 sys=0.00, real=0.00 secs] 
227.106: [CMS-concurrent-abortable-preclean-start]
228.112: [GC (Allocation Failure) 228.112: [ParNew: 73286K->0K(92160K), 0.0012989 secs] 136467K->63180K(194560K), 0.0013823 secs] [Times: user=0.01 sys=0.00, real=0.00 secs] 
228.121: [GC (Allocation Failure) 228.122: [ParNew: 73282K->0K(92160K), 0.0048639 secs] 136463K->93900K(194560K), 0.0049610 secs] [Times: user=0.03 sys=0.00, real=0.01 secs] 
228.127: [CMS-concurrent-abortable-preclean: 0.003/1.021 secs] [Times: user=0.06 sys=0.01, real=1.03 secs] 
228.128: [GC (CMS Final Remark) [YG occupancy: 10240 K (92160 K)]228.128: [Rescan (parallel) , 0.0002644 secs]228.128: [weak refs processing, 0.0000988 secs]228.128: [class unloading, 0.0017062 secs]228.130: [scrub symbol table, 0.0009991 secs]228.131: [scrub string table, 0.0002667 secs][1 CMS-remark: 93900K(102400K)] 104140K(194560K), 0.0035248 secs] [Times: user=0.01 sys=0.00, real=0.00 secs] 
228.131: [CMS-concurrent-sweep-start]
228.132: [CMS-concurrent-sweep: 0.001/0.001 secs] [Times: user=0.00 sys=0.00, real=0.00 secs] 
228.132: [CMS-concurrent-reset-start]
228.132: [CMS-concurrent-reset: 0.000/0.000 secs] [Times: user=0.00 sys=0.00, real=0.00 secs] 
229.140: [GC (Allocation Failure) 229.140: [ParNew: 73286K->0K(92160K), 0.0031930 secs] 115987K->63180K(194560K), 0.0032981 secs] [Times: user=0.02 sys=0.00, real=0.00 secs] 
229.145: [GC (CMS Initial Mark) [1 CMS-initial-mark: 63180K(102400K)] 73420K(194560K), 0.0003433 secs] [Times: user=0.00 sys=0.00, real=0.00 secs] 
229.145: [CMS-concurrent-mark-start]
229.148: [CMS-concurrent-mark: 0.002/0.002 secs] [Times: user=0.00 sys=0.00, real=0.01 secs] 
229.148: [CMS-concurrent-preclean-start]
229.148: [CMS-concurrent-preclean: 0.000/0.000 secs] [Times: user=0.00 sys=0.00, real=0.00 secs] 
229.148: [CMS-concurrent-abortable-preclean-start]
230.156: [GC (Allocation Failure) 230.156: [ParNew: 73286K->0K(92160K), 0.0016443 secs] 136467K->73420K(194560K), 0.0017286 secs] [Times: user=0.01 sys=0.00, real=0.01 secs] 
231.169: [GC (Allocation Failure) 231.169: [ParNew: 73286K->0K(92160K), 0.0004689 secs] 146707K->73420K(194560K), 0.0005460 secs] [Times: user=0.00 sys=0.00, real=0.00 secs] 
231.374: [CMS-concurrent-abortable-preclean: 0.006/2.226 secs] [Times: user=0.05 sys=0.01, real=2.22 secs] 
231.374: [GC (CMS Final Remark) [YG occupancy: 42562 K (92160 K)]231.374: [Rescan (parallel) , 0.0002319 secs]231.374: [weak refs processing, 0.0000973 secs]231.375: [class unloading, 0.0014832 secs]231.376: [scrub symbol table, 0.0005968 secs]231.377: [scrub string table, 0.0002307 secs][1 CMS-remark: 73420K(102400K)] 115983K(194560K), 0.0027882 secs] [Times: user=0.00 sys=0.00, real=0.00 secs] 
231.377: [CMS-concurrent-sweep-start]
231.378: [CMS-concurrent-sweep: 0.001/0.001 secs] [Times: user=0.00 sys=0.00, real=0.01 secs] 
231.378: [CMS-concurrent-reset-start]
231.378: [CMS-concurrent-reset: 0.000/0.000 secs] [Times: user=0.00 sys=0.00, real=0.00 secs] 
232.179: [GC (Allocation Failure) 232.179: [ParNew: 73286K->0K(92160K), 0.0022625 secs] 105747K->42700K(194560K), 0.0023689 secs] [Times: user=0.02 sys=0.00, real=0.00 secs] 
233.190: [GC (Allocation Failure) 233.191: [ParNew: 73286K->0K(92160K), 0.0015935 secs] 115987K->52940K(194560K), 0.0016850 secs] [Times: user=0.01 sys=0.00, real=0.00 secs] 
234.203: [GC (Allocation Failure) 234.203: [ParNew: 73286K->0K(92160K), 0.0016979 secs] 126227K->63180K(194560K), 0.0017833 secs] [Times: user=0.01 sys=0.00, real=0.00 secs] 
234.205: [GC (CMS Initial Mark) [1 CMS-initial-mark: 63180K(102400K)] 73420K(194560K), 0.0002047 secs] [Times: user=0.00 sys=0.00, real=0.00 secs] 
234.205: [CMS-concurrent-mark-start]
234.207: [CMS-concurrent-mark: 0.002/0.002 secs] [Times: user=0.01 sys=0.00, real=0.00 secs] 
234.207: [CMS-concurrent-preclean-start]
234.208: [CMS-concurrent-preclean: 0.000/0.000 secs] [Times: user=0.00 sys=0.00, real=0.00 secs] 
234.208: [CMS-concurrent-abortable-preclean-start]
235.212: [GC (Allocation Failure) 235.213: [ParNew: 73286K->0K(92160K), 0.0015577 secs] 136467K->63180K(194560K), 0.0020850 secs] [Times: user=0.01 sys=0.00, real=0.00 secs] 
235.224: [GC (Allocation Failure) 235.224: [ParNew: 73282K->0K(92160K), 0.0057043 secs] 136463K->93900K(194560K), 0.0058066 secs] [Times: user=0.05 sys=0.00, real=0.01 secs] 
235.230: [CMS-concurrent-abortable-preclean: 0.003/1.022 secs] [Times: user=0.08 sys=0.01, real=1.03 secs] 
235.231: [GC (CMS Final Remark) [YG occupancy: 10240 K (92160 K)]235.231: [Rescan (parallel) , 0.0004925 secs]235.232: [weak refs processing, 0.0001592 secs]235.232: [class unloading, 0.0029772 secs]235.235: [scrub symbol table, 0.0014116 secs]235.236: [scrub string table, 0.0002967 secs][1 CMS-remark: 93900K(102400K)] 104140K(194560K), 0.0055550 secs] [Times: user=0.00 sys=0.00, real=0.00 secs] 
235.237: [CMS-concurrent-sweep-start]
235.238: [CMS-concurrent-sweep: 0.001/0.001 secs] [Times: user=0.00 sys=0.00, real=0.01 secs] 
235.238: [CMS-concurrent-reset-start]
235.239: [CMS-concurrent-reset: 0.000/0.000 secs] [Times: user=0.00 sys=0.00, real=0.00 secs] 
236.245: [GC (Allocation Failure) 236.245: [ParNew: 73286K->0K(92160K), 0.0028737 secs] 115987K->63180K(194560K), 0.0029835 secs] [Times: user=0.02 sys=0.00, real=0.01 secs] 
236.249: [GC (CMS Initial Mark) [1 CMS-initial-mark: 63180K(102400K)] 73420K(194560K), 0.0001863 secs] [Times: user=0.00 sys=0.00, real=0.00 secs] 
236.249: [CMS-concurrent-mark-start]
236.251: [CMS-concurrent-mark: 0.002/0.002 secs] [Times: user=0.01 sys=0.00, real=0.00 secs] 
236.251: [CMS-concurrent-preclean-start]
236.252: [CMS-concurrent-preclean: 0.000/0.000 secs] [Times: user=0.00 sys=0.00, real=0.00 secs] 
236.252: [CMS-concurrent-abortable-preclean-start]
237.260: [GC (Allocation Failure) 237.260: [ParNew: 73286K->0K(92160K), 0.0016083 secs] 136467K->73420K(194560K), 0.0016950 secs] [Times: user=0.01 sys=0.00, real=0.00 secs] 
238.272: [GC (Allocation Failure) 238.272: [ParNew: 73286K->0K(92160K), 0.0004579 secs] 146707K->73420K(194560K), 0.0005214 secs] [Times: user=0.00 sys=0.00, real=0.00 secs] 
238.477: [CMS-concurrent-abortable-preclean: 0.006/2.225 secs] [Times: user=0.05 sys=0.01, real=2.22 secs] 
238.477: [GC (CMS Final Remark) [YG occupancy: 42564 K (92160 K)]238.477: [Rescan (parallel) , 0.0002577 secs]238.477: [weak refs processing, 0.0000981 secs]238.477: [class unloading, 0.0014526 secs]238.479: [scrub symbol table, 0.0005434 secs]238.479: [scrub string table, 0.0002564 secs][1 CMS-remark: 73420K(102400K)] 115985K(194560K), 0.0027320 secs] [Times: user=0.00 sys=0.00, real=0.01 secs] 
238.480: [CMS-concurrent-sweep-start]
238.480: [CMS-concurrent-sweep: 0.001/0.001 secs] [Times: user=0.00 sys=0.00, real=0.00 secs] 
238.481: [CMS-concurrent-reset-start]
238.481: [CMS-concurrent-reset: 0.000/0.000 secs] [Times: user=0.00 sys=0.00, real=0.00 secs] 
239.283: [GC (Allocation Failure) 239.283: [ParNew: 73286K->0K(92160K), 0.0026900 secs] 105747K->42700K(194560K), 0.0027923 secs] [Times: user=0.02 sys=0.00, real=0.00 secs] 
240.298: [GC (Allocation Failure) 240.298: [ParNew: 73286K->0K(92160K), 0.0013809 secs] 115987K->52940K(194560K), 0.0014673 secs] [Times: user=0.01 sys=0.00, real=0.01 secs] 
241.310: [GC (Allocation Failure) 241.310: [ParNew: 73286K->0K(92160K), 0.0021923 secs] 126227K->63180K(194560K), 0.0022822 secs] [Times: user=0.02 sys=0.00, real=0.00 secs] 
241.314: [GC (CMS Initial Mark) [1 CMS-initial-mark: 63180K(102400K)] 73420K(194560K), 0.0002411 secs] [Times: user=0.00 sys=0.00, real=0.00 secs] 
241.314: [CMS-concurrent-mark-start]
241.317: [CMS-concurrent-mark: 0.002/0.002 secs] [Times: user=0.01 sys=0.00, real=0.00 secs] 
241.317: [CMS-concurrent-preclean-start]
241.317: [CMS-concurrent-preclean: 0.000/0.000 secs] [Times: user=0.00 sys=0.00, real=0.00 secs] 
241.317: [CMS-concurrent-abortable-preclean-start]
242.326: [GC (Allocation Failure) 242.326: [ParNew: 73286K->0K(92160K), 0.0004639 secs] 136467K->63180K(194560K), 0.0005373 secs] [Times: user=0.00 sys=0.00, real=0.00 secs] 
242.332: [GC (Allocation Failure) 242.332: [ParNew: 73282K->0K(92160K), 0.0041780 secs] 136463K->93900K(194560K), 0.0042559 secs] [Times: user=0.04 sys=0.01, real=0.00 secs] 
242.336: [CMS-concurrent-abortable-preclean: 0.003/1.019 secs] [Times: user=0.06 sys=0.01, real=1.02 secs] 
242.337: [GC (CMS Final Remark) [YG occupancy: 10240 K (92160 K)]242.337: [Rescan (parallel) , 0.0010867 secs]242.338: [weak refs processing, 0.0001002 secs]242.338: [class unloading, 0.0018258 secs]242.340: [scrub symbol table, 0.0007005 secs]242.341: [scrub string table, 0.0002695 secs][1 CMS-remark: 93900K(102400K)] 104140K(194560K), 0.0041625 secs] [Times: user=0.01 sys=0.00, real=0.01 secs] 
242.342: [CMS-concurrent-sweep-start]
242.342: [CMS-concurrent-sweep: 0.001/0.001 secs] [Times: user=0.00 sys=0.00, real=0.00 secs] 
242.342: [CMS-concurrent-reset-start]
242.342: [CMS-concurrent-reset: 0.000/0.000 secs] [Times: user=0.00 sys=0.00, real=0.00 secs] 
Heap
 par new generation   total 92160K, used 12702K [0x00000007b3800000, 0x00000007b9c00000, 0x00000007b9c00000)
  eden space 81920K,  15% used [0x00000007b3800000, 0x00000007b4467858, 0x00000007b8800000)
  from space 10240K,   0% used [0x00000007b8800000, 0x00000007b8800000, 0x00000007b9200000)
  to   space 10240K,   0% used [0x00000007b9200000, 0x00000007b9200000, 0x00000007b9c00000)
 concurrent mark-sweep generation total 102400K, used 42700K [0x00000007b9c00000, 0x00000007c0000000, 0x00000007c0000000)
 Metaspace       used 7577K, capacity 7630K, committed 7808K, reserved 1056768K
  class space    used 870K, capacity 876K, committed 896K, reserved 1048576K
243.352: [GC (Allocation Failure) 243.352: [ParNew: 75744K->14K(92160K), 0.0033206 secs] 118445K->63195K(194560K), 0.0034269 secs] [Times: user=0.03 sys=0.00, real=0.00 secs] 
243.357: [GC (CMS Initial Mark) [1 CMS-initial-mark: 63180K(102400K)] 73435K(194560K), 0.0002767 secs] [Times: user=0.00 sys=0.00, real=0.00 secs] 
243.357: [CMS-concurrent-mark-start]
243.359: [CMS-concurrent-mark: 0.002/0.002 secs] [Times: user=0.01 sys=0.00, real=0.01 secs] 
243.359: [CMS-concurrent-preclean-start]
243.360: [CMS-concurrent-preclean: 0.000/0.000 secs] [Times: user=0.00 sys=0.00, real=0.00 secs] 
243.360: [CMS-concurrent-abortable-preclean-start]
